
> frontend@0.0.0 test C:\Users\Cheney\Documents\Github\LearningSong\frontend
> jest "--no-coverage"

FAIL tests/LyricsEditor.test.tsx
  ??LyricsEditor Component ??Accessibility ??has proper label association

    TestingLibraryElementError: Unable to find an element with the text: Edit Lyrics. This could be because the text is broken up by multiple elements. In this case, you can provide a function for your text matcher to make your matcher more flexible.

    Ignored nodes: comments, script, style
    <body>
      <div>
        <div
          class="rounded-xl border bg-card text-card-foreground shadow flex-1 flex flex-col min-h-0"
        >
          <div
            class="p-4 flex-1 flex flex-col min-h-0 gap-2"
          >
            <textarea
              aria-describedby="char-counter lyrics-help lyrics-keyboard-hint"
              aria-invalid="false"
              aria-label="Lyrics editor - edit your song lyrics"
              aria-required="true"
              class="flex w-full rounded-md border border-input bg-transparent px-3 py-2 text-base shadow-sm placeholder:text-muted-foreground focus-visible:outline-none disabled:cursor-not-allowed disabled:opacity-50 md:text-sm flex-1 min-h-[150px] resize-none font-mono focus-visible:ring-2 focus-visible:ring-ring focus-visible:ring-offset-2"
              id="lyrics-editor"
              placeholder="Enter your lyrics here..."
              spellcheck="true"
            />
            <div
              class="flex items-center justify-between shrink-0"
            >
              <p
                aria-live="polite"
                class="text-xs text-muted-foreground"
                id="lyrics-help"
              >
                Edit your lyrics as needed. Undo/redo supported (Ctrl+Z/Ctrl+Y).
              </p>
              <span
                aria-atomic="true"
                aria-live="polite"
                class="text-sm tabular-nums text-muted-foreground"
                id="char-counter"
                role="status"
              >
                <span
                  class="sr-only"
                >
                  0 of 3000 characters used
                </span>
                <span
                  aria-hidden="true"
                >
                  0
                   / 
                  3000
                </span>
              </span>
            </div>
            <p
              class="text-xs text-muted-foreground sr-only"
              id="lyrics-keyboard-hint"
            >
              Use Ctrl+Z to undo and Ctrl+Y or Ctrl+Shift+Z to redo changes.
            </p>
          </div>
        </div>
      </div>
    </body>

      169 |       render(<LyricsEditor />)
      170 |       
    > 171 |       const label = screen.getByText('Edit Lyrics')
          |                            ^
      172 |       expect(label).toHaveAttribute('for', 'lyrics-editor')
      173 |       
      174 |       const textarea = screen.getByRole('textbox')

      at Object.getElementError (node_modules/.pnpm/@testing-library+dom@10.4.1/node_modules/@testing-library/dom/dist/config.js:37:19)
      at node_modules/.pnpm/@testing-library+dom@10.4.1/node_modules/@testing-library/dom/dist/query-helpers.js:76:38
      at node_modules/.pnpm/@testing-library+dom@10.4.1/node_modules/@testing-library/dom/dist/query-helpers.js:52:17
      at node_modules/.pnpm/@testing-library+dom@10.4.1/node_modules/@testing-library/dom/dist/query-helpers.js:95:19
      at Object.<anonymous> (tests/LyricsEditor.test.tsx:171:28)

  ??LyricsEditor Component ??Accessibility ??has role="group" on container with labelledby

    TestingLibraryElementError: Unable to find an accessible element with the role "group"

    Here are the accessible roles:

      textbox:

      Name "Lyrics editor - edit your song lyrics":
      <textarea
        aria-describedby="char-counter lyrics-help lyrics-keyboard-hint"
        aria-invalid="false"
        aria-label="Lyrics editor - edit your song lyrics"
        aria-required="true"
        class="flex w-full rounded-md border border-input bg-transparent px-3 py-2 text-base shadow-sm placeholder:text-muted-foreground focus-visible:outline-none disabled:cursor-not-allowed disabled:opacity-50 md:text-sm flex-1 min-h-[150px] resize-none font-mono focus-visible:ring-2 focus-visible:ring-ring focus-visible:ring-offset-2"
        id="lyrics-editor"
        placeholder="Enter your lyrics here..."
        spellcheck="true"
      />

      --------------------------------------------------
      paragraph:

      Name "":
      <p
        aria-live="polite"
        class="text-xs text-muted-foreground"
        id="lyrics-help"
      />

      Name "":
      <p
        class="text-xs text-muted-foreground sr-only"
        id="lyrics-keyboard-hint"
      />

      --------------------------------------------------
      status:

      Name "":
      <span
        aria-atomic="true"
        aria-live="polite"
        class="text-sm tabular-nums text-muted-foreground"
        id="char-counter"
        role="status"
      />

      --------------------------------------------------

    Ignored nodes: comments, script, style
    <body>
      <div>
        <div
          class="rounded-xl border bg-card text-card-foreground shadow flex-1 flex flex-col min-h-0"
        >
          <div
            class="p-4 flex-1 flex flex-col min-h-0 gap-2"
          >
            <textarea
              aria-describedby="char-counter lyrics-help lyrics-keyboard-hint"
              aria-invalid="false"
              aria-label="Lyrics editor - edit your song lyrics"
              aria-required="true"
              class="flex w-full rounded-md border border-input bg-transparent px-3 py-2 text-base shadow-sm placeholder:text-muted-foreground focus-visible:outline-none disabled:cursor-not-allowed disabled:opacity-50 md:text-sm flex-1 min-h-[150px] resize-none font-mono focus-visible:ring-2 focus-visible:ring-ring focus-visible:ring-offset-2"
              id="lyrics-editor"
              placeholder="Enter your lyrics here..."
              spellcheck="true"
            />
            <div
              class="flex items-center justify-between shrink-0"
            >
              <p
                aria-live="polite"
                class="text-xs text-muted-foreground"
                id="lyrics-help"
              >
                Edit your lyrics as needed. Undo/redo supported (Ctrl+Z/Ctrl+Y).
              </p>
              <span
                aria-atomic="true"
                aria-live="polite"
                class="text-sm tabular-nums text-muted-foreground"
                id="char-counter"
                role="status"
              >
                <span
                  class="sr-only"
                >
                  0 of 3000 characters used
                </span>
                <span
                  aria-hidden="true"
                >
                  0
                   / 
                  3000
                </span>
              </span>
            </div>
            <p
              class="text-xs text-muted-foreground sr-only"
              id="lyrics-keyboard-hint"
            >
              Use Ctrl+Z to undo and Ctrl+Y or Ctrl+Shift+Z to redo changes.
            </p>
          </div>
        </div>
      </div>
    </body>

      208 |       render(<LyricsEditor />)
      209 |       
    > 210 |       const group = screen.getByRole('group')
          |                            ^
      211 |       expect(group).toHaveAttribute('aria-labelledby', 'lyrics-editor-label')
      212 |     })
      213 |   })

      at Object.getElementError (node_modules/.pnpm/@testing-library+dom@10.4.1/node_modules/@testing-library/dom/dist/config.js:37:19)
      at node_modules/.pnpm/@testing-library+dom@10.4.1/node_modules/@testing-library/dom/dist/query-helpers.js:76:38
      at node_modules/.pnpm/@testing-library+dom@10.4.1/node_modules/@testing-library/dom/dist/query-helpers.js:52:17
      at node_modules/.pnpm/@testing-library+dom@10.4.1/node_modules/@testing-library/dom/dist/query-helpers.js:95:19
      at Object.<anonymous> (tests/LyricsEditor.test.tsx:210:28)

FAIL tests/TextInputPage.integration.test.tsx (11.731 s)
  ??Console

    console.error
      Failed to generate lyrics: Error: Network Error
          at C:\Users\Cheney\Documents\Github\LearningSong\frontend\tests\TextInputPage.integration.test.tsx:270:85
          at Generator.next (<anonymous>)
          at C:\Users\Cheney\Documents\Github\LearningSong\frontend\tests\TextInputPage.integration.test.tsx:41:71
          at new Promise (<anonymous>)
          at __awaiter (C:\Users\Cheney\Documents\Github\LearningSong\frontend\tests\TextInputPage.integration.test.tsx:37:12)
          at Object.<anonymous> (C:\Users\Cheney\Documents\Github\LearningSong\frontend\tests\TextInputPage.integration.test.tsx:267:56)
          at Promise.finally.completed (C:\Users\Cheney\Documents\Github\LearningSong\frontend\node_modules\.pnpm\jest-circus@30.2.0\node_modules\jest-circus\build\jestAdapterInit.js:1557:28)
          at new Promise (<anonymous>)
          at callAsyncCircusFn (C:\Users\Cheney\Documents\Github\LearningSong\frontend\node_modules\.pnpm\jest-circus@30.2.0\node_modules\jest-circus\build\jestAdapterInit.js:1497:10)
          at _callCircusTest (C:\Users\Cheney\Documents\Github\LearningSong\frontend\node_modules\.pnpm\jest-circus@30.2.0\node_modules\jest-circus\build\jestAdapterInit.js:1007:40)
          at _runTest (C:\Users\Cheney\Documents\Github\LearningSong\frontend\node_modules\.pnpm\jest-circus@30.2.0\node_modules\jest-circus\build\jestAdapterInit.js:947:3)
          at C:\Users\Cheney\Documents\Github\LearningSong\frontend\node_modules\.pnpm\jest-circus@30.2.0\node_modules\jest-circus\build\jestAdapterInit.js:849:7
          at _runTestsForDescribeBlock (C:\Users\Cheney\Documents\Github\LearningSong\frontend\node_modules\.pnpm\jest-circus@30.2.0\node_modules\jest-circus\build\jestAdapterInit.js:862:11)
          at _runTestsForDescribeBlock (C:\Users\Cheney\Documents\Github\LearningSong\frontend\node_modules\.pnpm\jest-circus@30.2.0\node_modules\jest-circus\build\jestAdapterInit.js:857:11)
          at _runTestsForDescribeBlock (C:\Users\Cheney\Documents\Github\LearningSong\frontend\node_modules\.pnpm\jest-circus@30.2.0\node_modules\jest-circus\build\jestAdapterInit.js:857:11)
          at run (C:\Users\Cheney\Documents\Github\LearningSong\frontend\node_modules\.pnpm\jest-circus@30.2.0\node_modules\jest-circus\build\jestAdapterInit.js:761:3)
          at runAndTransformResultsToJestFormat (C:\Users\Cheney\Documents\Github\LearningSong\frontend\node_modules\.pnpm\jest-circus@30.2.0\node_modules\jest-circus\build\jestAdapterInit.js:1918:21)
          at jestAdapter (C:\Users\Cheney\Documents\Github\LearningSong\frontend\node_modules\.pnpm\jest-circus@30.2.0\node_modules\jest-circus\build\runner.js:101:19)
          at runTestInternal (C:\Users\Cheney\Documents\Github\LearningSong\frontend\node_modules\.pnpm\jest-runner@30.2.0\node_modules\jest-runner\build\testWorker.js:275:16)
          at runTest (C:\Users\Cheney\Documents\Github\LearningSong\frontend\node_modules\.pnpm\jest-runner@30.2.0\node_modules\jest-runner\build\testWorker.js:343:7)
          at Object.worker (C:\Users\Cheney\Documents\Github\LearningSong\frontend\node_modules\.pnpm\jest-runner@30.2.0\node_modules\jest-runner\build\testWorker.js:497:12)

      19 |     },
      20 |     onError: (error) => {
    > 21 |       console.error('Failed to generate lyrics:', error)
         |               ^
      22 |       // Show toast with retry option
      23 |       handleApiError(error, {
      24 |         onRetry: () => {

      at Object.onError (src/hooks/useLyrics.ts:21:15)
      at Mutation.execute (node_modules/.pnpm/@tanstack+query-core@5.90.10/node_modules/@tanstack/query-core/src/mutation.ts:282:28)

  ??TextInputPage Integration Tests ??Authentication Flow ??renders page when authenticated

    Unable to find an element with the text: Create Your Learning Song. This could be because the text is broken up by multiple elements. In this case, you can provide a function for your text matcher to make your matcher more flexible.

    Ignored nodes: comments, script, style
    <body>
      <div>
        <div
          class="h-screen flex flex-col bg-background"
        >
          <a
            class="sr-only focus:not-sr-only focus:absolute focus:top-4 focus:left-4 focus:z-50 focus:px-4 focus:py-2 focus:bg-primary focus:text-primary-foreground focus:rounded-md focus:ring-2 focus:ring-ring focus:ring-offset-2"
            href="#main-content"
          >
            Skip to main content
          </a>
          <header
            class="border-b shrink-0"
            role="banner"
          >
            <div
              class="container mx-auto px-4 py-3"
            >
              <div
                class="flex items-center justify-between"
              >
                <div
                  class="text-left"
                >
                  <h1
                    class="text-2xl font-bold tracking-tight"
                  >
                    LearningSong
                  </h1>
                  <p
                    class="text-muted-foreground text-sm"
                  >
                    Transform your learning materials into memorable songs
                  </p>
                </div>
                <div
                  class="flex items-center gap-4"
                >
                  <nav
                    aria-label="Main navigation"
                    class="flex items-center gap-1 sm:gap-2"
                  >
                    <a
                      aria-current="page"
                      class="px-2 py-1 sm:px-3 sm:py-1.5 text-xs sm:text-sm rounded-md transition-colors hover:bg-accent hover:text-accent-foreground focus-visible:outline-none focus-visible:ring-2 focus-visible:ring-ring focus-visible:ring-offset-2 bg-primary text-primary-foreground font-medium"
                      data-discover="true"
                      href="/"
                    >
                      <span
                        class="hidden sm:inline"
                      >
                        Text Input
                      </span>
                      <span
                        class="sm:hidden"
                      >
                        Input
                      </span>
                    </a>
                    <a
                      class="px-2 py-1 sm:px-3 sm:py-1.5 text-xs sm:text-sm rounded-md transition-colors hover:bg-accent hover:text-accent-foreground focus-visible:outline-none focus-visible:ring-2 focus-visible:ring-ring focus-visible:ring-offset-2 text-muted-foreground"
                      data-discover="true"
                      href="/lyrics-edit"
                    >
                      <span
                        class="hidden sm:inline"
                      >
                        Lyrics Editing
                      </span>
                      <span
                        class="sm:hidden"
                      >
                        Lyrics
                      </span>
                    </a>
                    <a
                      class="px-2 py-1 sm:px-3 sm:py-1.5 text-xs sm:text-sm rounded-md transition-colors hover:bg-accent hover:text-accent-foreground focus-visible:outline-none focus-visible:ring-2 focus-visible:ring-ring focus-visible:ring-offset-2 text-muted-foreground"
                      data-discover="true"
                      href="/history"
                    >
                      <span
                        class="hidden sm:inline"
                      >
                        My Songs
                      </span>
                      <span
                        class="sm:hidden"
                      >
                        Songs
                      </span>
                    </a>
                    <a
                      class="px-2 py-1 sm:px-3 sm:py-1.5 text-xs sm:text-sm rounded-md transition-colors hover:bg-accent hover:text-accent-foreground focus-visible:outline-none focus-visible:ring-2 focus-visible:ring-ring focus-visible:ring-offset-2 text-muted-foreground"
                      data-discover="true"
                      href="/playback"
                    >
                      <span
                        class="hidden sm:inline"
                      >
                        Song Playback
                      </span>
                      <span
                        class="sm:hidden"
                      >
                        Playback
                      </span>
                    </a>
                  </nav>
                  <div
                    aria-atomic="true"
                    aria-live="polite"
                    class="space-y-1"
                    role="status"
                  >
                    <div
                      class="flex items-center space-x-2 text-sm font-medium text-green-700 dark:text-green-500"
                    >
                      <span
                        aria-label="3 of 3 songs remaining today"
                      >
                        ? 
                        3
                        /
                        3
                         songs remaining today
                      </span>
                    </div>
                  </div>
                </div>
              </div>
            </div>
          </header>
          <main
            class="flex-1 flex flex-col min-h-0 container mx-auto px-4 py-4"
            id="main-content"
            role="main"
          >
            <div
              class="max-w-4xl mx-auto flex-1 flex flex-col min-h-0 w-full"
            >
              <div
                class="space-y-1 text-left mb-3 shrink-0"
              >
                <div
                  class="flex items-center gap-2"
       ...

      84 |       renderWithProviders(<TextInputPage />)
      85 |       
    > 86 |       await waitFor(() => {
         |                    ^
      87 |         expect(screen.getByText('LearningSong')).toBeInTheDocument()
      88 |         expect(screen.getByText('Create Your Learning Song')).toBeInTheDocument()
      89 |       })

      at waitForWrapper (node_modules/.pnpm/@testing-library+dom@10.4.1/node_modules/@testing-library/dom/dist/wait-for.js:163:27)
      at tests/TextInputPage.integration.test.tsx:86:20
      at tests/TextInputPage.integration.test.tsx:41:71
      at __awaiter (tests/TextInputPage.integration.test.tsx:37:12)
      at Object.<anonymous> (tests/TextInputPage.integration.test.tsx:83:54)

  ??TextInputPage Integration Tests ??Accessibility ??has proper heading hierarchy

    Unable to find role="heading" and name "Create Your Learning Song"

    Ignored nodes: comments, script, style
    <body>
      <div>
        <div
          class="h-screen flex flex-col bg-background"
        >
          <a
            class="sr-only focus:not-sr-only focus:absolute focus:top-4 focus:left-4 focus:z-50 focus:px-4 focus:py-2 focus:bg-primary focus:text-primary-foreground focus:rounded-md focus:ring-2 focus:ring-ring focus:ring-offset-2"
            href="#main-content"
          >
            Skip to main content
          </a>
          <header
            class="border-b shrink-0"
            role="banner"
          >
            <div
              class="container mx-auto px-4 py-3"
            >
              <div
                class="flex items-center justify-between"
              >
                <div
                  class="text-left"
                >
                  <h1
                    class="text-2xl font-bold tracking-tight"
                  >
                    LearningSong
                  </h1>
                  <p
                    class="text-muted-foreground text-sm"
                  >
                    Transform your learning materials into memorable songs
                  </p>
                </div>
                <div
                  class="flex items-center gap-4"
                >
                  <nav
                    aria-label="Main navigation"
                    class="flex items-center gap-1 sm:gap-2"
                  >
                    <a
                      class="px-2 py-1 sm:px-3 sm:py-1.5 text-xs sm:text-sm rounded-md transition-colors hover:bg-accent hover:text-accent-foreground focus-visible:outline-none focus-visible:ring-2 focus-visible:ring-ring focus-visible:ring-offset-2 text-muted-foreground"
                      data-discover="true"
                      href="/"
                    >
                      <span
                        class="hidden sm:inline"
                      >
                        Text Input
                      </span>
                      <span
                        class="sm:hidden"
                      >
                        Input
                      </span>
                    </a>
                    <a
                      aria-current="page"
                      class="px-2 py-1 sm:px-3 sm:py-1.5 text-xs sm:text-sm rounded-md transition-colors hover:bg-accent hover:text-accent-foreground focus-visible:outline-none focus-visible:ring-2 focus-visible:ring-ring focus-visible:ring-offset-2 bg-primary text-primary-foreground font-medium"
                      data-discover="true"
                      href="/lyrics-edit"
                    >
                      <span
                        class="hidden sm:inline"
                      >
                        Lyrics Editing
                      </span>
                      <span
                        class="sm:hidden"
                      >
                        Lyrics
                      </span>
                    </a>
                    <a
                      class="px-2 py-1 sm:px-3 sm:py-1.5 text-xs sm:text-sm rounded-md transition-colors hover:bg-accent hover:text-accent-foreground focus-visible:outline-none focus-visible:ring-2 focus-visible:ring-ring focus-visible:ring-offset-2 text-muted-foreground"
                      data-discover="true"
                      href="/history"
                    >
                      <span
                        class="hidden sm:inline"
                      >
                        My Songs
                      </span>
                      <span
                        class="sm:hidden"
                      >
                        Songs
                      </span>
                    </a>
                    <a
                      class="px-2 py-1 sm:px-3 sm:py-1.5 text-xs sm:text-sm rounded-md transition-colors hover:bg-accent hover:text-accent-foreground focus-visible:outline-none focus-visible:ring-2 focus-visible:ring-ring focus-visible:ring-offset-2 text-muted-foreground"
                      data-discover="true"
                      href="/playback"
                    >
                      <span
                        class="hidden sm:inline"
                      >
                        Song Playback
                      </span>
                      <span
                        class="sm:hidden"
                      >
                        Playback
                      </span>
                    </a>
                  </nav>
                  <div
                    aria-atomic="true"
                    aria-live="polite"
                    class="space-y-1"
                    role="status"
                  >
                    <div
                      class="flex items-center space-x-2 text-sm font-medium text-green-700 dark:text-green-500"
                    >
                      <span
                        aria-label="3 of 3 songs remaining today"
                      >
                        ? 
                        3
                        /
                        3
                         songs remaining today
                      </span>
                    </div>
                  </div>
                </div>
              </div>
            </div>
          </header>
          <main
            class="flex-1 flex flex-col min-h-0 container mx-auto px-4 py-4"
            id="main-content"
            role="main"
          >
            <div
              class="max-w-4xl mx-auto flex-1 flex flex-col min-h-0 w-full"
            >
              <div
                class="space-y-1 text-left mb-3 shrink-0"
              >
                <div
                  class="flex items-center gap-2"
       ...

      337 |       renderWithProviders(<TextInputPage />)
      338 |       
    > 339 |       await waitFor(() => {
          |                    ^
      340 |         expect(screen.getByRole('heading', { level: 1, name: 'LearningSong' })).toBeInTheDocument()
      341 |         expect(screen.getByRole('heading', { level: 2, name: 'Create Your Learning Song' })).toBeInTheDocument()
      342 |       })

      at waitForWrapper (node_modules/.pnpm/@testing-library+dom@10.4.1/node_modules/@testing-library/dom/dist/wait-for.js:163:27)
      at tests/TextInputPage.integration.test.tsx:339:20
      at tests/TextInputPage.integration.test.tsx:41:71
      at __awaiter (tests/TextInputPage.integration.test.tsx:37:12)
      at Object.<anonymous> (tests/TextInputPage.integration.test.tsx:336:51)

PASS tests/LyricsEditingPage.integration.test.tsx (9.223 s)
  ??Console

    console.error
      Error: AggregateError
          at Object.dispatchError (C:\Users\Cheney\Documents\Github\LearningSong\frontend\node_modules\.pnpm\jsdom@26.1.0\node_modules\jsdom\lib\jsdom\living\xhr\xhr-utils.js:62:19)
          at Request.<anonymous> (C:\Users\Cheney\Documents\Github\LearningSong\frontend\node_modules\.pnpm\jsdom@26.1.0\node_modules\jsdom\lib\jsdom\living\xhr\XMLHttpRequest-impl.js:655:18)
          at Request.emit (node:events:530:35)
          at ClientRequest.<anonymous> (C:\Users\Cheney\Documents\Github\LearningSong\frontend\node_modules\.pnpm\jsdom@26.1.0\node_modules\jsdom\lib\jsdom\living\helpers\http-request.js:127:14)
          at ClientRequest.emit (node:events:518:28)
          at emitErrorEvent (node:_http_client:104:11)
          at Socket.socketErrorListener (node:_http_client:518:5)
          at Socket.emit (node:events:518:28)
          at emitErrorNT (node:internal/streams/destroy:170:8)
          at emitErrorCloseNT (node:internal/streams/destroy:129:3)
          at processTicksAndRejections (node:internal/process/task_queues:90:21) {
        type: 'XMLHttpRequest'
      }

      at VirtualConsole.<anonymous> (node_modules/.pnpm/@jest+environment-jsdom-abstract@30.2.0_jsdom@26.1.0/node_modules/@jest/environment-jsdom-abstract/build/index.js:87:23)
      at Object.dispatchError (node_modules/.pnpm/jsdom@26.1.0/node_modules/jsdom/lib/jsdom/living/xhr/xhr-utils.js:65:53)
      at Request.<anonymous> (node_modules/.pnpm/jsdom@26.1.0/node_modules/jsdom/lib/jsdom/living/xhr/XMLHttpRequest-impl.js:655:18)
      at ClientRequest.<anonymous> (node_modules/.pnpm/jsdom@26.1.0/node_modules/jsdom/lib/jsdom/living/helpers/http-request.js:127:14)

    console.error
      Error: AggregateError
          at Object.dispatchError (C:\Users\Cheney\Documents\Github\LearningSong\frontend\node_modules\.pnpm\jsdom@26.1.0\node_modules\jsdom\lib\jsdom\living\xhr\xhr-utils.js:62:19)
          at Request.<anonymous> (C:\Users\Cheney\Documents\Github\LearningSong\frontend\node_modules\.pnpm\jsdom@26.1.0\node_modules\jsdom\lib\jsdom\living\xhr\XMLHttpRequest-impl.js:655:18)
          at Request.emit (node:events:530:35)
          at ClientRequest.<anonymous> (C:\Users\Cheney\Documents\Github\LearningSong\frontend\node_modules\.pnpm\jsdom@26.1.0\node_modules\jsdom\lib\jsdom\living\helpers\http-request.js:127:14)
          at ClientRequest.emit (node:events:518:28)
          at emitErrorEvent (node:_http_client:104:11)
          at Socket.socketErrorListener (node:_http_client:518:5)
          at Socket.emit (node:events:518:28)
          at emitErrorNT (node:internal/streams/destroy:170:8)
          at emitErrorCloseNT (node:internal/streams/destroy:129:3)
          at processTicksAndRejections (node:internal/process/task_queues:90:21) {
        type: 'XMLHttpRequest'
      }

      at VirtualConsole.<anonymous> (node_modules/.pnpm/@jest+environment-jsdom-abstract@30.2.0_jsdom@26.1.0/node_modules/@jest/environment-jsdom-abstract/build/index.js:87:23)
      at Object.dispatchError (node_modules/.pnpm/jsdom@26.1.0/node_modules/jsdom/lib/jsdom/living/xhr/xhr-utils.js:65:53)
      at Request.<anonymous> (node_modules/.pnpm/jsdom@26.1.0/node_modules/jsdom/lib/jsdom/living/xhr/XMLHttpRequest-impl.js:655:18)
      at ClientRequest.<anonymous> (node_modules/.pnpm/jsdom@26.1.0/node_modules/jsdom/lib/jsdom/living/helpers/http-request.js:127:14)

    console.error
      Error: AggregateError
          at Object.dispatchError (C:\Users\Cheney\Documents\Github\LearningSong\frontend\node_modules\.pnpm\jsdom@26.1.0\node_modules\jsdom\lib\jsdom\living\xhr\xhr-utils.js:62:19)
          at Request.<anonymous> (C:\Users\Cheney\Documents\Github\LearningSong\frontend\node_modules\.pnpm\jsdom@26.1.0\node_modules\jsdom\lib\jsdom\living\xhr\XMLHttpRequest-impl.js:655:18)
          at Request.emit (node:events:530:35)
          at ClientRequest.<anonymous> (C:\Users\Cheney\Documents\Github\LearningSong\frontend\node_modules\.pnpm\jsdom@26.1.0\node_modules\jsdom\lib\jsdom\living\helpers\http-request.js:127:14)
          at ClientRequest.emit (node:events:518:28)
          at emitErrorEvent (node:_http_client:104:11)
          at Socket.socketErrorListener (node:_http_client:518:5)
          at Socket.emit (node:events:518:28)
          at emitErrorNT (node:internal/streams/destroy:170:8)
          at emitErrorCloseNT (node:internal/streams/destroy:129:3)
          at processTicksAndRejections (node:internal/process/task_queues:90:21) {
        type: 'XMLHttpRequest'
      }

      at VirtualConsole.<anonymous> (node_modules/.pnpm/@jest+environment-jsdom-abstract@30.2.0_jsdom@26.1.0/node_modules/@jest/environment-jsdom-abstract/build/index.js:87:23)
      at Object.dispatchError (node_modules/.pnpm/jsdom@26.1.0/node_modules/jsdom/lib/jsdom/living/xhr/xhr-utils.js:65:53)
      at Request.<anonymous> (node_modules/.pnpm/jsdom@26.1.0/node_modules/jsdom/lib/jsdom/living/xhr/XMLHttpRequest-impl.js:655:18)
      at ClientRequest.<anonymous> (node_modules/.pnpm/jsdom@26.1.0/node_modules/jsdom/lib/jsdom/living/helpers/http-request.js:127:14)

    console.error
      Error: AggregateError
          at Object.dispatchError (C:\Users\Cheney\Documents\Github\LearningSong\frontend\node_modules\.pnpm\jsdom@26.1.0\node_modules\jsdom\lib\jsdom\living\xhr\xhr-utils.js:62:19)
          at Request.<anonymous> (C:\Users\Cheney\Documents\Github\LearningSong\frontend\node_modules\.pnpm\jsdom@26.1.0\node_modules\jsdom\lib\jsdom\living\xhr\XMLHttpRequest-impl.js:655:18)
          at Request.emit (node:events:530:35)
          at ClientRequest.<anonymous> (C:\Users\Cheney\Documents\Github\LearningSong\frontend\node_modules\.pnpm\jsdom@26.1.0\node_modules\jsdom\lib\jsdom\living\helpers\http-request.js:127:14)
          at ClientRequest.emit (node:events:518:28)
          at emitErrorEvent (node:_http_client:104:11)
          at Socket.socketErrorListener (node:_http_client:518:5)
          at Socket.emit (node:events:518:28)
          at emitErrorNT (node:internal/streams/destroy:170:8)
          at emitErrorCloseNT (node:internal/streams/destroy:129:3)
          at processTicksAndRejections (node:internal/process/task_queues:90:21) {
        type: 'XMLHttpRequest'
      }

      at VirtualConsole.<anonymous> (node_modules/.pnpm/@jest+environment-jsdom-abstract@30.2.0_jsdom@26.1.0/node_modules/@jest/environment-jsdom-abstract/build/index.js:87:23)
      at Object.dispatchError (node_modules/.pnpm/jsdom@26.1.0/node_modules/jsdom/lib/jsdom/living/xhr/xhr-utils.js:65:53)
      at Request.<anonymous> (node_modules/.pnpm/jsdom@26.1.0/node_modules/jsdom/lib/jsdom/living/xhr/XMLHttpRequest-impl.js:655:18)
      at ClientRequest.<anonymous> (node_modules/.pnpm/jsdom@26.1.0/node_modules/jsdom/lib/jsdom/living/helpers/http-request.js:127:14)

    console.error
      Error: AggregateError
          at Object.dispatchError (C:\Users\Cheney\Documents\Github\LearningSong\frontend\node_modules\.pnpm\jsdom@26.1.0\node_modules\jsdom\lib\jsdom\living\xhr\xhr-utils.js:62:19)
          at Request.<anonymous> (C:\Users\Cheney\Documents\Github\LearningSong\frontend\node_modules\.pnpm\jsdom@26.1.0\node_modules\jsdom\lib\jsdom\living\xhr\XMLHttpRequest-impl.js:655:18)
          at Request.emit (node:events:530:35)
          at ClientRequest.<anonymous> (C:\Users\Cheney\Documents\Github\LearningSong\frontend\node_modules\.pnpm\jsdom@26.1.0\node_modules\jsdom\lib\jsdom\living\helpers\http-request.js:127:14)
          at ClientRequest.emit (node:events:518:28)
          at emitErrorEvent (node:_http_client:104:11)
          at Socket.socketErrorListener (node:_http_client:518:5)
          at Socket.emit (node:events:518:28)
          at emitErrorNT (node:internal/streams/destroy:170:8)
          at emitErrorCloseNT (node:internal/streams/destroy:129:3)
          at processTicksAndRejections (node:internal/process/task_queues:90:21) {
        type: 'XMLHttpRequest'
      }

      at VirtualConsole.<anonymous> (node_modules/.pnpm/@jest+environment-jsdom-abstract@30.2.0_jsdom@26.1.0/node_modules/@jest/environment-jsdom-abstract/build/index.js:87:23)
      at Object.dispatchError (node_modules/.pnpm/jsdom@26.1.0/node_modules/jsdom/lib/jsdom/living/xhr/xhr-utils.js:65:53)
      at Request.<anonymous> (node_modules/.pnpm/jsdom@26.1.0/node_modules/jsdom/lib/jsdom/living/xhr/XMLHttpRequest-impl.js:655:18)
      at ClientRequest.<anonymous> (node_modules/.pnpm/jsdom@26.1.0/node_modules/jsdom/lib/jsdom/living/helpers/http-request.js:127:14)

    console.error
      Error: AggregateError
          at Object.dispatchError (C:\Users\Cheney\Documents\Github\LearningSong\frontend\node_modules\.pnpm\jsdom@26.1.0\node_modules\jsdom\lib\jsdom\living\xhr\xhr-utils.js:62:19)
          at Request.<anonymous> (C:\Users\Cheney\Documents\Github\LearningSong\frontend\node_modules\.pnpm\jsdom@26.1.0\node_modules\jsdom\lib\jsdom\living\xhr\XMLHttpRequest-impl.js:655:18)
          at Request.emit (node:events:530:35)
          at ClientRequest.<anonymous> (C:\Users\Cheney\Documents\Github\LearningSong\frontend\node_modules\.pnpm\jsdom@26.1.0\node_modules\jsdom\lib\jsdom\living\helpers\http-request.js:127:14)
          at ClientRequest.emit (node:events:518:28)
          at emitErrorEvent (node:_http_client:104:11)
          at Socket.socketErrorListener (node:_http_client:518:5)
          at Socket.emit (node:events:518:28)
          at emitErrorNT (node:internal/streams/destroy:170:8)
          at emitErrorCloseNT (node:internal/streams/destroy:129:3)
          at processTicksAndRejections (node:internal/process/task_queues:90:21) {
        type: 'XMLHttpRequest'
      }

      at VirtualConsole.<anonymous> (node_modules/.pnpm/@jest+environment-jsdom-abstract@30.2.0_jsdom@26.1.0/node_modules/@jest/environment-jsdom-abstract/build/index.js:87:23)
      at Object.dispatchError (node_modules/.pnpm/jsdom@26.1.0/node_modules/jsdom/lib/jsdom/living/xhr/xhr-utils.js:65:53)
      at Request.<anonymous> (node_modules/.pnpm/jsdom@26.1.0/node_modules/jsdom/lib/jsdom/living/xhr/XMLHttpRequest-impl.js:655:18)
      at ClientRequest.<anonymous> (node_modules/.pnpm/jsdom@26.1.0/node_modules/jsdom/lib/jsdom/living/helpers/http-request.js:127:14)

    console.error
      Error: AggregateError
          at Object.dispatchError (C:\Users\Cheney\Documents\Github\LearningSong\frontend\node_modules\.pnpm\jsdom@26.1.0\node_modules\jsdom\lib\jsdom\living\xhr\xhr-utils.js:62:19)
          at Request.<anonymous> (C:\Users\Cheney\Documents\Github\LearningSong\frontend\node_modules\.pnpm\jsdom@26.1.0\node_modules\jsdom\lib\jsdom\living\xhr\XMLHttpRequest-impl.js:655:18)
          at Request.emit (node:events:530:35)
          at ClientRequest.<anonymous> (C:\Users\Cheney\Documents\Github\LearningSong\frontend\node_modules\.pnpm\jsdom@26.1.0\node_modules\jsdom\lib\jsdom\living\helpers\http-request.js:127:14)
          at ClientRequest.emit (node:events:518:28)
          at emitErrorEvent (node:_http_client:104:11)
          at Socket.socketErrorListener (node:_http_client:518:5)
          at Socket.emit (node:events:518:28)
          at emitErrorNT (node:internal/streams/destroy:170:8)
          at emitErrorCloseNT (node:internal/streams/destroy:129:3)
          at processTicksAndRejections (node:internal/process/task_queues:90:21) {
        type: 'XMLHttpRequest'
      }

      at VirtualConsole.<anonymous> (node_modules/.pnpm/@jest+environment-jsdom-abstract@30.2.0_jsdom@26.1.0/node_modules/@jest/environment-jsdom-abstract/build/index.js:87:23)
      at Object.dispatchError (node_modules/.pnpm/jsdom@26.1.0/node_modules/jsdom/lib/jsdom/living/xhr/xhr-utils.js:65:53)
      at Request.<anonymous> (node_modules/.pnpm/jsdom@26.1.0/node_modules/jsdom/lib/jsdom/living/xhr/XMLHttpRequest-impl.js:655:18)
      at ClientRequest.<anonymous> (node_modules/.pnpm/jsdom@26.1.0/node_modules/jsdom/lib/jsdom/living/helpers/http-request.js:127:14)

    console.error
      Error: AggregateError
          at Object.dispatchError (C:\Users\Cheney\Documents\Github\LearningSong\frontend\node_modules\.pnpm\jsdom@26.1.0\node_modules\jsdom\lib\jsdom\living\xhr\xhr-utils.js:62:19)
          at Request.<anonymous> (C:\Users\Cheney\Documents\Github\LearningSong\frontend\node_modules\.pnpm\jsdom@26.1.0\node_modules\jsdom\lib\jsdom\living\xhr\XMLHttpRequest-impl.js:655:18)
          at Request.emit (node:events:530:35)
          at ClientRequest.<anonymous> (C:\Users\Cheney\Documents\Github\LearningSong\frontend\node_modules\.pnpm\jsdom@26.1.0\node_modules\jsdom\lib\jsdom\living\helpers\http-request.js:127:14)
          at ClientRequest.emit (node:events:518:28)
          at emitErrorEvent (node:_http_client:104:11)
          at Socket.socketErrorListener (node:_http_client:518:5)
          at Socket.emit (node:events:518:28)
          at emitErrorNT (node:internal/streams/destroy:170:8)
          at emitErrorCloseNT (node:internal/streams/destroy:129:3)
          at processTicksAndRejections (node:internal/process/task_queues:90:21) {
        type: 'XMLHttpRequest'
      }

      at VirtualConsole.<anonymous> (node_modules/.pnpm/@jest+environment-jsdom-abstract@30.2.0_jsdom@26.1.0/node_modules/@jest/environment-jsdom-abstract/build/index.js:87:23)
      at Object.dispatchError (node_modules/.pnpm/jsdom@26.1.0/node_modules/jsdom/lib/jsdom/living/xhr/xhr-utils.js:65:53)
      at Request.<anonymous> (node_modules/.pnpm/jsdom@26.1.0/node_modules/jsdom/lib/jsdom/living/xhr/XMLHttpRequest-impl.js:655:18)
      at ClientRequest.<anonymous> (node_modules/.pnpm/jsdom@26.1.0/node_modules/jsdom/lib/jsdom/living/helpers/http-request.js:127:14)

    console.error
      Error: AggregateError
          at Object.dispatchError (C:\Users\Cheney\Documents\Github\LearningSong\frontend\node_modules\.pnpm\jsdom@26.1.0\node_modules\jsdom\lib\jsdom\living\xhr\xhr-utils.js:62:19)
          at Request.<anonymous> (C:\Users\Cheney\Documents\Github\LearningSong\frontend\node_modules\.pnpm\jsdom@26.1.0\node_modules\jsdom\lib\jsdom\living\xhr\XMLHttpRequest-impl.js:655:18)
          at Request.emit (node:events:530:35)
          at ClientRequest.<anonymous> (C:\Users\Cheney\Documents\Github\LearningSong\frontend\node_modules\.pnpm\jsdom@26.1.0\node_modules\jsdom\lib\jsdom\living\helpers\http-request.js:127:14)
          at ClientRequest.emit (node:events:518:28)
          at emitErrorEvent (node:_http_client:104:11)
          at Socket.socketErrorListener (node:_http_client:518:5)
          at Socket.emit (node:events:518:28)
          at emitErrorNT (node:internal/streams/destroy:170:8)
          at emitErrorCloseNT (node:internal/streams/destroy:129:3)
          at processTicksAndRejections (node:internal/process/task_queues:90:21) {
        type: 'XMLHttpRequest'
      }

      at VirtualConsole.<anonymous> (node_modules/.pnpm/@jest+environment-jsdom-abstract@30.2.0_jsdom@26.1.0/node_modules/@jest/environment-jsdom-abstract/build/index.js:87:23)
      at Object.dispatchError (node_modules/.pnpm/jsdom@26.1.0/node_modules/jsdom/lib/jsdom/living/xhr/xhr-utils.js:65:53)
      at Request.<anonymous> (node_modules/.pnpm/jsdom@26.1.0/node_modules/jsdom/lib/jsdom/living/xhr/XMLHttpRequest-impl.js:655:18)
      at ClientRequest.<anonymous> (node_modules/.pnpm/jsdom@26.1.0/node_modules/jsdom/lib/jsdom/living/helpers/http-request.js:127:14)

    console.error
      Error: AggregateError
          at Object.dispatchError (C:\Users\Cheney\Documents\Github\LearningSong\frontend\node_modules\.pnpm\jsdom@26.1.0\node_modules\jsdom\lib\jsdom\living\xhr\xhr-utils.js:62:19)
          at Request.<anonymous> (C:\Users\Cheney\Documents\Github\LearningSong\frontend\node_modules\.pnpm\jsdom@26.1.0\node_modules\jsdom\lib\jsdom\living\xhr\XMLHttpRequest-impl.js:655:18)
          at Request.emit (node:events:530:35)
          at ClientRequest.<anonymous> (C:\Users\Cheney\Documents\Github\LearningSong\frontend\node_modules\.pnpm\jsdom@26.1.0\node_modules\jsdom\lib\jsdom\living\helpers\http-request.js:127:14)
          at ClientRequest.emit (node:events:518:28)
          at emitErrorEvent (node:_http_client:104:11)
          at Socket.socketErrorListener (node:_http_client:518:5)
          at Socket.emit (node:events:518:28)
          at emitErrorNT (node:internal/streams/destroy:170:8)
          at emitErrorCloseNT (node:internal/streams/destroy:129:3)
          at processTicksAndRejections (node:internal/process/task_queues:90:21) {
        type: 'XMLHttpRequest'
      }

      at VirtualConsole.<anonymous> (node_modules/.pnpm/@jest+environment-jsdom-abstract@30.2.0_jsdom@26.1.0/node_modules/@jest/environment-jsdom-abstract/build/index.js:87:23)
      at Object.dispatchError (node_modules/.pnpm/jsdom@26.1.0/node_modules/jsdom/lib/jsdom/living/xhr/xhr-utils.js:65:53)
      at Request.<anonymous> (node_modules/.pnpm/jsdom@26.1.0/node_modules/jsdom/lib/jsdom/living/xhr/XMLHttpRequest-impl.js:655:18)
      at ClientRequest.<anonymous> (node_modules/.pnpm/jsdom@26.1.0/node_modules/jsdom/lib/jsdom/living/helpers/http-request.js:127:14)

    console.error
      Error: AggregateError
          at Object.dispatchError (C:\Users\Cheney\Documents\Github\LearningSong\frontend\node_modules\.pnpm\jsdom@26.1.0\node_modules\jsdom\lib\jsdom\living\xhr\xhr-utils.js:62:19)
          at Request.<anonymous> (C:\Users\Cheney\Documents\Github\LearningSong\frontend\node_modules\.pnpm\jsdom@26.1.0\node_modules\jsdom\lib\jsdom\living\xhr\XMLHttpRequest-impl.js:655:18)
          at Request.emit (node:events:530:35)
          at ClientRequest.<anonymous> (C:\Users\Cheney\Documents\Github\LearningSong\frontend\node_modules\.pnpm\jsdom@26.1.0\node_modules\jsdom\lib\jsdom\living\helpers\http-request.js:127:14)
          at ClientRequest.emit (node:events:518:28)
          at emitErrorEvent (node:_http_client:104:11)
          at Socket.socketErrorListener (node:_http_client:518:5)
          at Socket.emit (node:events:518:28)
          at emitErrorNT (node:internal/streams/destroy:170:8)
          at emitErrorCloseNT (node:internal/streams/destroy:129:3)
          at processTicksAndRejections (node:internal/process/task_queues:90:21) {
        type: 'XMLHttpRequest'
      }

      at VirtualConsole.<anonymous> (node_modules/.pnpm/@jest+environment-jsdom-abstract@30.2.0_jsdom@26.1.0/node_modules/@jest/environment-jsdom-abstract/build/index.js:87:23)
      at Object.dispatchError (node_modules/.pnpm/jsdom@26.1.0/node_modules/jsdom/lib/jsdom/living/xhr/xhr-utils.js:65:53)
      at Request.<anonymous> (node_modules/.pnpm/jsdom@26.1.0/node_modules/jsdom/lib/jsdom/living/xhr/XMLHttpRequest-impl.js:655:18)
      at ClientRequest.<anonymous> (node_modules/.pnpm/jsdom@26.1.0/node_modules/jsdom/lib/jsdom/living/helpers/http-request.js:127:14)

    console.error
      Error: AggregateError
          at Object.dispatchError (C:\Users\Cheney\Documents\Github\LearningSong\frontend\node_modules\.pnpm\jsdom@26.1.0\node_modules\jsdom\lib\jsdom\living\xhr\xhr-utils.js:62:19)
          at Request.<anonymous> (C:\Users\Cheney\Documents\Github\LearningSong\frontend\node_modules\.pnpm\jsdom@26.1.0\node_modules\jsdom\lib\jsdom\living\xhr\XMLHttpRequest-impl.js:655:18)
          at Request.emit (node:events:530:35)
          at ClientRequest.<anonymous> (C:\Users\Cheney\Documents\Github\LearningSong\frontend\node_modules\.pnpm\jsdom@26.1.0\node_modules\jsdom\lib\jsdom\living\helpers\http-request.js:127:14)
          at ClientRequest.emit (node:events:518:28)
          at emitErrorEvent (node:_http_client:104:11)
          at Socket.socketErrorListener (node:_http_client:518:5)
          at Socket.emit (node:events:518:28)
          at emitErrorNT (node:internal/streams/destroy:170:8)
          at emitErrorCloseNT (node:internal/streams/destroy:129:3)
          at processTicksAndRejections (node:internal/process/task_queues:90:21) {
        type: 'XMLHttpRequest'
      }

      at VirtualConsole.<anonymous> (node_modules/.pnpm/@jest+environment-jsdom-abstract@30.2.0_jsdom@26.1.0/node_modules/@jest/environment-jsdom-abstract/build/index.js:87:23)
      at Object.dispatchError (node_modules/.pnpm/jsdom@26.1.0/node_modules/jsdom/lib/jsdom/living/xhr/xhr-utils.js:65:53)
      at Request.<anonymous> (node_modules/.pnpm/jsdom@26.1.0/node_modules/jsdom/lib/jsdom/living/xhr/XMLHttpRequest-impl.js:655:18)
      at ClientRequest.<anonymous> (node_modules/.pnpm/jsdom@26.1.0/node_modules/jsdom/lib/jsdom/living/helpers/http-request.js:127:14)

    console.error
      Error: AggregateError
          at Object.dispatchError (C:\Users\Cheney\Documents\Github\LearningSong\frontend\node_modules\.pnpm\jsdom@26.1.0\node_modules\jsdom\lib\jsdom\living\xhr\xhr-utils.js:62:19)
          at Request.<anonymous> (C:\Users\Cheney\Documents\Github\LearningSong\frontend\node_modules\.pnpm\jsdom@26.1.0\node_modules\jsdom\lib\jsdom\living\xhr\XMLHttpRequest-impl.js:655:18)
          at Request.emit (node:events:530:35)
          at ClientRequest.<anonymous> (C:\Users\Cheney\Documents\Github\LearningSong\frontend\node_modules\.pnpm\jsdom@26.1.0\node_modules\jsdom\lib\jsdom\living\helpers\http-request.js:127:14)
          at ClientRequest.emit (node:events:518:28)
          at emitErrorEvent (node:_http_client:104:11)
          at Socket.socketErrorListener (node:_http_client:518:5)
          at Socket.emit (node:events:518:28)
          at emitErrorNT (node:internal/streams/destroy:170:8)
          at emitErrorCloseNT (node:internal/streams/destroy:129:3)
          at processTicksAndRejections (node:internal/process/task_queues:90:21) {
        type: 'XMLHttpRequest'
      }

      at VirtualConsole.<anonymous> (node_modules/.pnpm/@jest+environment-jsdom-abstract@30.2.0_jsdom@26.1.0/node_modules/@jest/environment-jsdom-abstract/build/index.js:87:23)
      at Object.dispatchError (node_modules/.pnpm/jsdom@26.1.0/node_modules/jsdom/lib/jsdom/living/xhr/xhr-utils.js:65:53)
      at Request.<anonymous> (node_modules/.pnpm/jsdom@26.1.0/node_modules/jsdom/lib/jsdom/living/xhr/XMLHttpRequest-impl.js:655:18)
      at ClientRequest.<anonymous> (node_modules/.pnpm/jsdom@26.1.0/node_modules/jsdom/lib/jsdom/living/helpers/http-request.js:127:14)

    console.error
      Error: AggregateError
          at Object.dispatchError (C:\Users\Cheney\Documents\Github\LearningSong\frontend\node_modules\.pnpm\jsdom@26.1.0\node_modules\jsdom\lib\jsdom\living\xhr\xhr-utils.js:62:19)
          at Request.<anonymous> (C:\Users\Cheney\Documents\Github\LearningSong\frontend\node_modules\.pnpm\jsdom@26.1.0\node_modules\jsdom\lib\jsdom\living\xhr\XMLHttpRequest-impl.js:655:18)
          at Request.emit (node:events:530:35)
          at ClientRequest.<anonymous> (C:\Users\Cheney\Documents\Github\LearningSong\frontend\node_modules\.pnpm\jsdom@26.1.0\node_modules\jsdom\lib\jsdom\living\helpers\http-request.js:127:14)
          at ClientRequest.emit (node:events:518:28)
          at emitErrorEvent (node:_http_client:104:11)
          at Socket.socketErrorListener (node:_http_client:518:5)
          at Socket.emit (node:events:518:28)
          at emitErrorNT (node:internal/streams/destroy:170:8)
          at emitErrorCloseNT (node:internal/streams/destroy:129:3)
          at processTicksAndRejections (node:internal/process/task_queues:90:21) {
        type: 'XMLHttpRequest'
      }

      at VirtualConsole.<anonymous> (node_modules/.pnpm/@jest+environment-jsdom-abstract@30.2.0_jsdom@26.1.0/node_modules/@jest/environment-jsdom-abstract/build/index.js:87:23)
      at Object.dispatchError (node_modules/.pnpm/jsdom@26.1.0/node_modules/jsdom/lib/jsdom/living/xhr/xhr-utils.js:65:53)
      at Request.<anonymous> (node_modules/.pnpm/jsdom@26.1.0/node_modules/jsdom/lib/jsdom/living/xhr/XMLHttpRequest-impl.js:655:18)
      at ClientRequest.<anonymous> (node_modules/.pnpm/jsdom@26.1.0/node_modules/jsdom/lib/jsdom/living/helpers/http-request.js:127:14)

    console.error
      Error: AggregateError
          at Object.dispatchError (C:\Users\Cheney\Documents\Github\LearningSong\frontend\node_modules\.pnpm\jsdom@26.1.0\node_modules\jsdom\lib\jsdom\living\xhr\xhr-utils.js:62:19)
          at Request.<anonymous> (C:\Users\Cheney\Documents\Github\LearningSong\frontend\node_modules\.pnpm\jsdom@26.1.0\node_modules\jsdom\lib\jsdom\living\xhr\XMLHttpRequest-impl.js:655:18)
          at Request.emit (node:events:530:35)
          at ClientRequest.<anonymous> (C:\Users\Cheney\Documents\Github\LearningSong\frontend\node_modules\.pnpm\jsdom@26.1.0\node_modules\jsdom\lib\jsdom\living\helpers\http-request.js:127:14)
          at ClientRequest.emit (node:events:518:28)
          at emitErrorEvent (node:_http_client:104:11)
          at Socket.socketErrorListener (node:_http_client:518:5)
          at Socket.emit (node:events:518:28)
          at emitErrorNT (node:internal/streams/destroy:170:8)
          at emitErrorCloseNT (node:internal/streams/destroy:129:3)
          at processTicksAndRejections (node:internal/process/task_queues:90:21) {
        type: 'XMLHttpRequest'
      }

      at VirtualConsole.<anonymous> (node_modules/.pnpm/@jest+environment-jsdom-abstract@30.2.0_jsdom@26.1.0/node_modules/@jest/environment-jsdom-abstract/build/index.js:87:23)
      at Object.dispatchError (node_modules/.pnpm/jsdom@26.1.0/node_modules/jsdom/lib/jsdom/living/xhr/xhr-utils.js:65:53)
      at Request.<anonymous> (node_modules/.pnpm/jsdom@26.1.0/node_modules/jsdom/lib/jsdom/living/xhr/XMLHttpRequest-impl.js:655:18)
      at ClientRequest.<anonymous> (node_modules/.pnpm/jsdom@26.1.0/node_modules/jsdom/lib/jsdom/living/helpers/http-request.js:127:14)

    console.error
      Error: AggregateError
          at Object.dispatchError (C:\Users\Cheney\Documents\Github\LearningSong\frontend\node_modules\.pnpm\jsdom@26.1.0\node_modules\jsdom\lib\jsdom\living\xhr\xhr-utils.js:62:19)
          at Request.<anonymous> (C:\Users\Cheney\Documents\Github\LearningSong\frontend\node_modules\.pnpm\jsdom@26.1.0\node_modules\jsdom\lib\jsdom\living\xhr\XMLHttpRequest-impl.js:655:18)
          at Request.emit (node:events:530:35)
          at ClientRequest.<anonymous> (C:\Users\Cheney\Documents\Github\LearningSong\frontend\node_modules\.pnpm\jsdom@26.1.0\node_modules\jsdom\lib\jsdom\living\helpers\http-request.js:127:14)
          at ClientRequest.emit (node:events:518:28)
          at emitErrorEvent (node:_http_client:104:11)
          at Socket.socketErrorListener (node:_http_client:518:5)
          at Socket.emit (node:events:518:28)
          at emitErrorNT (node:internal/streams/destroy:170:8)
          at emitErrorCloseNT (node:internal/streams/destroy:129:3)
          at processTicksAndRejections (node:internal/process/task_queues:90:21) {
        type: 'XMLHttpRequest'
      }

      at VirtualConsole.<anonymous> (node_modules/.pnpm/@jest+environment-jsdom-abstract@30.2.0_jsdom@26.1.0/node_modules/@jest/environment-jsdom-abstract/build/index.js:87:23)
      at Object.dispatchError (node_modules/.pnpm/jsdom@26.1.0/node_modules/jsdom/lib/jsdom/living/xhr/xhr-utils.js:65:53)
      at Request.<anonymous> (node_modules/.pnpm/jsdom@26.1.0/node_modules/jsdom/lib/jsdom/living/xhr/XMLHttpRequest-impl.js:655:18)
      at ClientRequest.<anonymous> (node_modules/.pnpm/jsdom@26.1.0/node_modules/jsdom/lib/jsdom/living/helpers/http-request.js:127:14)

PASS tests/StyleSelector.test.tsx
PASS tests/OffsetControl.props.test.tsx
PASS tests/AudioPlayer.integration.props.test.ts
PASS tests/SongPlaybackPage.props.test.ts
PASS tests/MarkerVisibilityToggle.props.test.tsx (9.738 s)
PASS tests/useSongSwitcher.props.test.ts
PASS tests/SongHistoryPage.test.tsx
  ??Console

    console.error
      Failed to fetch song history: Error: Failed to load songs
          at C:\Users\Cheney\Documents\Github\LearningSong\frontend\tests\SongHistoryPage.test.tsx:257:46
          at Generator.next (<anonymous>)
          at C:\Users\Cheney\Documents\Github\LearningSong\frontend\tests\SongHistoryPage.test.tsx:41:71
          at new Promise (<anonymous>)
          at __awaiter (C:\Users\Cheney\Documents\Github\LearningSong\frontend\tests\SongHistoryPage.test.tsx:37:12)
          at Object.<anonymous> (C:\Users\Cheney\Documents\Github\LearningSong\frontend\tests\SongHistoryPage.test.tsx:255:68)
          at Promise.finally.completed (C:\Users\Cheney\Documents\Github\LearningSong\frontend\node_modules\.pnpm\jest-circus@30.2.0\node_modules\jest-circus\build\jestAdapterInit.js:1557:28)
          at new Promise (<anonymous>)
          at callAsyncCircusFn (C:\Users\Cheney\Documents\Github\LearningSong\frontend\node_modules\.pnpm\jest-circus@30.2.0\node_modules\jest-circus\build\jestAdapterInit.js:1497:10)
          at _callCircusTest (C:\Users\Cheney\Documents\Github\LearningSong\frontend\node_modules\.pnpm\jest-circus@30.2.0\node_modules\jest-circus\build\jestAdapterInit.js:1007:40)
          at _runTest (C:\Users\Cheney\Documents\Github\LearningSong\frontend\node_modules\.pnpm\jest-circus@30.2.0\node_modules\jest-circus\build\jestAdapterInit.js:947:3)
          at C:\Users\Cheney\Documents\Github\LearningSong\frontend\node_modules\.pnpm\jest-circus@30.2.0\node_modules\jest-circus\build\jestAdapterInit.js:849:7
          at _runTestsForDescribeBlock (C:\Users\Cheney\Documents\Github\LearningSong\frontend\node_modules\.pnpm\jest-circus@30.2.0\node_modules\jest-circus\build\jestAdapterInit.js:862:11)
          at _runTestsForDescribeBlock (C:\Users\Cheney\Documents\Github\LearningSong\frontend\node_modules\.pnpm\jest-circus@30.2.0\node_modules\jest-circus\build\jestAdapterInit.js:857:11)
          at _runTestsForDescribeBlock (C:\Users\Cheney\Documents\Github\LearningSong\frontend\node_modules\.pnpm\jest-circus@30.2.0\node_modules\jest-circus\build\jestAdapterInit.js:857:11)
          at run (C:\Users\Cheney\Documents\Github\LearningSong\frontend\node_modules\.pnpm\jest-circus@30.2.0\node_modules\jest-circus\build\jestAdapterInit.js:761:3)
          at runAndTransformResultsToJestFormat (C:\Users\Cheney\Documents\Github\LearningSong\frontend\node_modules\.pnpm\jest-circus@30.2.0\node_modules\jest-circus\build\jestAdapterInit.js:1918:21)
          at jestAdapter (C:\Users\Cheney\Documents\Github\LearningSong\frontend\node_modules\.pnpm\jest-circus@30.2.0\node_modules\jest-circus\build\runner.js:101:19)
          at runTestInternal (C:\Users\Cheney\Documents\Github\LearningSong\frontend\node_modules\.pnpm\jest-runner@30.2.0\node_modules\jest-runner\build\testWorker.js:275:16)
          at runTest (C:\Users\Cheney\Documents\Github\LearningSong\frontend\node_modules\.pnpm\jest-runner@30.2.0\node_modules\jest-runner\build\testWorker.js:343:7)
          at Object.worker (C:\Users\Cheney\Documents\Github\LearningSong\frontend\node_modules\.pnpm\jest-runner@30.2.0\node_modules\jest-runner\build\testWorker.js:497:12)

      47 |           err instanceof Error ? err.message : 'Failed to load song history'
      48 |         setError(errorMessage)
    > 49 |         console.error('Failed to fetch song history:', err)
         |                 ^
      50 |       } finally {
      51 |         setIsLoading(false)
      52 |       }

      at src/pages/SongHistoryPage.tsx:49:17
          at Generator.throw (<anonymous>)
      at rejected (src/pages/SongHistoryPage.tsx:6:65)

    console.error
      Failed to fetch song history: Error: Network error
          at C:\Users\Cheney\Documents\Github\LearningSong\frontend\tests\SongHistoryPage.test.tsx:268:46
          at Generator.next (<anonymous>)
          at C:\Users\Cheney\Documents\Github\LearningSong\frontend\tests\SongHistoryPage.test.tsx:41:71
          at new Promise (<anonymous>)
          at __awaiter (C:\Users\Cheney\Documents\Github\LearningSong\frontend\tests\SongHistoryPage.test.tsx:37:12)
          at Object.<anonymous> (C:\Users\Cheney\Documents\Github\LearningSong\frontend\tests\SongHistoryPage.test.tsx:267:64)
          at Promise.finally.completed (C:\Users\Cheney\Documents\Github\LearningSong\frontend\node_modules\.pnpm\jest-circus@30.2.0\node_modules\jest-circus\build\jestAdapterInit.js:1557:28)
          at new Promise (<anonymous>)
          at callAsyncCircusFn (C:\Users\Cheney\Documents\Github\LearningSong\frontend\node_modules\.pnpm\jest-circus@30.2.0\node_modules\jest-circus\build\jestAdapterInit.js:1497:10)
          at _callCircusTest (C:\Users\Cheney\Documents\Github\LearningSong\frontend\node_modules\.pnpm\jest-circus@30.2.0\node_modules\jest-circus\build\jestAdapterInit.js:1007:40)
          at _runTest (C:\Users\Cheney\Documents\Github\LearningSong\frontend\node_modules\.pnpm\jest-circus@30.2.0\node_modules\jest-circus\build\jestAdapterInit.js:947:3)
          at C:\Users\Cheney\Documents\Github\LearningSong\frontend\node_modules\.pnpm\jest-circus@30.2.0\node_modules\jest-circus\build\jestAdapterInit.js:849:7
          at _runTestsForDescribeBlock (C:\Users\Cheney\Documents\Github\LearningSong\frontend\node_modules\.pnpm\jest-circus@30.2.0\node_modules\jest-circus\build\jestAdapterInit.js:862:11)
          at _runTestsForDescribeBlock (C:\Users\Cheney\Documents\Github\LearningSong\frontend\node_modules\.pnpm\jest-circus@30.2.0\node_modules\jest-circus\build\jestAdapterInit.js:857:11)
          at _runTestsForDescribeBlock (C:\Users\Cheney\Documents\Github\LearningSong\frontend\node_modules\.pnpm\jest-circus@30.2.0\node_modules\jest-circus\build\jestAdapterInit.js:857:11)
          at run (C:\Users\Cheney\Documents\Github\LearningSong\frontend\node_modules\.pnpm\jest-circus@30.2.0\node_modules\jest-circus\build\jestAdapterInit.js:761:3)
          at runAndTransformResultsToJestFormat (C:\Users\Cheney\Documents\Github\LearningSong\frontend\node_modules\.pnpm\jest-circus@30.2.0\node_modules\jest-circus\build\jestAdapterInit.js:1918:21)
          at jestAdapter (C:\Users\Cheney\Documents\Github\LearningSong\frontend\node_modules\.pnpm\jest-circus@30.2.0\node_modules\jest-circus\build\runner.js:101:19)
          at runTestInternal (C:\Users\Cheney\Documents\Github\LearningSong\frontend\node_modules\.pnpm\jest-runner@30.2.0\node_modules\jest-runner\build\testWorker.js:275:16)
          at runTest (C:\Users\Cheney\Documents\Github\LearningSong\frontend\node_modules\.pnpm\jest-runner@30.2.0\node_modules\jest-runner\build\testWorker.js:343:7)
          at Object.worker (C:\Users\Cheney\Documents\Github\LearningSong\frontend\node_modules\.pnpm\jest-runner@30.2.0\node_modules\jest-runner\build\testWorker.js:497:12)

      47 |           err instanceof Error ? err.message : 'Failed to load song history'
      48 |         setError(errorMessage)
    > 49 |         console.error('Failed to fetch song history:', err)
         |                 ^
      50 |       } finally {
      51 |         setIsLoading(false)
      52 |       }

      at src/pages/SongHistoryPage.tsx:49:17
          at Generator.throw (<anonymous>)
      at rejected (src/pages/SongHistoryPage.tsx:6:65)

    console.error
      An update to SongHistoryPage inside a test was not wrapped in act(...).
      
      When testing, code that causes React state updates should be wrapped into act(...):
      
      act(() => {
        /* fire events that update state */
      });
      /* assert on the output */
      
      This ensures that you're testing the behavior the user would see in the browser. Learn more at https://react.dev/link/wrap-tests-with-act

      42 |         setError(null)
      43 |         const history = await getSongHistory()
    > 44 |         setSongs(history)
         |         ^
      45 |       } catch (err) {
      46 |         const errorMessage =
      47 |           err instanceof Error ? err.message : 'Failed to load song history'

      at node_modules/.pnpm/react-dom@19.2.0_react@19.2.0/node_modules/react-dom/cjs/react-dom-client.development.js:18758:19
      at runWithFiberInDEV (node_modules/.pnpm/react-dom@19.2.0_react@19.2.0/node_modules/react-dom/cjs/react-dom-client.development.js:874:13)
      at warnIfUpdatesNotWrappedWithActDEV (node_modules/.pnpm/react-dom@19.2.0_react@19.2.0/node_modules/react-dom/cjs/react-dom-client.development.js:18757:9)
      at scheduleUpdateOnFiber (node_modules/.pnpm/react-dom@19.2.0_react@19.2.0/node_modules/react-dom/cjs/react-dom-client.development.js:16409:11)
      at dispatchSetStateInternal (node_modules/.pnpm/react-dom@19.2.0_react@19.2.0/node_modules/react-dom/cjs/react-dom-client.development.js:9170:13)
      at dispatchSetState (node_modules/.pnpm/react-dom@19.2.0_react@19.2.0/node_modules/react-dom/cjs/react-dom-client.development.js:9127:7)
      at src/pages/SongHistoryPage.tsx:44:9
      at fulfilled (src/pages/SongHistoryPage.tsx:5:58)

    console.error
      An update to SongHistoryPage inside a test was not wrapped in act(...).
      
      When testing, code that causes React state updates should be wrapped into act(...):
      
      act(() => {
        /* fire events that update state */
      });
      /* assert on the output */
      
      This ensures that you're testing the behavior the user would see in the browser. Learn more at https://react.dev/link/wrap-tests-with-act

      49 |         console.error('Failed to fetch song history:', err)
      50 |       } finally {
    > 51 |         setIsLoading(false)
         |         ^
      52 |       }
      53 |     }
      54 |

      at node_modules/.pnpm/react-dom@19.2.0_react@19.2.0/node_modules/react-dom/cjs/react-dom-client.development.js:18758:19
      at runWithFiberInDEV (node_modules/.pnpm/react-dom@19.2.0_react@19.2.0/node_modules/react-dom/cjs/react-dom-client.development.js:874:13)
      at warnIfUpdatesNotWrappedWithActDEV (node_modules/.pnpm/react-dom@19.2.0_react@19.2.0/node_modules/react-dom/cjs/react-dom-client.development.js:18757:9)
      at scheduleUpdateOnFiber (node_modules/.pnpm/react-dom@19.2.0_react@19.2.0/node_modules/react-dom/cjs/react-dom-client.development.js:16409:11)
      at dispatchSetStateInternal (node_modules/.pnpm/react-dom@19.2.0_react@19.2.0/node_modules/react-dom/cjs/react-dom-client.development.js:9170:13)
      at dispatchSetState (node_modules/.pnpm/react-dom@19.2.0_react@19.2.0/node_modules/react-dom/cjs/react-dom-client.development.js:9127:7)
      at src/pages/SongHistoryPage.tsx:51:9
      at fulfilled (src/pages/SongHistoryPage.tsx:5:58)

PASS tests/LyricsDisplay.props.test.tsx
PASS tests/ProgressTracker.test.tsx
PASS tests/OffsetControl.test.tsx
PASS tests/offset-utils.props.test.ts
PASS tests/offset-storage.props.test.ts
PASS tests/GenerateSongButton.test.tsx
PASS tests/lyricsEditingStore.test.ts
PASS tests/useLyricsSync-marker.props.test.ts
TAP version 13
PASS tests/section-marker-utils.props.test.ts
PASS tests/TextInputArea.test.tsx
PASS tests/SearchToggle.test.tsx
PASS tests/lyrics-sync.props.test.ts
PASS tests/songPlaybackStore.test.ts
PASS tests/useWebSocket.test.ts
  ??Console

    console.error
      WebSocket connection error: Error: Connection failed
          at C:\Users\Cheney\Documents\Github\LearningSong\frontend\tests\useWebSocket.test.ts:336:42
          at Generator.next (<anonymous>)
          at C:\Users\Cheney\Documents\Github\LearningSong\frontend\tests\useWebSocket.test.ts:8:71
          at new Promise (<anonymous>)
          at __awaiter (C:\Users\Cheney\Documents\Github\LearningSong\frontend\tests\useWebSocket.test.ts:4:12)
          at C:\Users\Cheney\Documents\Github\LearningSong\frontend\tests\useWebSocket.test.ts:335:28
          at C:\Users\Cheney\Documents\Github\LearningSong\frontend\node_modules\.pnpm\@testing-library+react@16.3_ce6abeed40b71d24f89e1a1fb3ab855b\node_modules\@testing-library\react\dist\act-compat.js:48:24
          at process.env.NODE_ENV.exports.act (C:\Users\Cheney\Documents\Github\LearningSong\frontend\node_modules\.pnpm\react@19.2.0\node_modules\react\cjs\react.development.js:814:22)
          at C:\Users\Cheney\Documents\Github\LearningSong\frontend\node_modules\.pnpm\@testing-library+react@16.3_ce6abeed40b71d24f89e1a1fb3ab855b\node_modules\@testing-library\react\dist\act-compat.js:47:25
          at C:\Users\Cheney\Documents\Github\LearningSong\frontend\tests\useWebSocket.test.ts:335:16
          at Generator.next (<anonymous>)
          at fulfilled (C:\Users\Cheney\Documents\Github\LearningSong\frontend\tests\useWebSocket.test.ts:5:58)

      185 |       // Connection error
      186 |       socket.on('connect_error', (err) => {
    > 187 |         console.error('WebSocket connection error:', err)
          |                 ^
      188 |         
      189 |         // Determine if this is a network error
      190 |         const isNetworkError = err.message.includes('timeout') || 

      at Object.connect_error (src/hooks/useWebSocket.ts:187:17)
      at tests/useWebSocket.test.ts:336:39
      at tests/useWebSocket.test.ts:8:71
      at __awaiter (tests/useWebSocket.test.ts:4:12)
      at tests/useWebSocket.test.ts:335:28
      at node_modules/.pnpm/@testing-library+react@16.3_ce6abeed40b71d24f89e1a1fb3ab855b/node_modules/@testing-library/react/dist/act-compat.js:48:24
      at process.env.NODE_ENV.exports.act (node_modules/.pnpm/react@19.2.0/node_modules/react/cjs/react.development.js:814:22)
      at node_modules/.pnpm/@testing-library+react@16.3_ce6abeed40b71d24f89e1a1fb3ab855b/node_modules/@testing-library/react/dist/act-compat.js:47:25
      at tests/useWebSocket.test.ts:335:16
      at fulfilled (tests/useWebSocket.test.ts:5:58)

    console.error
      WebSocket connection error: Error: Connection failed
          at C:\Users\Cheney\Documents\Github\LearningSong\frontend\tests\useWebSocket.test.ts:356:42
          at Generator.next (<anonymous>)
          at C:\Users\Cheney\Documents\Github\LearningSong\frontend\tests\useWebSocket.test.ts:8:71
          at new Promise (<anonymous>)
          at __awaiter (C:\Users\Cheney\Documents\Github\LearningSong\frontend\tests\useWebSocket.test.ts:4:12)
          at C:\Users\Cheney\Documents\Github\LearningSong\frontend\tests\useWebSocket.test.ts:355:28
          at C:\Users\Cheney\Documents\Github\LearningSong\frontend\node_modules\.pnpm\@testing-library+react@16.3_ce6abeed40b71d24f89e1a1fb3ab855b\node_modules\@testing-library\react\dist\act-compat.js:48:24
          at process.env.NODE_ENV.exports.act (C:\Users\Cheney\Documents\Github\LearningSong\frontend\node_modules\.pnpm\react@19.2.0\node_modules\react\cjs\react.development.js:814:22)
          at C:\Users\Cheney\Documents\Github\LearningSong\frontend\node_modules\.pnpm\@testing-library+react@16.3_ce6abeed40b71d24f89e1a1fb3ab855b\node_modules\@testing-library\react\dist\act-compat.js:47:25
          at C:\Users\Cheney\Documents\Github\LearningSong\frontend\tests\useWebSocket.test.ts:355:16
          at Generator.next (<anonymous>)
          at fulfilled (C:\Users\Cheney\Documents\Github\LearningSong\frontend\tests\useWebSocket.test.ts:5:58)

      185 |       // Connection error
      186 |       socket.on('connect_error', (err) => {
    > 187 |         console.error('WebSocket connection error:', err)
          |                 ^
      188 |         
      189 |         // Determine if this is a network error
      190 |         const isNetworkError = err.message.includes('timeout') || 

      at Object.connect_error (src/hooks/useWebSocket.ts:187:17)
      at tests/useWebSocket.test.ts:356:39
      at tests/useWebSocket.test.ts:8:71
      at __awaiter (tests/useWebSocket.test.ts:4:12)
      at tests/useWebSocket.test.ts:355:28
      at node_modules/.pnpm/@testing-library+react@16.3_ce6abeed40b71d24f89e1a1fb3ab855b/node_modules/@testing-library/react/dist/act-compat.js:48:24
      at process.env.NODE_ENV.exports.act (node_modules/.pnpm/react@19.2.0/node_modules/react/cjs/react.development.js:814:22)
      at node_modules/.pnpm/@testing-library+react@16.3_ce6abeed40b71d24f89e1a1fb3ab855b/node_modules/@testing-library/react/dist/act-compat.js:47:25
      at tests/useWebSocket.test.ts:355:16
      at fulfilled (tests/useWebSocket.test.ts:5:58)

    console.error
      WebSocket connection error: Error: Connection failed
          at C:\Users\Cheney\Documents\Github\LearningSong\frontend\tests\useWebSocket.test.ts:431:42
          at Generator.next (<anonymous>)
          at C:\Users\Cheney\Documents\Github\LearningSong\frontend\tests\useWebSocket.test.ts:8:71
          at new Promise (<anonymous>)
          at __awaiter (C:\Users\Cheney\Documents\Github\LearningSong\frontend\tests\useWebSocket.test.ts:4:12)
          at C:\Users\Cheney\Documents\Github\LearningSong\frontend\tests\useWebSocket.test.ts:430:28
          at C:\Users\Cheney\Documents\Github\LearningSong\frontend\node_modules\.pnpm\@testing-library+react@16.3_ce6abeed40b71d24f89e1a1fb3ab855b\node_modules\@testing-library\react\dist\act-compat.js:48:24
          at process.env.NODE_ENV.exports.act (C:\Users\Cheney\Documents\Github\LearningSong\frontend\node_modules\.pnpm\react@19.2.0\node_modules\react\cjs\react.development.js:814:22)
          at C:\Users\Cheney\Documents\Github\LearningSong\frontend\node_modules\.pnpm\@testing-library+react@16.3_ce6abeed40b71d24f89e1a1fb3ab855b\node_modules\@testing-library\react\dist\act-compat.js:47:25
          at C:\Users\Cheney\Documents\Github\LearningSong\frontend\tests\useWebSocket.test.ts:430:16
          at Generator.next (<anonymous>)
          at fulfilled (C:\Users\Cheney\Documents\Github\LearningSong\frontend\tests\useWebSocket.test.ts:5:58)

      185 |       // Connection error
      186 |       socket.on('connect_error', (err) => {
    > 187 |         console.error('WebSocket connection error:', err)
          |                 ^
      188 |         
      189 |         // Determine if this is a network error
      190 |         const isNetworkError = err.message.includes('timeout') || 

      at Object.connect_error (src/hooks/useWebSocket.ts:187:17)
      at tests/useWebSocket.test.ts:431:39
      at tests/useWebSocket.test.ts:8:71
      at __awaiter (tests/useWebSocket.test.ts:4:12)
      at tests/useWebSocket.test.ts:430:28
      at node_modules/.pnpm/@testing-library+react@16.3_ce6abeed40b71d24f89e1a1fb3ab855b/node_modules/@testing-library/react/dist/act-compat.js:48:24
      at process.env.NODE_ENV.exports.act (node_modules/.pnpm/react@19.2.0/node_modules/react/cjs/react.development.js:814:22)
      at node_modules/.pnpm/@testing-library+react@16.3_ce6abeed40b71d24f89e1a1fb3ab855b/node_modules/@testing-library/react/dist/act-compat.js:47:25
      at tests/useWebSocket.test.ts:430:16
      at fulfilled (tests/useWebSocket.test.ts:5:58)

    console.error
      WebSocket error: Error: Test error
          at C:\Users\Cheney\Documents\Github\LearningSong\frontend\tests\useWebSocket.test.ts:478:34
          at Generator.next (<anonymous>)
          at C:\Users\Cheney\Documents\Github\LearningSong\frontend\tests\useWebSocket.test.ts:8:71
          at new Promise (<anonymous>)
          at __awaiter (C:\Users\Cheney\Documents\Github\LearningSong\frontend\tests\useWebSocket.test.ts:4:12)
          at C:\Users\Cheney\Documents\Github\LearningSong\frontend\tests\useWebSocket.test.ts:477:28
          at C:\Users\Cheney\Documents\Github\LearningSong\frontend\node_modules\.pnpm\@testing-library+react@16.3_ce6abeed40b71d24f89e1a1fb3ab855b\node_modules\@testing-library\react\dist\act-compat.js:48:24
          at process.env.NODE_ENV.exports.act (C:\Users\Cheney\Documents\Github\LearningSong\frontend\node_modules\.pnpm\react@19.2.0\node_modules\react\cjs\react.development.js:814:22)
          at C:\Users\Cheney\Documents\Github\LearningSong\frontend\node_modules\.pnpm\@testing-library+react@16.3_ce6abeed40b71d24f89e1a1fb3ab855b\node_modules\@testing-library\react\dist\act-compat.js:47:25
          at C:\Users\Cheney\Documents\Github\LearningSong\frontend\tests\useWebSocket.test.ts:477:16
          at Generator.next (<anonymous>)
          at fulfilled (C:\Users\Cheney\Documents\Github\LearningSong\frontend\tests\useWebSocket.test.ts:5:58)

      246 |       // Error event
      247 |       socket.on('error', (err) => {
    > 248 |         console.error('WebSocket error:', err)
          |                 ^
      249 |         handleError(err.message || 'WebSocket error occurred')
      250 |       })
      251 |

      at Object.error (src/hooks/useWebSocket.ts:248:17)
      at tests/useWebSocket.test.ts:478:31
      at tests/useWebSocket.test.ts:8:71
      at __awaiter (tests/useWebSocket.test.ts:4:12)
      at tests/useWebSocket.test.ts:477:28
      at node_modules/.pnpm/@testing-library+react@16.3_ce6abeed40b71d24f89e1a1fb3ab855b/node_modules/@testing-library/react/dist/act-compat.js:48:24
      at process.env.NODE_ENV.exports.act (node_modules/.pnpm/react@19.2.0/node_modules/react/cjs/react.development.js:814:22)
      at node_modules/.pnpm/@testing-library+react@16.3_ce6abeed40b71d24f89e1a1fb3ab855b/node_modules/@testing-library/react/dist/act-compat.js:47:25
      at tests/useWebSocket.test.ts:477:16
      at fulfilled (tests/useWebSocket.test.ts:5:58)

    console.error
      WebSocket error: { message: 'Socket error occurred' }

      246 |       // Error event
      247 |       socket.on('error', (err) => {
    > 248 |         console.error('WebSocket error:', err)
          |                 ^
      249 |         handleError(err.message || 'WebSocket error occurred')
      250 |       })
      251 |

      at Object.error (src/hooks/useWebSocket.ts:248:17)
      at tests/useWebSocket.test.ts:507:31
      at tests/useWebSocket.test.ts:8:71
      at __awaiter (tests/useWebSocket.test.ts:4:12)
      at tests/useWebSocket.test.ts:506:28
      at node_modules/.pnpm/@testing-library+react@16.3_ce6abeed40b71d24f89e1a1fb3ab855b/node_modules/@testing-library/react/dist/act-compat.js:48:24
      at process.env.NODE_ENV.exports.act (node_modules/.pnpm/react@19.2.0/node_modules/react/cjs/react.development.js:814:22)
      at node_modules/.pnpm/@testing-library+react@16.3_ce6abeed40b71d24f89e1a1fb3ab855b/node_modules/@testing-library/react/dist/act-compat.js:47:25
      at tests/useWebSocket.test.ts:506:16
      at fulfilled (tests/useWebSocket.test.ts:5:58)

PASS tests/SyncModeToggle.props.test.tsx
PASS tests/RateLimitIndicator.test.tsx
  ??Console

    console.error
      An update to RateLimitIndicator inside a test was not wrapped in act(...).
      
      When testing, code that causes React state updates should be wrapped into act(...):
      
      act(() => {
        /* fire events that update state */
      });
      /* assert on the output */
      
      This ensures that you're testing the behavior the user would see in the browser. Learn more at https://react.dev/link/wrap-tests-with-act

      25 |       const seconds = Math.floor((diff % (1000 * 60)) / 1000)
      26 |
    > 27 |       setTimeRemaining(`${hours}h ${minutes}m ${seconds}s`)
         |       ^
      28 |     }
      29 |
      30 |     updateTimer()

      at node_modules/.pnpm/react-dom@19.2.0_react@19.2.0/node_modules/react-dom/cjs/react-dom-client.development.js:18758:19
      at runWithFiberInDEV (node_modules/.pnpm/react-dom@19.2.0_react@19.2.0/node_modules/react-dom/cjs/react-dom-client.development.js:874:13)
      at warnIfUpdatesNotWrappedWithActDEV (node_modules/.pnpm/react-dom@19.2.0_react@19.2.0/node_modules/react-dom/cjs/react-dom-client.development.js:18757:9)
      at scheduleUpdateOnFiber (node_modules/.pnpm/react-dom@19.2.0_react@19.2.0/node_modules/react-dom/cjs/react-dom-client.development.js:16409:11)
      at dispatchSetStateInternal (node_modules/.pnpm/react-dom@19.2.0_react@19.2.0/node_modules/react-dom/cjs/react-dom-client.development.js:9170:13)
      at dispatchSetState (node_modules/.pnpm/react-dom@19.2.0_react@19.2.0/node_modules/react-dom/cjs/react-dom-client.development.js:9127:7)
      at updateTimer (src/components/RateLimitIndicator.tsx:27:7)
      at callTimer (node_modules/.pnpm/@sinonjs+fake-timers@13.0.5/node_modules/@sinonjs/fake-timers/src/fake-timers-src.js:806:24)
      at doTickInner (node_modules/.pnpm/@sinonjs+fake-timers@13.0.5/node_modules/@sinonjs/fake-timers/src/fake-timers-src.js:1413:29)
      at doTick (node_modules/.pnpm/@sinonjs+fake-timers@13.0.5/node_modules/@sinonjs/fake-timers/src/fake-timers-src.js:1494:20)
      at Object.tick (node_modules/.pnpm/@sinonjs+fake-timers@13.0.5/node_modules/@sinonjs/fake-timers/src/fake-timers-src.js:1502:20)
      at FakeTimers.advanceTimersByTime (node_modules/.pnpm/@jest+fake-timers@30.2.0/node_modules/@jest/fake-timers/build/index.js:576:19)
      at tests/RateLimitIndicator.test.tsx:152:10
      at fulfilled (tests/RateLimitIndicator.test.tsx:5:58)

PASS tests/useNotifications.test.ts
  ??Console

    console.warn
      Notification permission not granted

      50 |
      51 |     if (permission !== 'granted') {
    > 52 |       console.warn('Notification permission not granted');
         |               ^
      53 |       return;
      54 |     }
      55 |

      at Object.sendNotification (src/hooks/useNotifications.ts:52:15)
      at tests/useNotifications.test.ts:117:22
      at node_modules/.pnpm/@testing-library+react@16.3_ce6abeed40b71d24f89e1a1fb3ab855b/node_modules/@testing-library/react/dist/act-compat.js:48:24
      at process.env.NODE_ENV.exports.act (node_modules/.pnpm/react@19.2.0/node_modules/react/cjs/react.development.js:814:22)
      at node_modules/.pnpm/@testing-library+react@16.3_ce6abeed40b71d24f89e1a1fb3ab855b/node_modules/@testing-library/react/dist/act-compat.js:47:25
      at Object.<anonymous> (tests/useNotifications.test.ts:116:8)

    console.warn
      Browser does not support notifications

      21 |   const requestPermission = useCallback(async (): Promise<boolean> => {
      22 |     if (!('Notification' in window)) {
    > 23 |       console.warn('Browser does not support notifications');
         |               ^
      24 |       return false;
      25 |     }
      26 |

      at src/hooks/useNotifications.ts:23:15
      at src/hooks/useNotifications.ts:8:71
      at __awaiter (src/hooks/useNotifications.ts:4:12)
      at Object.requestPermission (src/hooks/useNotifications.ts:21:70)
      at tests/useNotifications.test.ts:153:48
      at tests/useNotifications.test.ts:8:71
      at __awaiter (tests/useNotifications.test.ts:4:12)
      at tests/useNotifications.test.ts:152:26
      at node_modules/.pnpm/@testing-library+react@16.3_ce6abeed40b71d24f89e1a1fb3ab855b/node_modules/@testing-library/react/dist/act-compat.js:48:24
      at process.env.NODE_ENV.exports.act (node_modules/.pnpm/react@19.2.0/node_modules/react/cjs/react.development.js:814:22)
      at node_modules/.pnpm/@testing-library+react@16.3_ce6abeed40b71d24f89e1a1fb3ab855b/node_modules/@testing-library/react/dist/act-compat.js:47:25
      at tests/useNotifications.test.ts:152:14
      at tests/useNotifications.test.ts:8:71
      at __awaiter (tests/useNotifications.test.ts:4:12)
      at Object.<anonymous> (tests/useNotifications.test.ts:145:59)

    console.warn
      Browser does not support notifications

      45 |   ) => {
      46 |     if (!('Notification' in window)) {
    > 47 |       console.warn('Browser does not support notifications');
         |               ^
      48 |       return;
      49 |     }
      50 |

      at Object.sendNotification (src/hooks/useNotifications.ts:47:15)
      at tests/useNotifications.test.ts:159:22
      at node_modules/.pnpm/@testing-library+react@16.3_ce6abeed40b71d24f89e1a1fb3ab855b/node_modules/@testing-library/react/dist/act-compat.js:48:24
      at process.env.NODE_ENV.exports.act (node_modules/.pnpm/react@19.2.0/node_modules/react/cjs/react.development.js:814:22)
      at node_modules/.pnpm/@testing-library+react@16.3_ce6abeed40b71d24f89e1a1fb3ab855b/node_modules/@testing-library/react/dist/act-compat.js:47:25
      at tests/useNotifications.test.ts:158:8
      at fulfilled (tests/useNotifications.test.ts:5:58)

PASS tests/button.test.tsx
PASS tests/MarkerVisibilityToggle-persistence.props.test.tsx
  ??Console

    console.warn
      Failed to save marker visibility preference: Error: Storage full
          at Proxy.<anonymous> (C:\Users\Cheney\Documents\Github\LearningSong\frontend\tests\MarkerVisibilityToggle-persistence.props.test.tsx:83:21)
          at C:\Users\Cheney\Documents\Github\LearningSong\frontend\node_modules\.pnpm\jest-mock@30.2.0\node_modules\jest-mock\build\index.js:305:39
          at Proxy.<anonymous> (C:\Users\Cheney\Documents\Github\LearningSong\frontend\node_modules\.pnpm\jest-mock@30.2.0\node_modules\jest-mock\build\index.js:312:13)
          at Proxy.mockConstructor (C:\Users\Cheney\Documents\Github\LearningSong\frontend\node_modules\.pnpm\jest-mock@30.2.0\node_modules\jest-mock\build\index.js:102:19)
          at saveMarkerVisibility (C:\Users\Cheney\Documents\Github\LearningSong\frontend\src\components\MarkerVisibilityToggle.tsx:40:18)
          at C:\Users\Cheney\Documents\Github\LearningSong\frontend\tests\MarkerVisibilityToggle-persistence.props.test.tsx:87:46
          at Object.<anonymous> (C:\Users\Cheney\Documents\Github\LearningSong\frontend\node_modules\.pnpm\expect@30.2.0\node_modules\expect\build\index.js:1824:9)
          at Object.throwingMatcher [as toThrow] (C:\Users\Cheney\Documents\Github\LearningSong\frontend\node_modules\.pnpm\expect@30.2.0\node_modules\expect\build\index.js:2235:93)
          at C:\Users\Cheney\Documents\Github\LearningSong\frontend\tests\MarkerVisibilityToggle-persistence.props.test.tsx:87:65
          at Property.predicate (C:\Users\Cheney\Documents\Github\LearningSong\frontend\node_modules\.pnpm\fast-check@4.3.0\node_modules\fast-check\lib\cjs\check\property\Property.js:17:86)
          at Property.run (C:\Users\Cheney\Documents\Github\LearningSong\frontend\node_modules\.pnpm\fast-check@4.3.0\node_modules\fast-check\lib\cjs\check\property\Property.generic.js:46:33)
          at runIt (C:\Users\Cheney\Documents\Github\LearningSong\frontend\node_modules\.pnpm\fast-check@4.3.0\node_modules\fast-check\lib\cjs\check\runner\Runner.js:18:30)
          at check (C:\Users\Cheney\Documents\Github\LearningSong\frontend\node_modules\.pnpm\fast-check@4.3.0\node_modules\fast-check\lib\cjs\check\runner\Runner.js:58:11)
          at Object.assert (C:\Users\Cheney\Documents\Github\LearningSong\frontend\node_modules\.pnpm\fast-check@4.3.0\node_modules\fast-check\lib\cjs\check\runner\Runner.js:61:17)
          at Object.<anonymous> (C:\Users\Cheney\Documents\Github\LearningSong\frontend\tests\MarkerVisibilityToggle-persistence.props.test.tsx:76:10)
          at Promise.finally.completed (C:\Users\Cheney\Documents\Github\LearningSong\frontend\node_modules\.pnpm\jest-circus@30.2.0\node_modules\jest-circus\build\jestAdapterInit.js:1557:28)
          at new Promise (<anonymous>)
          at callAsyncCircusFn (C:\Users\Cheney\Documents\Github\LearningSong\frontend\node_modules\.pnpm\jest-circus@30.2.0\node_modules\jest-circus\build\jestAdapterInit.js:1497:10)
          at _callCircusTest (C:\Users\Cheney\Documents\Github\LearningSong\frontend\node_modules\.pnpm\jest-circus@30.2.0\node_modules\jest-circus\build\jestAdapterInit.js:1007:40)
          at processTicksAndRejections (node:internal/process/task_queues:105:5)
          at _runTest (C:\Users\Cheney\Documents\Github\LearningSong\frontend\node_modules\.pnpm\jest-circus@30.2.0\node_modules\jest-circus\build\jestAdapterInit.js:947:3)
          at C:\Users\Cheney\Documents\Github\LearningSong\frontend\node_modules\.pnpm\jest-circus@30.2.0\node_modules\jest-circus\build\jestAdapterInit.js:849:7
          at _runTestsForDescribeBlock (C:\Users\Cheney\Documents\Github\LearningSong\frontend\node_modules\.pnpm\jest-circus@30.2.0\node_modules\jest-circus\build\jestAdapterInit.js:862:11)
          at _runTestsForDescribeBlock (C:\Users\Cheney\Documents\Github\LearningSong\frontend\node_modules\.pnpm\jest-circus@30.2.0\node_modules\jest-circus\build\jestAdapterInit.js:857:11)
          at _runTestsForDescribeBlock (C:\Users\Cheney\Documents\Github\LearningSong\frontend\node_modules\.pnpm\jest-circus@30.2.0\node_modules\jest-circus\build\jestAdapterInit.js:857:11)
          at run (C:\Users\Cheney\Documents\Github\LearningSong\frontend\node_modules\.pnpm\jest-circus@30.2.0\node_modules\jest-circus\build\jestAdapterInit.js:761:3)
          at runAndTransformResultsToJestFormat (C:\Users\Cheney\Documents\Github\LearningSong\frontend\node_modules\.pnpm\jest-circus@30.2.0\node_modules\jest-circus\build\jestAdapterInit.js:1918:21)
          at jestAdapter (C:\Users\Cheney\Documents\Github\LearningSong\frontend\node_modules\.pnpm\jest-circus@30.2.0\node_modules\jest-circus\build\runner.js:101:19)
          at runTestInternal (C:\Users\Cheney\Documents\Github\LearningSong\frontend\node_modules\.pnpm\jest-runner@30.2.0\node_modules\jest-runner\build\testWorker.js:275:16)
          at runTest (C:\Users\Cheney\Documents\Github\LearningSong\frontend\node_modules\.pnpm\jest-runner@30.2.0\node_modules\jest-runner\build\testWorker.js:343:7)
          at Object.worker (C:\Users\Cheney\Documents\Github\LearningSong\frontend\node_modules\.pnpm\jest-runner@30.2.0\node_modules\jest-runner\build\testWorker.js:497:12)

      40 |     localStorage.setItem(STORAGE_KEY, String(showMarkers))
      41 |   } catch (error) {
    > 42 |     console.warn('Failed to save marker visibility preference:', error)
         |             ^
      43 |   }
      44 | }
      45 |

      at saveMarkerVisibility (src/components/MarkerVisibilityToggle.tsx:42:13)
      at tests/MarkerVisibilityToggle-persistence.props.test.tsx:87:46
      at Object.<anonymous> (node_modules/.pnpm/expect@30.2.0/node_modules/expect/build/index.js:1824:9)
      at Object.throwingMatcher [as toThrow] (node_modules/.pnpm/expect@30.2.0/node_modules/expect/build/index.js:2235:93)
      at tests/MarkerVisibilityToggle-persistence.props.test.tsx:87:65
      at Property.predicate (node_modules/.pnpm/fast-check@4.3.0/node_modules/fast-check/lib/cjs/check/property/Property.js:17:86)
      at Property.run (node_modules/.pnpm/fast-check@4.3.0/node_modules/fast-check/lib/cjs/check/property/Property.generic.js:46:33)
      at runIt (node_modules/.pnpm/fast-check@4.3.0/node_modules/fast-check/lib/cjs/check/runner/Runner.js:18:30)
      at check (node_modules/.pnpm/fast-check@4.3.0/node_modules/fast-check/lib/cjs/check/runner/Runner.js:58:11)
      at Object.assert (node_modules/.pnpm/fast-check@4.3.0/node_modules/fast-check/lib/cjs/check/runner/Runner.js:61:17)
      at Object.<anonymous> (tests/MarkerVisibilityToggle-persistence.props.test.tsx:76:10)

    console.warn
      Failed to save marker visibility preference: Error: Storage full
          at Proxy.<anonymous> (C:\Users\Cheney\Documents\Github\LearningSong\frontend\tests\MarkerVisibilityToggle-persistence.props.test.tsx:83:21)
          at C:\Users\Cheney\Documents\Github\LearningSong\frontend\node_modules\.pnpm\jest-mock@30.2.0\node_modules\jest-mock\build\index.js:305:39
          at Proxy.<anonymous> (C:\Users\Cheney\Documents\Github\LearningSong\frontend\node_modules\.pnpm\jest-mock@30.2.0\node_modules\jest-mock\build\index.js:312:13)
          at Proxy.mockConstructor (C:\Users\Cheney\Documents\Github\LearningSong\frontend\node_modules\.pnpm\jest-mock@30.2.0\node_modules\jest-mock\build\index.js:102:19)
          at saveMarkerVisibility (C:\Users\Cheney\Documents\Github\LearningSong\frontend\src\components\MarkerVisibilityToggle.tsx:40:18)
          at C:\Users\Cheney\Documents\Github\LearningSong\frontend\tests\MarkerVisibilityToggle-persistence.props.test.tsx:87:46
          at Object.<anonymous> (C:\Users\Cheney\Documents\Github\LearningSong\frontend\node_modules\.pnpm\expect@30.2.0\node_modules\expect\build\index.js:1824:9)
          at Object.throwingMatcher [as toThrow] (C:\Users\Cheney\Documents\Github\LearningSong\frontend\node_modules\.pnpm\expect@30.2.0\node_modules\expect\build\index.js:2235:93)
          at C:\Users\Cheney\Documents\Github\LearningSong\frontend\tests\MarkerVisibilityToggle-persistence.props.test.tsx:87:65
          at Property.predicate (C:\Users\Cheney\Documents\Github\LearningSong\frontend\node_modules\.pnpm\fast-check@4.3.0\node_modules\fast-check\lib\cjs\check\property\Property.js:17:86)
          at Property.run (C:\Users\Cheney\Documents\Github\LearningSong\frontend\node_modules\.pnpm\fast-check@4.3.0\node_modules\fast-check\lib\cjs\check\property\Property.generic.js:46:33)
          at runIt (C:\Users\Cheney\Documents\Github\LearningSong\frontend\node_modules\.pnpm\fast-check@4.3.0\node_modules\fast-check\lib\cjs\check\runner\Runner.js:18:30)
          at check (C:\Users\Cheney\Documents\Github\LearningSong\frontend\node_modules\.pnpm\fast-check@4.3.0\node_modules\fast-check\lib\cjs\check\runner\Runner.js:58:11)
          at Object.assert (C:\Users\Cheney\Documents\Github\LearningSong\frontend\node_modules\.pnpm\fast-check@4.3.0\node_modules\fast-check\lib\cjs\check\runner\Runner.js:61:17)
          at Object.<anonymous> (C:\Users\Cheney\Documents\Github\LearningSong\frontend\tests\MarkerVisibilityToggle-persistence.props.test.tsx:76:10)
          at Promise.finally.completed (C:\Users\Cheney\Documents\Github\LearningSong\frontend\node_modules\.pnpm\jest-circus@30.2.0\node_modules\jest-circus\build\jestAdapterInit.js:1557:28)
          at new Promise (<anonymous>)
          at callAsyncCircusFn (C:\Users\Cheney\Documents\Github\LearningSong\frontend\node_modules\.pnpm\jest-circus@30.2.0\node_modules\jest-circus\build\jestAdapterInit.js:1497:10)
          at _callCircusTest (C:\Users\Cheney\Documents\Github\LearningSong\frontend\node_modules\.pnpm\jest-circus@30.2.0\node_modules\jest-circus\build\jestAdapterInit.js:1007:40)
          at processTicksAndRejections (node:internal/process/task_queues:105:5)
          at _runTest (C:\Users\Cheney\Documents\Github\LearningSong\frontend\node_modules\.pnpm\jest-circus@30.2.0\node_modules\jest-circus\build\jestAdapterInit.js:947:3)
          at C:\Users\Cheney\Documents\Github\LearningSong\frontend\node_modules\.pnpm\jest-circus@30.2.0\node_modules\jest-circus\build\jestAdapterInit.js:849:7
          at _runTestsForDescribeBlock (C:\Users\Cheney\Documents\Github\LearningSong\frontend\node_modules\.pnpm\jest-circus@30.2.0\node_modules\jest-circus\build\jestAdapterInit.js:862:11)
          at _runTestsForDescribeBlock (C:\Users\Cheney\Documents\Github\LearningSong\frontend\node_modules\.pnpm\jest-circus@30.2.0\node_modules\jest-circus\build\jestAdapterInit.js:857:11)
          at _runTestsForDescribeBlock (C:\Users\Cheney\Documents\Github\LearningSong\frontend\node_modules\.pnpm\jest-circus@30.2.0\node_modules\jest-circus\build\jestAdapterInit.js:857:11)
          at run (C:\Users\Cheney\Documents\Github\LearningSong\frontend\node_modules\.pnpm\jest-circus@30.2.0\node_modules\jest-circus\build\jestAdapterInit.js:761:3)
          at runAndTransformResultsToJestFormat (C:\Users\Cheney\Documents\Github\LearningSong\frontend\node_modules\.pnpm\jest-circus@30.2.0\node_modules\jest-circus\build\jestAdapterInit.js:1918:21)
          at jestAdapter (C:\Users\Cheney\Documents\Github\LearningSong\frontend\node_modules\.pnpm\jest-circus@30.2.0\node_modules\jest-circus\build\runner.js:101:19)
          at runTestInternal (C:\Users\Cheney\Documents\Github\LearningSong\frontend\node_modules\.pnpm\jest-runner@30.2.0\node_modules\jest-runner\build\testWorker.js:275:16)
          at runTest (C:\Users\Cheney\Documents\Github\LearningSong\frontend\node_modules\.pnpm\jest-runner@30.2.0\node_modules\jest-runner\build\testWorker.js:343:7)
          at Object.worker (C:\Users\Cheney\Documents\Github\LearningSong\frontend\node_modules\.pnpm\jest-runner@30.2.0\node_modules\jest-runner\build\testWorker.js:497:12)

      40 |     localStorage.setItem(STORAGE_KEY, String(showMarkers))
      41 |   } catch (error) {
    > 42 |     console.warn('Failed to save marker visibility preference:', error)
         |             ^
      43 |   }
      44 | }
      45 |

      at saveMarkerVisibility (src/components/MarkerVisibilityToggle.tsx:42:13)
      at tests/MarkerVisibilityToggle-persistence.props.test.tsx:87:46
      at Object.<anonymous> (node_modules/.pnpm/expect@30.2.0/node_modules/expect/build/index.js:1824:9)
      at Object.throwingMatcher [as toThrow] (node_modules/.pnpm/expect@30.2.0/node_modules/expect/build/index.js:2235:93)
      at tests/MarkerVisibilityToggle-persistence.props.test.tsx:87:65
      at Property.predicate (node_modules/.pnpm/fast-check@4.3.0/node_modules/fast-check/lib/cjs/check/property/Property.js:17:86)
      at Property.run (node_modules/.pnpm/fast-check@4.3.0/node_modules/fast-check/lib/cjs/check/property/Property.generic.js:46:33)
      at runIt (node_modules/.pnpm/fast-check@4.3.0/node_modules/fast-check/lib/cjs/check/runner/Runner.js:18:30)
      at check (node_modules/.pnpm/fast-check@4.3.0/node_modules/fast-check/lib/cjs/check/runner/Runner.js:58:11)
      at Object.assert (node_modules/.pnpm/fast-check@4.3.0/node_modules/fast-check/lib/cjs/check/runner/Runner.js:61:17)
      at Object.<anonymous> (tests/MarkerVisibilityToggle-persistence.props.test.tsx:76:10)

    console.warn
      Failed to save marker visibility preference: Error: Storage full
          at Proxy.<anonymous> (C:\Users\Cheney\Documents\Github\LearningSong\frontend\tests\MarkerVisibilityToggle-persistence.props.test.tsx:83:21)
          at C:\Users\Cheney\Documents\Github\LearningSong\frontend\node_modules\.pnpm\jest-mock@30.2.0\node_modules\jest-mock\build\index.js:305:39
          at Proxy.<anonymous> (C:\Users\Cheney\Documents\Github\LearningSong\frontend\node_modules\.pnpm\jest-mock@30.2.0\node_modules\jest-mock\build\index.js:312:13)
          at Proxy.mockConstructor (C:\Users\Cheney\Documents\Github\LearningSong\frontend\node_modules\.pnpm\jest-mock@30.2.0\node_modules\jest-mock\build\index.js:102:19)
          at saveMarkerVisibility (C:\Users\Cheney\Documents\Github\LearningSong\frontend\src\components\MarkerVisibilityToggle.tsx:40:18)
          at C:\Users\Cheney\Documents\Github\LearningSong\frontend\tests\MarkerVisibilityToggle-persistence.props.test.tsx:87:46
          at Object.<anonymous> (C:\Users\Cheney\Documents\Github\LearningSong\frontend\node_modules\.pnpm\expect@30.2.0\node_modules\expect\build\index.js:1824:9)
          at Object.throwingMatcher [as toThrow] (C:\Users\Cheney\Documents\Github\LearningSong\frontend\node_modules\.pnpm\expect@30.2.0\node_modules\expect\build\index.js:2235:93)
          at C:\Users\Cheney\Documents\Github\LearningSong\frontend\tests\MarkerVisibilityToggle-persistence.props.test.tsx:87:65
          at Property.predicate (C:\Users\Cheney\Documents\Github\LearningSong\frontend\node_modules\.pnpm\fast-check@4.3.0\node_modules\fast-check\lib\cjs\check\property\Property.js:17:86)
          at Property.run (C:\Users\Cheney\Documents\Github\LearningSong\frontend\node_modules\.pnpm\fast-check@4.3.0\node_modules\fast-check\lib\cjs\check\property\Property.generic.js:46:33)
          at runIt (C:\Users\Cheney\Documents\Github\LearningSong\frontend\node_modules\.pnpm\fast-check@4.3.0\node_modules\fast-check\lib\cjs\check\runner\Runner.js:18:30)
          at check (C:\Users\Cheney\Documents\Github\LearningSong\frontend\node_modules\.pnpm\fast-check@4.3.0\node_modules\fast-check\lib\cjs\check\runner\Runner.js:58:11)
          at Object.assert (C:\Users\Cheney\Documents\Github\LearningSong\frontend\node_modules\.pnpm\fast-check@4.3.0\node_modules\fast-check\lib\cjs\check\runner\Runner.js:61:17)
          at Object.<anonymous> (C:\Users\Cheney\Documents\Github\LearningSong\frontend\tests\MarkerVisibilityToggle-persistence.props.test.tsx:76:10)
          at Promise.finally.completed (C:\Users\Cheney\Documents\Github\LearningSong\frontend\node_modules\.pnpm\jest-circus@30.2.0\node_modules\jest-circus\build\jestAdapterInit.js:1557:28)
          at new Promise (<anonymous>)
          at callAsyncCircusFn (C:\Users\Cheney\Documents\Github\LearningSong\frontend\node_modules\.pnpm\jest-circus@30.2.0\node_modules\jest-circus\build\jestAdapterInit.js:1497:10)
          at _callCircusTest (C:\Users\Cheney\Documents\Github\LearningSong\frontend\node_modules\.pnpm\jest-circus@30.2.0\node_modules\jest-circus\build\jestAdapterInit.js:1007:40)
          at processTicksAndRejections (node:internal/process/task_queues:105:5)
          at _runTest (C:\Users\Cheney\Documents\Github\LearningSong\frontend\node_modules\.pnpm\jest-circus@30.2.0\node_modules\jest-circus\build\jestAdapterInit.js:947:3)
          at C:\Users\Cheney\Documents\Github\LearningSong\frontend\node_modules\.pnpm\jest-circus@30.2.0\node_modules\jest-circus\build\jestAdapterInit.js:849:7
          at _runTestsForDescribeBlock (C:\Users\Cheney\Documents\Github\LearningSong\frontend\node_modules\.pnpm\jest-circus@30.2.0\node_modules\jest-circus\build\jestAdapterInit.js:862:11)
          at _runTestsForDescribeBlock (C:\Users\Cheney\Documents\Github\LearningSong\frontend\node_modules\.pnpm\jest-circus@30.2.0\node_modules\jest-circus\build\jestAdapterInit.js:857:11)
          at _runTestsForDescribeBlock (C:\Users\Cheney\Documents\Github\LearningSong\frontend\node_modules\.pnpm\jest-circus@30.2.0\node_modules\jest-circus\build\jestAdapterInit.js:857:11)
          at run (C:\Users\Cheney\Documents\Github\LearningSong\frontend\node_modules\.pnpm\jest-circus@30.2.0\node_modules\jest-circus\build\jestAdapterInit.js:761:3)
          at runAndTransformResultsToJestFormat (C:\Users\Cheney\Documents\Github\LearningSong\frontend\node_modules\.pnpm\jest-circus@30.2.0\node_modules\jest-circus\build\jestAdapterInit.js:1918:21)
          at jestAdapter (C:\Users\Cheney\Documents\Github\LearningSong\frontend\node_modules\.pnpm\jest-circus@30.2.0\node_modules\jest-circus\build\runner.js:101:19)
          at runTestInternal (C:\Users\Cheney\Documents\Github\LearningSong\frontend\node_modules\.pnpm\jest-runner@30.2.0\node_modules\jest-runner\build\testWorker.js:275:16)
          at runTest (C:\Users\Cheney\Documents\Github\LearningSong\frontend\node_modules\.pnpm\jest-runner@30.2.0\node_modules\jest-runner\build\testWorker.js:343:7)
          at Object.worker (C:\Users\Cheney\Documents\Github\LearningSong\frontend\node_modules\.pnpm\jest-runner@30.2.0\node_modules\jest-runner\build\testWorker.js:497:12)

      40 |     localStorage.setItem(STORAGE_KEY, String(showMarkers))
      41 |   } catch (error) {
    > 42 |     console.warn('Failed to save marker visibility preference:', error)
         |             ^
      43 |   }
      44 | }
      45 |

      at saveMarkerVisibility (src/components/MarkerVisibilityToggle.tsx:42:13)
      at tests/MarkerVisibilityToggle-persistence.props.test.tsx:87:46
      at Object.<anonymous> (node_modules/.pnpm/expect@30.2.0/node_modules/expect/build/index.js:1824:9)
      at Object.throwingMatcher [as toThrow] (node_modules/.pnpm/expect@30.2.0/node_modules/expect/build/index.js:2235:93)
      at tests/MarkerVisibilityToggle-persistence.props.test.tsx:87:65
      at Property.predicate (node_modules/.pnpm/fast-check@4.3.0/node_modules/fast-check/lib/cjs/check/property/Property.js:17:86)
      at Property.run (node_modules/.pnpm/fast-check@4.3.0/node_modules/fast-check/lib/cjs/check/property/Property.generic.js:46:33)
      at runIt (node_modules/.pnpm/fast-check@4.3.0/node_modules/fast-check/lib/cjs/check/runner/Runner.js:18:30)
      at check (node_modules/.pnpm/fast-check@4.3.0/node_modules/fast-check/lib/cjs/check/runner/Runner.js:58:11)
      at Object.assert (node_modules/.pnpm/fast-check@4.3.0/node_modules/fast-check/lib/cjs/check/runner/Runner.js:61:17)
      at Object.<anonymous> (tests/MarkerVisibilityToggle-persistence.props.test.tsx:76:10)

    console.warn
      Failed to save marker visibility preference: Error: Storage full
          at Proxy.<anonymous> (C:\Users\Cheney\Documents\Github\LearningSong\frontend\tests\MarkerVisibilityToggle-persistence.props.test.tsx:83:21)
          at C:\Users\Cheney\Documents\Github\LearningSong\frontend\node_modules\.pnpm\jest-mock@30.2.0\node_modules\jest-mock\build\index.js:305:39
          at Proxy.<anonymous> (C:\Users\Cheney\Documents\Github\LearningSong\frontend\node_modules\.pnpm\jest-mock@30.2.0\node_modules\jest-mock\build\index.js:312:13)
          at Proxy.mockConstructor (C:\Users\Cheney\Documents\Github\LearningSong\frontend\node_modules\.pnpm\jest-mock@30.2.0\node_modules\jest-mock\build\index.js:102:19)
          at saveMarkerVisibility (C:\Users\Cheney\Documents\Github\LearningSong\frontend\src\components\MarkerVisibilityToggle.tsx:40:18)
          at C:\Users\Cheney\Documents\Github\LearningSong\frontend\tests\MarkerVisibilityToggle-persistence.props.test.tsx:87:46
          at Object.<anonymous> (C:\Users\Cheney\Documents\Github\LearningSong\frontend\node_modules\.pnpm\expect@30.2.0\node_modules\expect\build\index.js:1824:9)
          at Object.throwingMatcher [as toThrow] (C:\Users\Cheney\Documents\Github\LearningSong\frontend\node_modules\.pnpm\expect@30.2.0\node_modules\expect\build\index.js:2235:93)
          at C:\Users\Cheney\Documents\Github\LearningSong\frontend\tests\MarkerVisibilityToggle-persistence.props.test.tsx:87:65
          at Property.predicate (C:\Users\Cheney\Documents\Github\LearningSong\frontend\node_modules\.pnpm\fast-check@4.3.0\node_modules\fast-check\lib\cjs\check\property\Property.js:17:86)
          at Property.run (C:\Users\Cheney\Documents\Github\LearningSong\frontend\node_modules\.pnpm\fast-check@4.3.0\node_modules\fast-check\lib\cjs\check\property\Property.generic.js:46:33)
          at runIt (C:\Users\Cheney\Documents\Github\LearningSong\frontend\node_modules\.pnpm\fast-check@4.3.0\node_modules\fast-check\lib\cjs\check\runner\Runner.js:18:30)
          at check (C:\Users\Cheney\Documents\Github\LearningSong\frontend\node_modules\.pnpm\fast-check@4.3.0\node_modules\fast-check\lib\cjs\check\runner\Runner.js:58:11)
          at Object.assert (C:\Users\Cheney\Documents\Github\LearningSong\frontend\node_modules\.pnpm\fast-check@4.3.0\node_modules\fast-check\lib\cjs\check\runner\Runner.js:61:17)
          at Object.<anonymous> (C:\Users\Cheney\Documents\Github\LearningSong\frontend\tests\MarkerVisibilityToggle-persistence.props.test.tsx:76:10)
          at Promise.finally.completed (C:\Users\Cheney\Documents\Github\LearningSong\frontend\node_modules\.pnpm\jest-circus@30.2.0\node_modules\jest-circus\build\jestAdapterInit.js:1557:28)
          at new Promise (<anonymous>)
          at callAsyncCircusFn (C:\Users\Cheney\Documents\Github\LearningSong\frontend\node_modules\.pnpm\jest-circus@30.2.0\node_modules\jest-circus\build\jestAdapterInit.js:1497:10)
          at _callCircusTest (C:\Users\Cheney\Documents\Github\LearningSong\frontend\node_modules\.pnpm\jest-circus@30.2.0\node_modules\jest-circus\build\jestAdapterInit.js:1007:40)
          at processTicksAndRejections (node:internal/process/task_queues:105:5)
          at _runTest (C:\Users\Cheney\Documents\Github\LearningSong\frontend\node_modules\.pnpm\jest-circus@30.2.0\node_modules\jest-circus\build\jestAdapterInit.js:947:3)
          at C:\Users\Cheney\Documents\Github\LearningSong\frontend\node_modules\.pnpm\jest-circus@30.2.0\node_modules\jest-circus\build\jestAdapterInit.js:849:7
          at _runTestsForDescribeBlock (C:\Users\Cheney\Documents\Github\LearningSong\frontend\node_modules\.pnpm\jest-circus@30.2.0\node_modules\jest-circus\build\jestAdapterInit.js:862:11)
          at _runTestsForDescribeBlock (C:\Users\Cheney\Documents\Github\LearningSong\frontend\node_modules\.pnpm\jest-circus@30.2.0\node_modules\jest-circus\build\jestAdapterInit.js:857:11)
          at _runTestsForDescribeBlock (C:\Users\Cheney\Documents\Github\LearningSong\frontend\node_modules\.pnpm\jest-circus@30.2.0\node_modules\jest-circus\build\jestAdapterInit.js:857:11)
          at run (C:\Users\Cheney\Documents\Github\LearningSong\frontend\node_modules\.pnpm\jest-circus@30.2.0\node_modules\jest-circus\build\jestAdapterInit.js:761:3)
          at runAndTransformResultsToJestFormat (C:\Users\Cheney\Documents\Github\LearningSong\frontend\node_modules\.pnpm\jest-circus@30.2.0\node_modules\jest-circus\build\jestAdapterInit.js:1918:21)
          at jestAdapter (C:\Users\Cheney\Documents\Github\LearningSong\frontend\node_modules\.pnpm\jest-circus@30.2.0\node_modules\jest-circus\build\runner.js:101:19)
          at runTestInternal (C:\Users\Cheney\Documents\Github\LearningSong\frontend\node_modules\.pnpm\jest-runner@30.2.0\node_modules\jest-runner\build\testWorker.js:275:16)
          at runTest (C:\Users\Cheney\Documents\Github\LearningSong\frontend\node_modules\.pnpm\jest-runner@30.2.0\node_modules\jest-runner\build\testWorker.js:343:7)
          at Object.worker (C:\Users\Cheney\Documents\Github\LearningSong\frontend\node_modules\.pnpm\jest-runner@30.2.0\node_modules\jest-runner\build\testWorker.js:497:12)

      40 |     localStorage.setItem(STORAGE_KEY, String(showMarkers))
      41 |   } catch (error) {
    > 42 |     console.warn('Failed to save marker visibility preference:', error)
         |             ^
      43 |   }
      44 | }
      45 |

      at saveMarkerVisibility (src/components/MarkerVisibilityToggle.tsx:42:13)
      at tests/MarkerVisibilityToggle-persistence.props.test.tsx:87:46
      at Object.<anonymous> (node_modules/.pnpm/expect@30.2.0/node_modules/expect/build/index.js:1824:9)
      at Object.throwingMatcher [as toThrow] (node_modules/.pnpm/expect@30.2.0/node_modules/expect/build/index.js:2235:93)
      at tests/MarkerVisibilityToggle-persistence.props.test.tsx:87:65
      at Property.predicate (node_modules/.pnpm/fast-check@4.3.0/node_modules/fast-check/lib/cjs/check/property/Property.js:17:86)
      at Property.run (node_modules/.pnpm/fast-check@4.3.0/node_modules/fast-check/lib/cjs/check/property/Property.generic.js:46:33)
      at runIt (node_modules/.pnpm/fast-check@4.3.0/node_modules/fast-check/lib/cjs/check/runner/Runner.js:18:30)
      at check (node_modules/.pnpm/fast-check@4.3.0/node_modules/fast-check/lib/cjs/check/runner/Runner.js:58:11)
      at Object.assert (node_modules/.pnpm/fast-check@4.3.0/node_modules/fast-check/lib/cjs/check/runner/Runner.js:61:17)
      at Object.<anonymous> (tests/MarkerVisibilityToggle-persistence.props.test.tsx:76:10)

    console.warn
      Failed to save marker visibility preference: Error: Storage full
          at Proxy.<anonymous> (C:\Users\Cheney\Documents\Github\LearningSong\frontend\tests\MarkerVisibilityToggle-persistence.props.test.tsx:83:21)
          at C:\Users\Cheney\Documents\Github\LearningSong\frontend\node_modules\.pnpm\jest-mock@30.2.0\node_modules\jest-mock\build\index.js:305:39
          at Proxy.<anonymous> (C:\Users\Cheney\Documents\Github\LearningSong\frontend\node_modules\.pnpm\jest-mock@30.2.0\node_modules\jest-mock\build\index.js:312:13)
          at Proxy.mockConstructor (C:\Users\Cheney\Documents\Github\LearningSong\frontend\node_modules\.pnpm\jest-mock@30.2.0\node_modules\jest-mock\build\index.js:102:19)
          at saveMarkerVisibility (C:\Users\Cheney\Documents\Github\LearningSong\frontend\src\components\MarkerVisibilityToggle.tsx:40:18)
          at C:\Users\Cheney\Documents\Github\LearningSong\frontend\tests\MarkerVisibilityToggle-persistence.props.test.tsx:87:46
          at Object.<anonymous> (C:\Users\Cheney\Documents\Github\LearningSong\frontend\node_modules\.pnpm\expect@30.2.0\node_modules\expect\build\index.js:1824:9)
          at Object.throwingMatcher [as toThrow] (C:\Users\Cheney\Documents\Github\LearningSong\frontend\node_modules\.pnpm\expect@30.2.0\node_modules\expect\build\index.js:2235:93)
          at C:\Users\Cheney\Documents\Github\LearningSong\frontend\tests\MarkerVisibilityToggle-persistence.props.test.tsx:87:65
          at Property.predicate (C:\Users\Cheney\Documents\Github\LearningSong\frontend\node_modules\.pnpm\fast-check@4.3.0\node_modules\fast-check\lib\cjs\check\property\Property.js:17:86)
          at Property.run (C:\Users\Cheney\Documents\Github\LearningSong\frontend\node_modules\.pnpm\fast-check@4.3.0\node_modules\fast-check\lib\cjs\check\property\Property.generic.js:46:33)
          at runIt (C:\Users\Cheney\Documents\Github\LearningSong\frontend\node_modules\.pnpm\fast-check@4.3.0\node_modules\fast-check\lib\cjs\check\runner\Runner.js:18:30)
          at check (C:\Users\Cheney\Documents\Github\LearningSong\frontend\node_modules\.pnpm\fast-check@4.3.0\node_modules\fast-check\lib\cjs\check\runner\Runner.js:58:11)
          at Object.assert (C:\Users\Cheney\Documents\Github\LearningSong\frontend\node_modules\.pnpm\fast-check@4.3.0\node_modules\fast-check\lib\cjs\check\runner\Runner.js:61:17)
          at Object.<anonymous> (C:\Users\Cheney\Documents\Github\LearningSong\frontend\tests\MarkerVisibilityToggle-persistence.props.test.tsx:76:10)
          at Promise.finally.completed (C:\Users\Cheney\Documents\Github\LearningSong\frontend\node_modules\.pnpm\jest-circus@30.2.0\node_modules\jest-circus\build\jestAdapterInit.js:1557:28)
          at new Promise (<anonymous>)
          at callAsyncCircusFn (C:\Users\Cheney\Documents\Github\LearningSong\frontend\node_modules\.pnpm\jest-circus@30.2.0\node_modules\jest-circus\build\jestAdapterInit.js:1497:10)
          at _callCircusTest (C:\Users\Cheney\Documents\Github\LearningSong\frontend\node_modules\.pnpm\jest-circus@30.2.0\node_modules\jest-circus\build\jestAdapterInit.js:1007:40)
          at processTicksAndRejections (node:internal/process/task_queues:105:5)
          at _runTest (C:\Users\Cheney\Documents\Github\LearningSong\frontend\node_modules\.pnpm\jest-circus@30.2.0\node_modules\jest-circus\build\jestAdapterInit.js:947:3)
          at C:\Users\Cheney\Documents\Github\LearningSong\frontend\node_modules\.pnpm\jest-circus@30.2.0\node_modules\jest-circus\build\jestAdapterInit.js:849:7
          at _runTestsForDescribeBlock (C:\Users\Cheney\Documents\Github\LearningSong\frontend\node_modules\.pnpm\jest-circus@30.2.0\node_modules\jest-circus\build\jestAdapterInit.js:862:11)
          at _runTestsForDescribeBlock (C:\Users\Cheney\Documents\Github\LearningSong\frontend\node_modules\.pnpm\jest-circus@30.2.0\node_modules\jest-circus\build\jestAdapterInit.js:857:11)
          at _runTestsForDescribeBlock (C:\Users\Cheney\Documents\Github\LearningSong\frontend\node_modules\.pnpm\jest-circus@30.2.0\node_modules\jest-circus\build\jestAdapterInit.js:857:11)
          at run (C:\Users\Cheney\Documents\Github\LearningSong\frontend\node_modules\.pnpm\jest-circus@30.2.0\node_modules\jest-circus\build\jestAdapterInit.js:761:3)
          at runAndTransformResultsToJestFormat (C:\Users\Cheney\Documents\Github\LearningSong\frontend\node_modules\.pnpm\jest-circus@30.2.0\node_modules\jest-circus\build\jestAdapterInit.js:1918:21)
          at jestAdapter (C:\Users\Cheney\Documents\Github\LearningSong\frontend\node_modules\.pnpm\jest-circus@30.2.0\node_modules\jest-circus\build\runner.js:101:19)
          at runTestInternal (C:\Users\Cheney\Documents\Github\LearningSong\frontend\node_modules\.pnpm\jest-runner@30.2.0\node_modules\jest-runner\build\testWorker.js:275:16)
          at runTest (C:\Users\Cheney\Documents\Github\LearningSong\frontend\node_modules\.pnpm\jest-runner@30.2.0\node_modules\jest-runner\build\testWorker.js:343:7)
          at Object.worker (C:\Users\Cheney\Documents\Github\LearningSong\frontend\node_modules\.pnpm\jest-runner@30.2.0\node_modules\jest-runner\build\testWorker.js:497:12)

      40 |     localStorage.setItem(STORAGE_KEY, String(showMarkers))
      41 |   } catch (error) {
    > 42 |     console.warn('Failed to save marker visibility preference:', error)
         |             ^
      43 |   }
      44 | }
      45 |

      at saveMarkerVisibility (src/components/MarkerVisibilityToggle.tsx:42:13)
      at tests/MarkerVisibilityToggle-persistence.props.test.tsx:87:46
      at Object.<anonymous> (node_modules/.pnpm/expect@30.2.0/node_modules/expect/build/index.js:1824:9)
      at Object.throwingMatcher [as toThrow] (node_modules/.pnpm/expect@30.2.0/node_modules/expect/build/index.js:2235:93)
      at tests/MarkerVisibilityToggle-persistence.props.test.tsx:87:65
      at Property.predicate (node_modules/.pnpm/fast-check@4.3.0/node_modules/fast-check/lib/cjs/check/property/Property.js:17:86)
      at Property.run (node_modules/.pnpm/fast-check@4.3.0/node_modules/fast-check/lib/cjs/check/property/Property.generic.js:46:33)
      at runIt (node_modules/.pnpm/fast-check@4.3.0/node_modules/fast-check/lib/cjs/check/runner/Runner.js:18:30)
      at check (node_modules/.pnpm/fast-check@4.3.0/node_modules/fast-check/lib/cjs/check/runner/Runner.js:58:11)
      at Object.assert (node_modules/.pnpm/fast-check@4.3.0/node_modules/fast-check/lib/cjs/check/runner/Runner.js:61:17)
      at Object.<anonymous> (tests/MarkerVisibilityToggle-persistence.props.test.tsx:76:10)

    console.warn
      Failed to save marker visibility preference: Error: Storage full
          at Proxy.<anonymous> (C:\Users\Cheney\Documents\Github\LearningSong\frontend\tests\MarkerVisibilityToggle-persistence.props.test.tsx:83:21)
          at C:\Users\Cheney\Documents\Github\LearningSong\frontend\node_modules\.pnpm\jest-mock@30.2.0\node_modules\jest-mock\build\index.js:305:39
          at Proxy.<anonymous> (C:\Users\Cheney\Documents\Github\LearningSong\frontend\node_modules\.pnpm\jest-mock@30.2.0\node_modules\jest-mock\build\index.js:312:13)
          at Proxy.mockConstructor (C:\Users\Cheney\Documents\Github\LearningSong\frontend\node_modules\.pnpm\jest-mock@30.2.0\node_modules\jest-mock\build\index.js:102:19)
          at saveMarkerVisibility (C:\Users\Cheney\Documents\Github\LearningSong\frontend\src\components\MarkerVisibilityToggle.tsx:40:18)
          at C:\Users\Cheney\Documents\Github\LearningSong\frontend\tests\MarkerVisibilityToggle-persistence.props.test.tsx:87:46
          at Object.<anonymous> (C:\Users\Cheney\Documents\Github\LearningSong\frontend\node_modules\.pnpm\expect@30.2.0\node_modules\expect\build\index.js:1824:9)
          at Object.throwingMatcher [as toThrow] (C:\Users\Cheney\Documents\Github\LearningSong\frontend\node_modules\.pnpm\expect@30.2.0\node_modules\expect\build\index.js:2235:93)
          at C:\Users\Cheney\Documents\Github\LearningSong\frontend\tests\MarkerVisibilityToggle-persistence.props.test.tsx:87:65
          at Property.predicate (C:\Users\Cheney\Documents\Github\LearningSong\frontend\node_modules\.pnpm\fast-check@4.3.0\node_modules\fast-check\lib\cjs\check\property\Property.js:17:86)
          at Property.run (C:\Users\Cheney\Documents\Github\LearningSong\frontend\node_modules\.pnpm\fast-check@4.3.0\node_modules\fast-check\lib\cjs\check\property\Property.generic.js:46:33)
          at runIt (C:\Users\Cheney\Documents\Github\LearningSong\frontend\node_modules\.pnpm\fast-check@4.3.0\node_modules\fast-check\lib\cjs\check\runner\Runner.js:18:30)
          at check (C:\Users\Cheney\Documents\Github\LearningSong\frontend\node_modules\.pnpm\fast-check@4.3.0\node_modules\fast-check\lib\cjs\check\runner\Runner.js:58:11)
          at Object.assert (C:\Users\Cheney\Documents\Github\LearningSong\frontend\node_modules\.pnpm\fast-check@4.3.0\node_modules\fast-check\lib\cjs\check\runner\Runner.js:61:17)
          at Object.<anonymous> (C:\Users\Cheney\Documents\Github\LearningSong\frontend\tests\MarkerVisibilityToggle-persistence.props.test.tsx:76:10)
          at Promise.finally.completed (C:\Users\Cheney\Documents\Github\LearningSong\frontend\node_modules\.pnpm\jest-circus@30.2.0\node_modules\jest-circus\build\jestAdapterInit.js:1557:28)
          at new Promise (<anonymous>)
          at callAsyncCircusFn (C:\Users\Cheney\Documents\Github\LearningSong\frontend\node_modules\.pnpm\jest-circus@30.2.0\node_modules\jest-circus\build\jestAdapterInit.js:1497:10)
          at _callCircusTest (C:\Users\Cheney\Documents\Github\LearningSong\frontend\node_modules\.pnpm\jest-circus@30.2.0\node_modules\jest-circus\build\jestAdapterInit.js:1007:40)
          at processTicksAndRejections (node:internal/process/task_queues:105:5)
          at _runTest (C:\Users\Cheney\Documents\Github\LearningSong\frontend\node_modules\.pnpm\jest-circus@30.2.0\node_modules\jest-circus\build\jestAdapterInit.js:947:3)
          at C:\Users\Cheney\Documents\Github\LearningSong\frontend\node_modules\.pnpm\jest-circus@30.2.0\node_modules\jest-circus\build\jestAdapterInit.js:849:7
          at _runTestsForDescribeBlock (C:\Users\Cheney\Documents\Github\LearningSong\frontend\node_modules\.pnpm\jest-circus@30.2.0\node_modules\jest-circus\build\jestAdapterInit.js:862:11)
          at _runTestsForDescribeBlock (C:\Users\Cheney\Documents\Github\LearningSong\frontend\node_modules\.pnpm\jest-circus@30.2.0\node_modules\jest-circus\build\jestAdapterInit.js:857:11)
          at _runTestsForDescribeBlock (C:\Users\Cheney\Documents\Github\LearningSong\frontend\node_modules\.pnpm\jest-circus@30.2.0\node_modules\jest-circus\build\jestAdapterInit.js:857:11)
          at run (C:\Users\Cheney\Documents\Github\LearningSong\frontend\node_modules\.pnpm\jest-circus@30.2.0\node_modules\jest-circus\build\jestAdapterInit.js:761:3)
          at runAndTransformResultsToJestFormat (C:\Users\Cheney\Documents\Github\LearningSong\frontend\node_modules\.pnpm\jest-circus@30.2.0\node_modules\jest-circus\build\jestAdapterInit.js:1918:21)
          at jestAdapter (C:\Users\Cheney\Documents\Github\LearningSong\frontend\node_modules\.pnpm\jest-circus@30.2.0\node_modules\jest-circus\build\runner.js:101:19)
          at runTestInternal (C:\Users\Cheney\Documents\Github\LearningSong\frontend\node_modules\.pnpm\jest-runner@30.2.0\node_modules\jest-runner\build\testWorker.js:275:16)
          at runTest (C:\Users\Cheney\Documents\Github\LearningSong\frontend\node_modules\.pnpm\jest-runner@30.2.0\node_modules\jest-runner\build\testWorker.js:343:7)
          at Object.worker (C:\Users\Cheney\Documents\Github\LearningSong\frontend\node_modules\.pnpm\jest-runner@30.2.0\node_modules\jest-runner\build\testWorker.js:497:12)

      40 |     localStorage.setItem(STORAGE_KEY, String(showMarkers))
      41 |   } catch (error) {
    > 42 |     console.warn('Failed to save marker visibility preference:', error)
         |             ^
      43 |   }
      44 | }
      45 |

      at saveMarkerVisibility (src/components/MarkerVisibilityToggle.tsx:42:13)
      at tests/MarkerVisibilityToggle-persistence.props.test.tsx:87:46
      at Object.<anonymous> (node_modules/.pnpm/expect@30.2.0/node_modules/expect/build/index.js:1824:9)
      at Object.throwingMatcher [as toThrow] (node_modules/.pnpm/expect@30.2.0/node_modules/expect/build/index.js:2235:93)
      at tests/MarkerVisibilityToggle-persistence.props.test.tsx:87:65
      at Property.predicate (node_modules/.pnpm/fast-check@4.3.0/node_modules/fast-check/lib/cjs/check/property/Property.js:17:86)
      at Property.run (node_modules/.pnpm/fast-check@4.3.0/node_modules/fast-check/lib/cjs/check/property/Property.generic.js:46:33)
      at runIt (node_modules/.pnpm/fast-check@4.3.0/node_modules/fast-check/lib/cjs/check/runner/Runner.js:18:30)
      at check (node_modules/.pnpm/fast-check@4.3.0/node_modules/fast-check/lib/cjs/check/runner/Runner.js:58:11)
      at Object.assert (node_modules/.pnpm/fast-check@4.3.0/node_modules/fast-check/lib/cjs/check/runner/Runner.js:61:17)
      at Object.<anonymous> (tests/MarkerVisibilityToggle-persistence.props.test.tsx:76:10)

    console.warn
      Failed to save marker visibility preference: Error: Storage full
          at Proxy.<anonymous> (C:\Users\Cheney\Documents\Github\LearningSong\frontend\tests\MarkerVisibilityToggle-persistence.props.test.tsx:83:21)
          at C:\Users\Cheney\Documents\Github\LearningSong\frontend\node_modules\.pnpm\jest-mock@30.2.0\node_modules\jest-mock\build\index.js:305:39
          at Proxy.<anonymous> (C:\Users\Cheney\Documents\Github\LearningSong\frontend\node_modules\.pnpm\jest-mock@30.2.0\node_modules\jest-mock\build\index.js:312:13)
          at Proxy.mockConstructor (C:\Users\Cheney\Documents\Github\LearningSong\frontend\node_modules\.pnpm\jest-mock@30.2.0\node_modules\jest-mock\build\index.js:102:19)
          at saveMarkerVisibility (C:\Users\Cheney\Documents\Github\LearningSong\frontend\src\components\MarkerVisibilityToggle.tsx:40:18)
          at C:\Users\Cheney\Documents\Github\LearningSong\frontend\tests\MarkerVisibilityToggle-persistence.props.test.tsx:87:46
          at Object.<anonymous> (C:\Users\Cheney\Documents\Github\LearningSong\frontend\node_modules\.pnpm\expect@30.2.0\node_modules\expect\build\index.js:1824:9)
          at Object.throwingMatcher [as toThrow] (C:\Users\Cheney\Documents\Github\LearningSong\frontend\node_modules\.pnpm\expect@30.2.0\node_modules\expect\build\index.js:2235:93)
          at C:\Users\Cheney\Documents\Github\LearningSong\frontend\tests\MarkerVisibilityToggle-persistence.props.test.tsx:87:65
          at Property.predicate (C:\Users\Cheney\Documents\Github\LearningSong\frontend\node_modules\.pnpm\fast-check@4.3.0\node_modules\fast-check\lib\cjs\check\property\Property.js:17:86)
          at Property.run (C:\Users\Cheney\Documents\Github\LearningSong\frontend\node_modules\.pnpm\fast-check@4.3.0\node_modules\fast-check\lib\cjs\check\property\Property.generic.js:46:33)
          at runIt (C:\Users\Cheney\Documents\Github\LearningSong\frontend\node_modules\.pnpm\fast-check@4.3.0\node_modules\fast-check\lib\cjs\check\runner\Runner.js:18:30)
          at check (C:\Users\Cheney\Documents\Github\LearningSong\frontend\node_modules\.pnpm\fast-check@4.3.0\node_modules\fast-check\lib\cjs\check\runner\Runner.js:58:11)
          at Object.assert (C:\Users\Cheney\Documents\Github\LearningSong\frontend\node_modules\.pnpm\fast-check@4.3.0\node_modules\fast-check\lib\cjs\check\runner\Runner.js:61:17)
          at Object.<anonymous> (C:\Users\Cheney\Documents\Github\LearningSong\frontend\tests\MarkerVisibilityToggle-persistence.props.test.tsx:76:10)
          at Promise.finally.completed (C:\Users\Cheney\Documents\Github\LearningSong\frontend\node_modules\.pnpm\jest-circus@30.2.0\node_modules\jest-circus\build\jestAdapterInit.js:1557:28)
          at new Promise (<anonymous>)
          at callAsyncCircusFn (C:\Users\Cheney\Documents\Github\LearningSong\frontend\node_modules\.pnpm\jest-circus@30.2.0\node_modules\jest-circus\build\jestAdapterInit.js:1497:10)
          at _callCircusTest (C:\Users\Cheney\Documents\Github\LearningSong\frontend\node_modules\.pnpm\jest-circus@30.2.0\node_modules\jest-circus\build\jestAdapterInit.js:1007:40)
          at processTicksAndRejections (node:internal/process/task_queues:105:5)
          at _runTest (C:\Users\Cheney\Documents\Github\LearningSong\frontend\node_modules\.pnpm\jest-circus@30.2.0\node_modules\jest-circus\build\jestAdapterInit.js:947:3)
          at C:\Users\Cheney\Documents\Github\LearningSong\frontend\node_modules\.pnpm\jest-circus@30.2.0\node_modules\jest-circus\build\jestAdapterInit.js:849:7
          at _runTestsForDescribeBlock (C:\Users\Cheney\Documents\Github\LearningSong\frontend\node_modules\.pnpm\jest-circus@30.2.0\node_modules\jest-circus\build\jestAdapterInit.js:862:11)
          at _runTestsForDescribeBlock (C:\Users\Cheney\Documents\Github\LearningSong\frontend\node_modules\.pnpm\jest-circus@30.2.0\node_modules\jest-circus\build\jestAdapterInit.js:857:11)
          at _runTestsForDescribeBlock (C:\Users\Cheney\Documents\Github\LearningSong\frontend\node_modules\.pnpm\jest-circus@30.2.0\node_modules\jest-circus\build\jestAdapterInit.js:857:11)
          at run (C:\Users\Cheney\Documents\Github\LearningSong\frontend\node_modules\.pnpm\jest-circus@30.2.0\node_modules\jest-circus\build\jestAdapterInit.js:761:3)
          at runAndTransformResultsToJestFormat (C:\Users\Cheney\Documents\Github\LearningSong\frontend\node_modules\.pnpm\jest-circus@30.2.0\node_modules\jest-circus\build\jestAdapterInit.js:1918:21)
          at jestAdapter (C:\Users\Cheney\Documents\Github\LearningSong\frontend\node_modules\.pnpm\jest-circus@30.2.0\node_modules\jest-circus\build\runner.js:101:19)
          at runTestInternal (C:\Users\Cheney\Documents\Github\LearningSong\frontend\node_modules\.pnpm\jest-runner@30.2.0\node_modules\jest-runner\build\testWorker.js:275:16)
          at runTest (C:\Users\Cheney\Documents\Github\LearningSong\frontend\node_modules\.pnpm\jest-runner@30.2.0\node_modules\jest-runner\build\testWorker.js:343:7)
          at Object.worker (C:\Users\Cheney\Documents\Github\LearningSong\frontend\node_modules\.pnpm\jest-runner@30.2.0\node_modules\jest-runner\build\testWorker.js:497:12)

      40 |     localStorage.setItem(STORAGE_KEY, String(showMarkers))
      41 |   } catch (error) {
    > 42 |     console.warn('Failed to save marker visibility preference:', error)
         |             ^
      43 |   }
      44 | }
      45 |

      at saveMarkerVisibility (src/components/MarkerVisibilityToggle.tsx:42:13)
      at tests/MarkerVisibilityToggle-persistence.props.test.tsx:87:46
      at Object.<anonymous> (node_modules/.pnpm/expect@30.2.0/node_modules/expect/build/index.js:1824:9)
      at Object.throwingMatcher [as toThrow] (node_modules/.pnpm/expect@30.2.0/node_modules/expect/build/index.js:2235:93)
      at tests/MarkerVisibilityToggle-persistence.props.test.tsx:87:65
      at Property.predicate (node_modules/.pnpm/fast-check@4.3.0/node_modules/fast-check/lib/cjs/check/property/Property.js:17:86)
      at Property.run (node_modules/.pnpm/fast-check@4.3.0/node_modules/fast-check/lib/cjs/check/property/Property.generic.js:46:33)
      at runIt (node_modules/.pnpm/fast-check@4.3.0/node_modules/fast-check/lib/cjs/check/runner/Runner.js:18:30)
      at check (node_modules/.pnpm/fast-check@4.3.0/node_modules/fast-check/lib/cjs/check/runner/Runner.js:58:11)
      at Object.assert (node_modules/.pnpm/fast-check@4.3.0/node_modules/fast-check/lib/cjs/check/runner/Runner.js:61:17)
      at Object.<anonymous> (tests/MarkerVisibilityToggle-persistence.props.test.tsx:76:10)

    console.warn
      Failed to save marker visibility preference: Error: Storage full
          at Proxy.<anonymous> (C:\Users\Cheney\Documents\Github\LearningSong\frontend\tests\MarkerVisibilityToggle-persistence.props.test.tsx:83:21)
          at C:\Users\Cheney\Documents\Github\LearningSong\frontend\node_modules\.pnpm\jest-mock@30.2.0\node_modules\jest-mock\build\index.js:305:39
          at Proxy.<anonymous> (C:\Users\Cheney\Documents\Github\LearningSong\frontend\node_modules\.pnpm\jest-mock@30.2.0\node_modules\jest-mock\build\index.js:312:13)
          at Proxy.mockConstructor (C:\Users\Cheney\Documents\Github\LearningSong\frontend\node_modules\.pnpm\jest-mock@30.2.0\node_modules\jest-mock\build\index.js:102:19)
          at saveMarkerVisibility (C:\Users\Cheney\Documents\Github\LearningSong\frontend\src\components\MarkerVisibilityToggle.tsx:40:18)
          at C:\Users\Cheney\Documents\Github\LearningSong\frontend\tests\MarkerVisibilityToggle-persistence.props.test.tsx:87:46
          at Object.<anonymous> (C:\Users\Cheney\Documents\Github\LearningSong\frontend\node_modules\.pnpm\expect@30.2.0\node_modules\expect\build\index.js:1824:9)
          at Object.throwingMatcher [as toThrow] (C:\Users\Cheney\Documents\Github\LearningSong\frontend\node_modules\.pnpm\expect@30.2.0\node_modules\expect\build\index.js:2235:93)
          at C:\Users\Cheney\Documents\Github\LearningSong\frontend\tests\MarkerVisibilityToggle-persistence.props.test.tsx:87:65
          at Property.predicate (C:\Users\Cheney\Documents\Github\LearningSong\frontend\node_modules\.pnpm\fast-check@4.3.0\node_modules\fast-check\lib\cjs\check\property\Property.js:17:86)
          at Property.run (C:\Users\Cheney\Documents\Github\LearningSong\frontend\node_modules\.pnpm\fast-check@4.3.0\node_modules\fast-check\lib\cjs\check\property\Property.generic.js:46:33)
          at runIt (C:\Users\Cheney\Documents\Github\LearningSong\frontend\node_modules\.pnpm\fast-check@4.3.0\node_modules\fast-check\lib\cjs\check\runner\Runner.js:18:30)
          at check (C:\Users\Cheney\Documents\Github\LearningSong\frontend\node_modules\.pnpm\fast-check@4.3.0\node_modules\fast-check\lib\cjs\check\runner\Runner.js:58:11)
          at Object.assert (C:\Users\Cheney\Documents\Github\LearningSong\frontend\node_modules\.pnpm\fast-check@4.3.0\node_modules\fast-check\lib\cjs\check\runner\Runner.js:61:17)
          at Object.<anonymous> (C:\Users\Cheney\Documents\Github\LearningSong\frontend\tests\MarkerVisibilityToggle-persistence.props.test.tsx:76:10)
          at Promise.finally.completed (C:\Users\Cheney\Documents\Github\LearningSong\frontend\node_modules\.pnpm\jest-circus@30.2.0\node_modules\jest-circus\build\jestAdapterInit.js:1557:28)
          at new Promise (<anonymous>)
          at callAsyncCircusFn (C:\Users\Cheney\Documents\Github\LearningSong\frontend\node_modules\.pnpm\jest-circus@30.2.0\node_modules\jest-circus\build\jestAdapterInit.js:1497:10)
          at _callCircusTest (C:\Users\Cheney\Documents\Github\LearningSong\frontend\node_modules\.pnpm\jest-circus@30.2.0\node_modules\jest-circus\build\jestAdapterInit.js:1007:40)
          at processTicksAndRejections (node:internal/process/task_queues:105:5)
          at _runTest (C:\Users\Cheney\Documents\Github\LearningSong\frontend\node_modules\.pnpm\jest-circus@30.2.0\node_modules\jest-circus\build\jestAdapterInit.js:947:3)
          at C:\Users\Cheney\Documents\Github\LearningSong\frontend\node_modules\.pnpm\jest-circus@30.2.0\node_modules\jest-circus\build\jestAdapterInit.js:849:7
          at _runTestsForDescribeBlock (C:\Users\Cheney\Documents\Github\LearningSong\frontend\node_modules\.pnpm\jest-circus@30.2.0\node_modules\jest-circus\build\jestAdapterInit.js:862:11)
          at _runTestsForDescribeBlock (C:\Users\Cheney\Documents\Github\LearningSong\frontend\node_modules\.pnpm\jest-circus@30.2.0\node_modules\jest-circus\build\jestAdapterInit.js:857:11)
          at _runTestsForDescribeBlock (C:\Users\Cheney\Documents\Github\LearningSong\frontend\node_modules\.pnpm\jest-circus@30.2.0\node_modules\jest-circus\build\jestAdapterInit.js:857:11)
          at run (C:\Users\Cheney\Documents\Github\LearningSong\frontend\node_modules\.pnpm\jest-circus@30.2.0\node_modules\jest-circus\build\jestAdapterInit.js:761:3)
          at runAndTransformResultsToJestFormat (C:\Users\Cheney\Documents\Github\LearningSong\frontend\node_modules\.pnpm\jest-circus@30.2.0\node_modules\jest-circus\build\jestAdapterInit.js:1918:21)
          at jestAdapter (C:\Users\Cheney\Documents\Github\LearningSong\frontend\node_modules\.pnpm\jest-circus@30.2.0\node_modules\jest-circus\build\runner.js:101:19)
          at runTestInternal (C:\Users\Cheney\Documents\Github\LearningSong\frontend\node_modules\.pnpm\jest-runner@30.2.0\node_modules\jest-runner\build\testWorker.js:275:16)
          at runTest (C:\Users\Cheney\Documents\Github\LearningSong\frontend\node_modules\.pnpm\jest-runner@30.2.0\node_modules\jest-runner\build\testWorker.js:343:7)
          at Object.worker (C:\Users\Cheney\Documents\Github\LearningSong\frontend\node_modules\.pnpm\jest-runner@30.2.0\node_modules\jest-runner\build\testWorker.js:497:12)

      40 |     localStorage.setItem(STORAGE_KEY, String(showMarkers))
      41 |   } catch (error) {
    > 42 |     console.warn('Failed to save marker visibility preference:', error)
         |             ^
      43 |   }
      44 | }
      45 |

      at saveMarkerVisibility (src/components/MarkerVisibilityToggle.tsx:42:13)
      at tests/MarkerVisibilityToggle-persistence.props.test.tsx:87:46
      at Object.<anonymous> (node_modules/.pnpm/expect@30.2.0/node_modules/expect/build/index.js:1824:9)
      at Object.throwingMatcher [as toThrow] (node_modules/.pnpm/expect@30.2.0/node_modules/expect/build/index.js:2235:93)
      at tests/MarkerVisibilityToggle-persistence.props.test.tsx:87:65
      at Property.predicate (node_modules/.pnpm/fast-check@4.3.0/node_modules/fast-check/lib/cjs/check/property/Property.js:17:86)
      at Property.run (node_modules/.pnpm/fast-check@4.3.0/node_modules/fast-check/lib/cjs/check/property/Property.generic.js:46:33)
      at runIt (node_modules/.pnpm/fast-check@4.3.0/node_modules/fast-check/lib/cjs/check/runner/Runner.js:18:30)
      at check (node_modules/.pnpm/fast-check@4.3.0/node_modules/fast-check/lib/cjs/check/runner/Runner.js:58:11)
      at Object.assert (node_modules/.pnpm/fast-check@4.3.0/node_modules/fast-check/lib/cjs/check/runner/Runner.js:61:17)
      at Object.<anonymous> (tests/MarkerVisibilityToggle-persistence.props.test.tsx:76:10)

    console.warn
      Failed to save marker visibility preference: Error: Storage full
          at Proxy.<anonymous> (C:\Users\Cheney\Documents\Github\LearningSong\frontend\tests\MarkerVisibilityToggle-persistence.props.test.tsx:83:21)
          at C:\Users\Cheney\Documents\Github\LearningSong\frontend\node_modules\.pnpm\jest-mock@30.2.0\node_modules\jest-mock\build\index.js:305:39
          at Proxy.<anonymous> (C:\Users\Cheney\Documents\Github\LearningSong\frontend\node_modules\.pnpm\jest-mock@30.2.0\node_modules\jest-mock\build\index.js:312:13)
          at Proxy.mockConstructor (C:\Users\Cheney\Documents\Github\LearningSong\frontend\node_modules\.pnpm\jest-mock@30.2.0\node_modules\jest-mock\build\index.js:102:19)
          at saveMarkerVisibility (C:\Users\Cheney\Documents\Github\LearningSong\frontend\src\components\MarkerVisibilityToggle.tsx:40:18)
          at C:\Users\Cheney\Documents\Github\LearningSong\frontend\tests\MarkerVisibilityToggle-persistence.props.test.tsx:87:46
          at Object.<anonymous> (C:\Users\Cheney\Documents\Github\LearningSong\frontend\node_modules\.pnpm\expect@30.2.0\node_modules\expect\build\index.js:1824:9)
          at Object.throwingMatcher [as toThrow] (C:\Users\Cheney\Documents\Github\LearningSong\frontend\node_modules\.pnpm\expect@30.2.0\node_modules\expect\build\index.js:2235:93)
          at C:\Users\Cheney\Documents\Github\LearningSong\frontend\tests\MarkerVisibilityToggle-persistence.props.test.tsx:87:65
          at Property.predicate (C:\Users\Cheney\Documents\Github\LearningSong\frontend\node_modules\.pnpm\fast-check@4.3.0\node_modules\fast-check\lib\cjs\check\property\Property.js:17:86)
          at Property.run (C:\Users\Cheney\Documents\Github\LearningSong\frontend\node_modules\.pnpm\fast-check@4.3.0\node_modules\fast-check\lib\cjs\check\property\Property.generic.js:46:33)
          at runIt (C:\Users\Cheney\Documents\Github\LearningSong\frontend\node_modules\.pnpm\fast-check@4.3.0\node_modules\fast-check\lib\cjs\check\runner\Runner.js:18:30)
          at check (C:\Users\Cheney\Documents\Github\LearningSong\frontend\node_modules\.pnpm\fast-check@4.3.0\node_modules\fast-check\lib\cjs\check\runner\Runner.js:58:11)
          at Object.assert (C:\Users\Cheney\Documents\Github\LearningSong\frontend\node_modules\.pnpm\fast-check@4.3.0\node_modules\fast-check\lib\cjs\check\runner\Runner.js:61:17)
          at Object.<anonymous> (C:\Users\Cheney\Documents\Github\LearningSong\frontend\tests\MarkerVisibilityToggle-persistence.props.test.tsx:76:10)
          at Promise.finally.completed (C:\Users\Cheney\Documents\Github\LearningSong\frontend\node_modules\.pnpm\jest-circus@30.2.0\node_modules\jest-circus\build\jestAdapterInit.js:1557:28)
          at new Promise (<anonymous>)
          at callAsyncCircusFn (C:\Users\Cheney\Documents\Github\LearningSong\frontend\node_modules\.pnpm\jest-circus@30.2.0\node_modules\jest-circus\build\jestAdapterInit.js:1497:10)
          at _callCircusTest (C:\Users\Cheney\Documents\Github\LearningSong\frontend\node_modules\.pnpm\jest-circus@30.2.0\node_modules\jest-circus\build\jestAdapterInit.js:1007:40)
          at processTicksAndRejections (node:internal/process/task_queues:105:5)
          at _runTest (C:\Users\Cheney\Documents\Github\LearningSong\frontend\node_modules\.pnpm\jest-circus@30.2.0\node_modules\jest-circus\build\jestAdapterInit.js:947:3)
          at C:\Users\Cheney\Documents\Github\LearningSong\frontend\node_modules\.pnpm\jest-circus@30.2.0\node_modules\jest-circus\build\jestAdapterInit.js:849:7
          at _runTestsForDescribeBlock (C:\Users\Cheney\Documents\Github\LearningSong\frontend\node_modules\.pnpm\jest-circus@30.2.0\node_modules\jest-circus\build\jestAdapterInit.js:862:11)
          at _runTestsForDescribeBlock (C:\Users\Cheney\Documents\Github\LearningSong\frontend\node_modules\.pnpm\jest-circus@30.2.0\node_modules\jest-circus\build\jestAdapterInit.js:857:11)
          at _runTestsForDescribeBlock (C:\Users\Cheney\Documents\Github\LearningSong\frontend\node_modules\.pnpm\jest-circus@30.2.0\node_modules\jest-circus\build\jestAdapterInit.js:857:11)
          at run (C:\Users\Cheney\Documents\Github\LearningSong\frontend\node_modules\.pnpm\jest-circus@30.2.0\node_modules\jest-circus\build\jestAdapterInit.js:761:3)
          at runAndTransformResultsToJestFormat (C:\Users\Cheney\Documents\Github\LearningSong\frontend\node_modules\.pnpm\jest-circus@30.2.0\node_modules\jest-circus\build\jestAdapterInit.js:1918:21)
          at jestAdapter (C:\Users\Cheney\Documents\Github\LearningSong\frontend\node_modules\.pnpm\jest-circus@30.2.0\node_modules\jest-circus\build\runner.js:101:19)
          at runTestInternal (C:\Users\Cheney\Documents\Github\LearningSong\frontend\node_modules\.pnpm\jest-runner@30.2.0\node_modules\jest-runner\build\testWorker.js:275:16)
          at runTest (C:\Users\Cheney\Documents\Github\LearningSong\frontend\node_modules\.pnpm\jest-runner@30.2.0\node_modules\jest-runner\build\testWorker.js:343:7)
          at Object.worker (C:\Users\Cheney\Documents\Github\LearningSong\frontend\node_modules\.pnpm\jest-runner@30.2.0\node_modules\jest-runner\build\testWorker.js:497:12)

      40 |     localStorage.setItem(STORAGE_KEY, String(showMarkers))
      41 |   } catch (error) {
    > 42 |     console.warn('Failed to save marker visibility preference:', error)
         |             ^
      43 |   }
      44 | }
      45 |

      at saveMarkerVisibility (src/components/MarkerVisibilityToggle.tsx:42:13)
      at tests/MarkerVisibilityToggle-persistence.props.test.tsx:87:46
      at Object.<anonymous> (node_modules/.pnpm/expect@30.2.0/node_modules/expect/build/index.js:1824:9)
      at Object.throwingMatcher [as toThrow] (node_modules/.pnpm/expect@30.2.0/node_modules/expect/build/index.js:2235:93)
      at tests/MarkerVisibilityToggle-persistence.props.test.tsx:87:65
      at Property.predicate (node_modules/.pnpm/fast-check@4.3.0/node_modules/fast-check/lib/cjs/check/property/Property.js:17:86)
      at Property.run (node_modules/.pnpm/fast-check@4.3.0/node_modules/fast-check/lib/cjs/check/property/Property.generic.js:46:33)
      at runIt (node_modules/.pnpm/fast-check@4.3.0/node_modules/fast-check/lib/cjs/check/runner/Runner.js:18:30)
      at check (node_modules/.pnpm/fast-check@4.3.0/node_modules/fast-check/lib/cjs/check/runner/Runner.js:58:11)
      at Object.assert (node_modules/.pnpm/fast-check@4.3.0/node_modules/fast-check/lib/cjs/check/runner/Runner.js:61:17)
      at Object.<anonymous> (tests/MarkerVisibilityToggle-persistence.props.test.tsx:76:10)

    console.warn
      Failed to save marker visibility preference: Error: Storage full
          at Proxy.<anonymous> (C:\Users\Cheney\Documents\Github\LearningSong\frontend\tests\MarkerVisibilityToggle-persistence.props.test.tsx:83:21)
          at C:\Users\Cheney\Documents\Github\LearningSong\frontend\node_modules\.pnpm\jest-mock@30.2.0\node_modules\jest-mock\build\index.js:305:39
          at Proxy.<anonymous> (C:\Users\Cheney\Documents\Github\LearningSong\frontend\node_modules\.pnpm\jest-mock@30.2.0\node_modules\jest-mock\build\index.js:312:13)
          at Proxy.mockConstructor (C:\Users\Cheney\Documents\Github\LearningSong\frontend\node_modules\.pnpm\jest-mock@30.2.0\node_modules\jest-mock\build\index.js:102:19)
          at saveMarkerVisibility (C:\Users\Cheney\Documents\Github\LearningSong\frontend\src\components\MarkerVisibilityToggle.tsx:40:18)
          at C:\Users\Cheney\Documents\Github\LearningSong\frontend\tests\MarkerVisibilityToggle-persistence.props.test.tsx:87:46
          at Object.<anonymous> (C:\Users\Cheney\Documents\Github\LearningSong\frontend\node_modules\.pnpm\expect@30.2.0\node_modules\expect\build\index.js:1824:9)
          at Object.throwingMatcher [as toThrow] (C:\Users\Cheney\Documents\Github\LearningSong\frontend\node_modules\.pnpm\expect@30.2.0\node_modules\expect\build\index.js:2235:93)
          at C:\Users\Cheney\Documents\Github\LearningSong\frontend\tests\MarkerVisibilityToggle-persistence.props.test.tsx:87:65
          at Property.predicate (C:\Users\Cheney\Documents\Github\LearningSong\frontend\node_modules\.pnpm\fast-check@4.3.0\node_modules\fast-check\lib\cjs\check\property\Property.js:17:86)
          at Property.run (C:\Users\Cheney\Documents\Github\LearningSong\frontend\node_modules\.pnpm\fast-check@4.3.0\node_modules\fast-check\lib\cjs\check\property\Property.generic.js:46:33)
          at runIt (C:\Users\Cheney\Documents\Github\LearningSong\frontend\node_modules\.pnpm\fast-check@4.3.0\node_modules\fast-check\lib\cjs\check\runner\Runner.js:18:30)
          at check (C:\Users\Cheney\Documents\Github\LearningSong\frontend\node_modules\.pnpm\fast-check@4.3.0\node_modules\fast-check\lib\cjs\check\runner\Runner.js:58:11)
          at Object.assert (C:\Users\Cheney\Documents\Github\LearningSong\frontend\node_modules\.pnpm\fast-check@4.3.0\node_modules\fast-check\lib\cjs\check\runner\Runner.js:61:17)
          at Object.<anonymous> (C:\Users\Cheney\Documents\Github\LearningSong\frontend\tests\MarkerVisibilityToggle-persistence.props.test.tsx:76:10)
          at Promise.finally.completed (C:\Users\Cheney\Documents\Github\LearningSong\frontend\node_modules\.pnpm\jest-circus@30.2.0\node_modules\jest-circus\build\jestAdapterInit.js:1557:28)
          at new Promise (<anonymous>)
          at callAsyncCircusFn (C:\Users\Cheney\Documents\Github\LearningSong\frontend\node_modules\.pnpm\jest-circus@30.2.0\node_modules\jest-circus\build\jestAdapterInit.js:1497:10)
          at _callCircusTest (C:\Users\Cheney\Documents\Github\LearningSong\frontend\node_modules\.pnpm\jest-circus@30.2.0\node_modules\jest-circus\build\jestAdapterInit.js:1007:40)
          at processTicksAndRejections (node:internal/process/task_queues:105:5)
          at _runTest (C:\Users\Cheney\Documents\Github\LearningSong\frontend\node_modules\.pnpm\jest-circus@30.2.0\node_modules\jest-circus\build\jestAdapterInit.js:947:3)
          at C:\Users\Cheney\Documents\Github\LearningSong\frontend\node_modules\.pnpm\jest-circus@30.2.0\node_modules\jest-circus\build\jestAdapterInit.js:849:7
          at _runTestsForDescribeBlock (C:\Users\Cheney\Documents\Github\LearningSong\frontend\node_modules\.pnpm\jest-circus@30.2.0\node_modules\jest-circus\build\jestAdapterInit.js:862:11)
          at _runTestsForDescribeBlock (C:\Users\Cheney\Documents\Github\LearningSong\frontend\node_modules\.pnpm\jest-circus@30.2.0\node_modules\jest-circus\build\jestAdapterInit.js:857:11)
          at _runTestsForDescribeBlock (C:\Users\Cheney\Documents\Github\LearningSong\frontend\node_modules\.pnpm\jest-circus@30.2.0\node_modules\jest-circus\build\jestAdapterInit.js:857:11)
          at run (C:\Users\Cheney\Documents\Github\LearningSong\frontend\node_modules\.pnpm\jest-circus@30.2.0\node_modules\jest-circus\build\jestAdapterInit.js:761:3)
          at runAndTransformResultsToJestFormat (C:\Users\Cheney\Documents\Github\LearningSong\frontend\node_modules\.pnpm\jest-circus@30.2.0\node_modules\jest-circus\build\jestAdapterInit.js:1918:21)
          at jestAdapter (C:\Users\Cheney\Documents\Github\LearningSong\frontend\node_modules\.pnpm\jest-circus@30.2.0\node_modules\jest-circus\build\runner.js:101:19)
          at runTestInternal (C:\Users\Cheney\Documents\Github\LearningSong\frontend\node_modules\.pnpm\jest-runner@30.2.0\node_modules\jest-runner\build\testWorker.js:275:16)
          at runTest (C:\Users\Cheney\Documents\Github\LearningSong\frontend\node_modules\.pnpm\jest-runner@30.2.0\node_modules\jest-runner\build\testWorker.js:343:7)
          at Object.worker (C:\Users\Cheney\Documents\Github\LearningSong\frontend\node_modules\.pnpm\jest-runner@30.2.0\node_modules\jest-runner\build\testWorker.js:497:12)

      40 |     localStorage.setItem(STORAGE_KEY, String(showMarkers))
      41 |   } catch (error) {
    > 42 |     console.warn('Failed to save marker visibility preference:', error)
         |             ^
      43 |   }
      44 | }
      45 |

      at saveMarkerVisibility (src/components/MarkerVisibilityToggle.tsx:42:13)
      at tests/MarkerVisibilityToggle-persistence.props.test.tsx:87:46
      at Object.<anonymous> (node_modules/.pnpm/expect@30.2.0/node_modules/expect/build/index.js:1824:9)
      at Object.throwingMatcher [as toThrow] (node_modules/.pnpm/expect@30.2.0/node_modules/expect/build/index.js:2235:93)
      at tests/MarkerVisibilityToggle-persistence.props.test.tsx:87:65
      at Property.predicate (node_modules/.pnpm/fast-check@4.3.0/node_modules/fast-check/lib/cjs/check/property/Property.js:17:86)
      at Property.run (node_modules/.pnpm/fast-check@4.3.0/node_modules/fast-check/lib/cjs/check/property/Property.generic.js:46:33)
      at runIt (node_modules/.pnpm/fast-check@4.3.0/node_modules/fast-check/lib/cjs/check/runner/Runner.js:18:30)
      at check (node_modules/.pnpm/fast-check@4.3.0/node_modules/fast-check/lib/cjs/check/runner/Runner.js:58:11)
      at Object.assert (node_modules/.pnpm/fast-check@4.3.0/node_modules/fast-check/lib/cjs/check/runner/Runner.js:61:17)
      at Object.<anonymous> (tests/MarkerVisibilityToggle-persistence.props.test.tsx:76:10)

    console.warn
      Failed to save marker visibility preference: Error: Storage full
          at Proxy.<anonymous> (C:\Users\Cheney\Documents\Github\LearningSong\frontend\tests\MarkerVisibilityToggle-persistence.props.test.tsx:83:21)
          at C:\Users\Cheney\Documents\Github\LearningSong\frontend\node_modules\.pnpm\jest-mock@30.2.0\node_modules\jest-mock\build\index.js:305:39
          at Proxy.<anonymous> (C:\Users\Cheney\Documents\Github\LearningSong\frontend\node_modules\.pnpm\jest-mock@30.2.0\node_modules\jest-mock\build\index.js:312:13)
          at Proxy.mockConstructor (C:\Users\Cheney\Documents\Github\LearningSong\frontend\node_modules\.pnpm\jest-mock@30.2.0\node_modules\jest-mock\build\index.js:102:19)
          at saveMarkerVisibility (C:\Users\Cheney\Documents\Github\LearningSong\frontend\src\components\MarkerVisibilityToggle.tsx:40:18)
          at C:\Users\Cheney\Documents\Github\LearningSong\frontend\tests\MarkerVisibilityToggle-persistence.props.test.tsx:87:46
          at Object.<anonymous> (C:\Users\Cheney\Documents\Github\LearningSong\frontend\node_modules\.pnpm\expect@30.2.0\node_modules\expect\build\index.js:1824:9)
          at Object.throwingMatcher [as toThrow] (C:\Users\Cheney\Documents\Github\LearningSong\frontend\node_modules\.pnpm\expect@30.2.0\node_modules\expect\build\index.js:2235:93)
          at C:\Users\Cheney\Documents\Github\LearningSong\frontend\tests\MarkerVisibilityToggle-persistence.props.test.tsx:87:65
          at Property.predicate (C:\Users\Cheney\Documents\Github\LearningSong\frontend\node_modules\.pnpm\fast-check@4.3.0\node_modules\fast-check\lib\cjs\check\property\Property.js:17:86)
          at Property.run (C:\Users\Cheney\Documents\Github\LearningSong\frontend\node_modules\.pnpm\fast-check@4.3.0\node_modules\fast-check\lib\cjs\check\property\Property.generic.js:46:33)
          at runIt (C:\Users\Cheney\Documents\Github\LearningSong\frontend\node_modules\.pnpm\fast-check@4.3.0\node_modules\fast-check\lib\cjs\check\runner\Runner.js:18:30)
          at check (C:\Users\Cheney\Documents\Github\LearningSong\frontend\node_modules\.pnpm\fast-check@4.3.0\node_modules\fast-check\lib\cjs\check\runner\Runner.js:58:11)
          at Object.assert (C:\Users\Cheney\Documents\Github\LearningSong\frontend\node_modules\.pnpm\fast-check@4.3.0\node_modules\fast-check\lib\cjs\check\runner\Runner.js:61:17)
          at Object.<anonymous> (C:\Users\Cheney\Documents\Github\LearningSong\frontend\tests\MarkerVisibilityToggle-persistence.props.test.tsx:76:10)
          at Promise.finally.completed (C:\Users\Cheney\Documents\Github\LearningSong\frontend\node_modules\.pnpm\jest-circus@30.2.0\node_modules\jest-circus\build\jestAdapterInit.js:1557:28)
          at new Promise (<anonymous>)
          at callAsyncCircusFn (C:\Users\Cheney\Documents\Github\LearningSong\frontend\node_modules\.pnpm\jest-circus@30.2.0\node_modules\jest-circus\build\jestAdapterInit.js:1497:10)
          at _callCircusTest (C:\Users\Cheney\Documents\Github\LearningSong\frontend\node_modules\.pnpm\jest-circus@30.2.0\node_modules\jest-circus\build\jestAdapterInit.js:1007:40)
          at processTicksAndRejections (node:internal/process/task_queues:105:5)
          at _runTest (C:\Users\Cheney\Documents\Github\LearningSong\frontend\node_modules\.pnpm\jest-circus@30.2.0\node_modules\jest-circus\build\jestAdapterInit.js:947:3)
          at C:\Users\Cheney\Documents\Github\LearningSong\frontend\node_modules\.pnpm\jest-circus@30.2.0\node_modules\jest-circus\build\jestAdapterInit.js:849:7
          at _runTestsForDescribeBlock (C:\Users\Cheney\Documents\Github\LearningSong\frontend\node_modules\.pnpm\jest-circus@30.2.0\node_modules\jest-circus\build\jestAdapterInit.js:862:11)
          at _runTestsForDescribeBlock (C:\Users\Cheney\Documents\Github\LearningSong\frontend\node_modules\.pnpm\jest-circus@30.2.0\node_modules\jest-circus\build\jestAdapterInit.js:857:11)
          at _runTestsForDescribeBlock (C:\Users\Cheney\Documents\Github\LearningSong\frontend\node_modules\.pnpm\jest-circus@30.2.0\node_modules\jest-circus\build\jestAdapterInit.js:857:11)
          at run (C:\Users\Cheney\Documents\Github\LearningSong\frontend\node_modules\.pnpm\jest-circus@30.2.0\node_modules\jest-circus\build\jestAdapterInit.js:761:3)
          at runAndTransformResultsToJestFormat (C:\Users\Cheney\Documents\Github\LearningSong\frontend\node_modules\.pnpm\jest-circus@30.2.0\node_modules\jest-circus\build\jestAdapterInit.js:1918:21)
          at jestAdapter (C:\Users\Cheney\Documents\Github\LearningSong\frontend\node_modules\.pnpm\jest-circus@30.2.0\node_modules\jest-circus\build\runner.js:101:19)
          at runTestInternal (C:\Users\Cheney\Documents\Github\LearningSong\frontend\node_modules\.pnpm\jest-runner@30.2.0\node_modules\jest-runner\build\testWorker.js:275:16)
          at runTest (C:\Users\Cheney\Documents\Github\LearningSong\frontend\node_modules\.pnpm\jest-runner@30.2.0\node_modules\jest-runner\build\testWorker.js:343:7)
          at Object.worker (C:\Users\Cheney\Documents\Github\LearningSong\frontend\node_modules\.pnpm\jest-runner@30.2.0\node_modules\jest-runner\build\testWorker.js:497:12)

      40 |     localStorage.setItem(STORAGE_KEY, String(showMarkers))
      41 |   } catch (error) {
    > 42 |     console.warn('Failed to save marker visibility preference:', error)
         |             ^
      43 |   }
      44 | }
      45 |

      at saveMarkerVisibility (src/components/MarkerVisibilityToggle.tsx:42:13)
      at tests/MarkerVisibilityToggle-persistence.props.test.tsx:87:46
      at Object.<anonymous> (node_modules/.pnpm/expect@30.2.0/node_modules/expect/build/index.js:1824:9)
      at Object.throwingMatcher [as toThrow] (node_modules/.pnpm/expect@30.2.0/node_modules/expect/build/index.js:2235:93)
      at tests/MarkerVisibilityToggle-persistence.props.test.tsx:87:65
      at Property.predicate (node_modules/.pnpm/fast-check@4.3.0/node_modules/fast-check/lib/cjs/check/property/Property.js:17:86)
      at Property.run (node_modules/.pnpm/fast-check@4.3.0/node_modules/fast-check/lib/cjs/check/property/Property.generic.js:46:33)
      at runIt (node_modules/.pnpm/fast-check@4.3.0/node_modules/fast-check/lib/cjs/check/runner/Runner.js:18:30)
      at check (node_modules/.pnpm/fast-check@4.3.0/node_modules/fast-check/lib/cjs/check/runner/Runner.js:58:11)
      at Object.assert (node_modules/.pnpm/fast-check@4.3.0/node_modules/fast-check/lib/cjs/check/runner/Runner.js:61:17)
      at Object.<anonymous> (tests/MarkerVisibilityToggle-persistence.props.test.tsx:76:10)

    console.warn
      Failed to save marker visibility preference: Error: Storage full
          at Proxy.<anonymous> (C:\Users\Cheney\Documents\Github\LearningSong\frontend\tests\MarkerVisibilityToggle-persistence.props.test.tsx:83:21)
          at C:\Users\Cheney\Documents\Github\LearningSong\frontend\node_modules\.pnpm\jest-mock@30.2.0\node_modules\jest-mock\build\index.js:305:39
          at Proxy.<anonymous> (C:\Users\Cheney\Documents\Github\LearningSong\frontend\node_modules\.pnpm\jest-mock@30.2.0\node_modules\jest-mock\build\index.js:312:13)
          at Proxy.mockConstructor (C:\Users\Cheney\Documents\Github\LearningSong\frontend\node_modules\.pnpm\jest-mock@30.2.0\node_modules\jest-mock\build\index.js:102:19)
          at saveMarkerVisibility (C:\Users\Cheney\Documents\Github\LearningSong\frontend\src\components\MarkerVisibilityToggle.tsx:40:18)
          at C:\Users\Cheney\Documents\Github\LearningSong\frontend\tests\MarkerVisibilityToggle-persistence.props.test.tsx:87:46
          at Object.<anonymous> (C:\Users\Cheney\Documents\Github\LearningSong\frontend\node_modules\.pnpm\expect@30.2.0\node_modules\expect\build\index.js:1824:9)
          at Object.throwingMatcher [as toThrow] (C:\Users\Cheney\Documents\Github\LearningSong\frontend\node_modules\.pnpm\expect@30.2.0\node_modules\expect\build\index.js:2235:93)
          at C:\Users\Cheney\Documents\Github\LearningSong\frontend\tests\MarkerVisibilityToggle-persistence.props.test.tsx:87:65
          at Property.predicate (C:\Users\Cheney\Documents\Github\LearningSong\frontend\node_modules\.pnpm\fast-check@4.3.0\node_modules\fast-check\lib\cjs\check\property\Property.js:17:86)
          at Property.run (C:\Users\Cheney\Documents\Github\LearningSong\frontend\node_modules\.pnpm\fast-check@4.3.0\node_modules\fast-check\lib\cjs\check\property\Property.generic.js:46:33)
          at runIt (C:\Users\Cheney\Documents\Github\LearningSong\frontend\node_modules\.pnpm\fast-check@4.3.0\node_modules\fast-check\lib\cjs\check\runner\Runner.js:18:30)
          at check (C:\Users\Cheney\Documents\Github\LearningSong\frontend\node_modules\.pnpm\fast-check@4.3.0\node_modules\fast-check\lib\cjs\check\runner\Runner.js:58:11)
          at Object.assert (C:\Users\Cheney\Documents\Github\LearningSong\frontend\node_modules\.pnpm\fast-check@4.3.0\node_modules\fast-check\lib\cjs\check\runner\Runner.js:61:17)
          at Object.<anonymous> (C:\Users\Cheney\Documents\Github\LearningSong\frontend\tests\MarkerVisibilityToggle-persistence.props.test.tsx:76:10)
          at Promise.finally.completed (C:\Users\Cheney\Documents\Github\LearningSong\frontend\node_modules\.pnpm\jest-circus@30.2.0\node_modules\jest-circus\build\jestAdapterInit.js:1557:28)
          at new Promise (<anonymous>)
          at callAsyncCircusFn (C:\Users\Cheney\Documents\Github\LearningSong\frontend\node_modules\.pnpm\jest-circus@30.2.0\node_modules\jest-circus\build\jestAdapterInit.js:1497:10)
          at _callCircusTest (C:\Users\Cheney\Documents\Github\LearningSong\frontend\node_modules\.pnpm\jest-circus@30.2.0\node_modules\jest-circus\build\jestAdapterInit.js:1007:40)
          at processTicksAndRejections (node:internal/process/task_queues:105:5)
          at _runTest (C:\Users\Cheney\Documents\Github\LearningSong\frontend\node_modules\.pnpm\jest-circus@30.2.0\node_modules\jest-circus\build\jestAdapterInit.js:947:3)
          at C:\Users\Cheney\Documents\Github\LearningSong\frontend\node_modules\.pnpm\jest-circus@30.2.0\node_modules\jest-circus\build\jestAdapterInit.js:849:7
          at _runTestsForDescribeBlock (C:\Users\Cheney\Documents\Github\LearningSong\frontend\node_modules\.pnpm\jest-circus@30.2.0\node_modules\jest-circus\build\jestAdapterInit.js:862:11)
          at _runTestsForDescribeBlock (C:\Users\Cheney\Documents\Github\LearningSong\frontend\node_modules\.pnpm\jest-circus@30.2.0\node_modules\jest-circus\build\jestAdapterInit.js:857:11)
          at _runTestsForDescribeBlock (C:\Users\Cheney\Documents\Github\LearningSong\frontend\node_modules\.pnpm\jest-circus@30.2.0\node_modules\jest-circus\build\jestAdapterInit.js:857:11)
          at run (C:\Users\Cheney\Documents\Github\LearningSong\frontend\node_modules\.pnpm\jest-circus@30.2.0\node_modules\jest-circus\build\jestAdapterInit.js:761:3)
          at runAndTransformResultsToJestFormat (C:\Users\Cheney\Documents\Github\LearningSong\frontend\node_modules\.pnpm\jest-circus@30.2.0\node_modules\jest-circus\build\jestAdapterInit.js:1918:21)
          at jestAdapter (C:\Users\Cheney\Documents\Github\LearningSong\frontend\node_modules\.pnpm\jest-circus@30.2.0\node_modules\jest-circus\build\runner.js:101:19)
          at runTestInternal (C:\Users\Cheney\Documents\Github\LearningSong\frontend\node_modules\.pnpm\jest-runner@30.2.0\node_modules\jest-runner\build\testWorker.js:275:16)
          at runTest (C:\Users\Cheney\Documents\Github\LearningSong\frontend\node_modules\.pnpm\jest-runner@30.2.0\node_modules\jest-runner\build\testWorker.js:343:7)
          at Object.worker (C:\Users\Cheney\Documents\Github\LearningSong\frontend\node_modules\.pnpm\jest-runner@30.2.0\node_modules\jest-runner\build\testWorker.js:497:12)

      40 |     localStorage.setItem(STORAGE_KEY, String(showMarkers))
      41 |   } catch (error) {
    > 42 |     console.warn('Failed to save marker visibility preference:', error)
         |             ^
      43 |   }
      44 | }
      45 |

      at saveMarkerVisibility (src/components/MarkerVisibilityToggle.tsx:42:13)
      at tests/MarkerVisibilityToggle-persistence.props.test.tsx:87:46
      at Object.<anonymous> (node_modules/.pnpm/expect@30.2.0/node_modules/expect/build/index.js:1824:9)
      at Object.throwingMatcher [as toThrow] (node_modules/.pnpm/expect@30.2.0/node_modules/expect/build/index.js:2235:93)
      at tests/MarkerVisibilityToggle-persistence.props.test.tsx:87:65
      at Property.predicate (node_modules/.pnpm/fast-check@4.3.0/node_modules/fast-check/lib/cjs/check/property/Property.js:17:86)
      at Property.run (node_modules/.pnpm/fast-check@4.3.0/node_modules/fast-check/lib/cjs/check/property/Property.generic.js:46:33)
      at runIt (node_modules/.pnpm/fast-check@4.3.0/node_modules/fast-check/lib/cjs/check/runner/Runner.js:18:30)
      at check (node_modules/.pnpm/fast-check@4.3.0/node_modules/fast-check/lib/cjs/check/runner/Runner.js:58:11)
      at Object.assert (node_modules/.pnpm/fast-check@4.3.0/node_modules/fast-check/lib/cjs/check/runner/Runner.js:61:17)
      at Object.<anonymous> (tests/MarkerVisibilityToggle-persistence.props.test.tsx:76:10)

    console.warn
      Failed to save marker visibility preference: Error: Storage full
          at Proxy.<anonymous> (C:\Users\Cheney\Documents\Github\LearningSong\frontend\tests\MarkerVisibilityToggle-persistence.props.test.tsx:83:21)
          at C:\Users\Cheney\Documents\Github\LearningSong\frontend\node_modules\.pnpm\jest-mock@30.2.0\node_modules\jest-mock\build\index.js:305:39
          at Proxy.<anonymous> (C:\Users\Cheney\Documents\Github\LearningSong\frontend\node_modules\.pnpm\jest-mock@30.2.0\node_modules\jest-mock\build\index.js:312:13)
          at Proxy.mockConstructor (C:\Users\Cheney\Documents\Github\LearningSong\frontend\node_modules\.pnpm\jest-mock@30.2.0\node_modules\jest-mock\build\index.js:102:19)
          at saveMarkerVisibility (C:\Users\Cheney\Documents\Github\LearningSong\frontend\src\components\MarkerVisibilityToggle.tsx:40:18)
          at C:\Users\Cheney\Documents\Github\LearningSong\frontend\tests\MarkerVisibilityToggle-persistence.props.test.tsx:87:46
          at Object.<anonymous> (C:\Users\Cheney\Documents\Github\LearningSong\frontend\node_modules\.pnpm\expect@30.2.0\node_modules\expect\build\index.js:1824:9)
          at Object.throwingMatcher [as toThrow] (C:\Users\Cheney\Documents\Github\LearningSong\frontend\node_modules\.pnpm\expect@30.2.0\node_modules\expect\build\index.js:2235:93)
          at C:\Users\Cheney\Documents\Github\LearningSong\frontend\tests\MarkerVisibilityToggle-persistence.props.test.tsx:87:65
          at Property.predicate (C:\Users\Cheney\Documents\Github\LearningSong\frontend\node_modules\.pnpm\fast-check@4.3.0\node_modules\fast-check\lib\cjs\check\property\Property.js:17:86)
          at Property.run (C:\Users\Cheney\Documents\Github\LearningSong\frontend\node_modules\.pnpm\fast-check@4.3.0\node_modules\fast-check\lib\cjs\check\property\Property.generic.js:46:33)
          at runIt (C:\Users\Cheney\Documents\Github\LearningSong\frontend\node_modules\.pnpm\fast-check@4.3.0\node_modules\fast-check\lib\cjs\check\runner\Runner.js:18:30)
          at check (C:\Users\Cheney\Documents\Github\LearningSong\frontend\node_modules\.pnpm\fast-check@4.3.0\node_modules\fast-check\lib\cjs\check\runner\Runner.js:58:11)
          at Object.assert (C:\Users\Cheney\Documents\Github\LearningSong\frontend\node_modules\.pnpm\fast-check@4.3.0\node_modules\fast-check\lib\cjs\check\runner\Runner.js:61:17)
          at Object.<anonymous> (C:\Users\Cheney\Documents\Github\LearningSong\frontend\tests\MarkerVisibilityToggle-persistence.props.test.tsx:76:10)
          at Promise.finally.completed (C:\Users\Cheney\Documents\Github\LearningSong\frontend\node_modules\.pnpm\jest-circus@30.2.0\node_modules\jest-circus\build\jestAdapterInit.js:1557:28)
          at new Promise (<anonymous>)
          at callAsyncCircusFn (C:\Users\Cheney\Documents\Github\LearningSong\frontend\node_modules\.pnpm\jest-circus@30.2.0\node_modules\jest-circus\build\jestAdapterInit.js:1497:10)
          at _callCircusTest (C:\Users\Cheney\Documents\Github\LearningSong\frontend\node_modules\.pnpm\jest-circus@30.2.0\node_modules\jest-circus\build\jestAdapterInit.js:1007:40)
          at processTicksAndRejections (node:internal/process/task_queues:105:5)
          at _runTest (C:\Users\Cheney\Documents\Github\LearningSong\frontend\node_modules\.pnpm\jest-circus@30.2.0\node_modules\jest-circus\build\jestAdapterInit.js:947:3)
          at C:\Users\Cheney\Documents\Github\LearningSong\frontend\node_modules\.pnpm\jest-circus@30.2.0\node_modules\jest-circus\build\jestAdapterInit.js:849:7
          at _runTestsForDescribeBlock (C:\Users\Cheney\Documents\Github\LearningSong\frontend\node_modules\.pnpm\jest-circus@30.2.0\node_modules\jest-circus\build\jestAdapterInit.js:862:11)
          at _runTestsForDescribeBlock (C:\Users\Cheney\Documents\Github\LearningSong\frontend\node_modules\.pnpm\jest-circus@30.2.0\node_modules\jest-circus\build\jestAdapterInit.js:857:11)
          at _runTestsForDescribeBlock (C:\Users\Cheney\Documents\Github\LearningSong\frontend\node_modules\.pnpm\jest-circus@30.2.0\node_modules\jest-circus\build\jestAdapterInit.js:857:11)
          at run (C:\Users\Cheney\Documents\Github\LearningSong\frontend\node_modules\.pnpm\jest-circus@30.2.0\node_modules\jest-circus\build\jestAdapterInit.js:761:3)
          at runAndTransformResultsToJestFormat (C:\Users\Cheney\Documents\Github\LearningSong\frontend\node_modules\.pnpm\jest-circus@30.2.0\node_modules\jest-circus\build\jestAdapterInit.js:1918:21)
          at jestAdapter (C:\Users\Cheney\Documents\Github\LearningSong\frontend\node_modules\.pnpm\jest-circus@30.2.0\node_modules\jest-circus\build\runner.js:101:19)
          at runTestInternal (C:\Users\Cheney\Documents\Github\LearningSong\frontend\node_modules\.pnpm\jest-runner@30.2.0\node_modules\jest-runner\build\testWorker.js:275:16)
          at runTest (C:\Users\Cheney\Documents\Github\LearningSong\frontend\node_modules\.pnpm\jest-runner@30.2.0\node_modules\jest-runner\build\testWorker.js:343:7)
          at Object.worker (C:\Users\Cheney\Documents\Github\LearningSong\frontend\node_modules\.pnpm\jest-runner@30.2.0\node_modules\jest-runner\build\testWorker.js:497:12)

      40 |     localStorage.setItem(STORAGE_KEY, String(showMarkers))
      41 |   } catch (error) {
    > 42 |     console.warn('Failed to save marker visibility preference:', error)
         |             ^
      43 |   }
      44 | }
      45 |

      at saveMarkerVisibility (src/components/MarkerVisibilityToggle.tsx:42:13)
      at tests/MarkerVisibilityToggle-persistence.props.test.tsx:87:46
      at Object.<anonymous> (node_modules/.pnpm/expect@30.2.0/node_modules/expect/build/index.js:1824:9)
      at Object.throwingMatcher [as toThrow] (node_modules/.pnpm/expect@30.2.0/node_modules/expect/build/index.js:2235:93)
      at tests/MarkerVisibilityToggle-persistence.props.test.tsx:87:65
      at Property.predicate (node_modules/.pnpm/fast-check@4.3.0/node_modules/fast-check/lib/cjs/check/property/Property.js:17:86)
      at Property.run (node_modules/.pnpm/fast-check@4.3.0/node_modules/fast-check/lib/cjs/check/property/Property.generic.js:46:33)
      at runIt (node_modules/.pnpm/fast-check@4.3.0/node_modules/fast-check/lib/cjs/check/runner/Runner.js:18:30)
      at check (node_modules/.pnpm/fast-check@4.3.0/node_modules/fast-check/lib/cjs/check/runner/Runner.js:58:11)
      at Object.assert (node_modules/.pnpm/fast-check@4.3.0/node_modules/fast-check/lib/cjs/check/runner/Runner.js:61:17)
      at Object.<anonymous> (tests/MarkerVisibilityToggle-persistence.props.test.tsx:76:10)

    console.warn
      Failed to save marker visibility preference: Error: Storage full
          at Proxy.<anonymous> (C:\Users\Cheney\Documents\Github\LearningSong\frontend\tests\MarkerVisibilityToggle-persistence.props.test.tsx:83:21)
          at C:\Users\Cheney\Documents\Github\LearningSong\frontend\node_modules\.pnpm\jest-mock@30.2.0\node_modules\jest-mock\build\index.js:305:39
          at Proxy.<anonymous> (C:\Users\Cheney\Documents\Github\LearningSong\frontend\node_modules\.pnpm\jest-mock@30.2.0\node_modules\jest-mock\build\index.js:312:13)
          at Proxy.mockConstructor (C:\Users\Cheney\Documents\Github\LearningSong\frontend\node_modules\.pnpm\jest-mock@30.2.0\node_modules\jest-mock\build\index.js:102:19)
          at saveMarkerVisibility (C:\Users\Cheney\Documents\Github\LearningSong\frontend\src\components\MarkerVisibilityToggle.tsx:40:18)
          at C:\Users\Cheney\Documents\Github\LearningSong\frontend\tests\MarkerVisibilityToggle-persistence.props.test.tsx:87:46
          at Object.<anonymous> (C:\Users\Cheney\Documents\Github\LearningSong\frontend\node_modules\.pnpm\expect@30.2.0\node_modules\expect\build\index.js:1824:9)
          at Object.throwingMatcher [as toThrow] (C:\Users\Cheney\Documents\Github\LearningSong\frontend\node_modules\.pnpm\expect@30.2.0\node_modules\expect\build\index.js:2235:93)
          at C:\Users\Cheney\Documents\Github\LearningSong\frontend\tests\MarkerVisibilityToggle-persistence.props.test.tsx:87:65
          at Property.predicate (C:\Users\Cheney\Documents\Github\LearningSong\frontend\node_modules\.pnpm\fast-check@4.3.0\node_modules\fast-check\lib\cjs\check\property\Property.js:17:86)
          at Property.run (C:\Users\Cheney\Documents\Github\LearningSong\frontend\node_modules\.pnpm\fast-check@4.3.0\node_modules\fast-check\lib\cjs\check\property\Property.generic.js:46:33)
          at runIt (C:\Users\Cheney\Documents\Github\LearningSong\frontend\node_modules\.pnpm\fast-check@4.3.0\node_modules\fast-check\lib\cjs\check\runner\Runner.js:18:30)
          at check (C:\Users\Cheney\Documents\Github\LearningSong\frontend\node_modules\.pnpm\fast-check@4.3.0\node_modules\fast-check\lib\cjs\check\runner\Runner.js:58:11)
          at Object.assert (C:\Users\Cheney\Documents\Github\LearningSong\frontend\node_modules\.pnpm\fast-check@4.3.0\node_modules\fast-check\lib\cjs\check\runner\Runner.js:61:17)
          at Object.<anonymous> (C:\Users\Cheney\Documents\Github\LearningSong\frontend\tests\MarkerVisibilityToggle-persistence.props.test.tsx:76:10)
          at Promise.finally.completed (C:\Users\Cheney\Documents\Github\LearningSong\frontend\node_modules\.pnpm\jest-circus@30.2.0\node_modules\jest-circus\build\jestAdapterInit.js:1557:28)
          at new Promise (<anonymous>)
          at callAsyncCircusFn (C:\Users\Cheney\Documents\Github\LearningSong\frontend\node_modules\.pnpm\jest-circus@30.2.0\node_modules\jest-circus\build\jestAdapterInit.js:1497:10)
          at _callCircusTest (C:\Users\Cheney\Documents\Github\LearningSong\frontend\node_modules\.pnpm\jest-circus@30.2.0\node_modules\jest-circus\build\jestAdapterInit.js:1007:40)
          at processTicksAndRejections (node:internal/process/task_queues:105:5)
          at _runTest (C:\Users\Cheney\Documents\Github\LearningSong\frontend\node_modules\.pnpm\jest-circus@30.2.0\node_modules\jest-circus\build\jestAdapterInit.js:947:3)
          at C:\Users\Cheney\Documents\Github\LearningSong\frontend\node_modules\.pnpm\jest-circus@30.2.0\node_modules\jest-circus\build\jestAdapterInit.js:849:7
          at _runTestsForDescribeBlock (C:\Users\Cheney\Documents\Github\LearningSong\frontend\node_modules\.pnpm\jest-circus@30.2.0\node_modules\jest-circus\build\jestAdapterInit.js:862:11)
          at _runTestsForDescribeBlock (C:\Users\Cheney\Documents\Github\LearningSong\frontend\node_modules\.pnpm\jest-circus@30.2.0\node_modules\jest-circus\build\jestAdapterInit.js:857:11)
          at _runTestsForDescribeBlock (C:\Users\Cheney\Documents\Github\LearningSong\frontend\node_modules\.pnpm\jest-circus@30.2.0\node_modules\jest-circus\build\jestAdapterInit.js:857:11)
          at run (C:\Users\Cheney\Documents\Github\LearningSong\frontend\node_modules\.pnpm\jest-circus@30.2.0\node_modules\jest-circus\build\jestAdapterInit.js:761:3)
          at runAndTransformResultsToJestFormat (C:\Users\Cheney\Documents\Github\LearningSong\frontend\node_modules\.pnpm\jest-circus@30.2.0\node_modules\jest-circus\build\jestAdapterInit.js:1918:21)
          at jestAdapter (C:\Users\Cheney\Documents\Github\LearningSong\frontend\node_modules\.pnpm\jest-circus@30.2.0\node_modules\jest-circus\build\runner.js:101:19)
          at runTestInternal (C:\Users\Cheney\Documents\Github\LearningSong\frontend\node_modules\.pnpm\jest-runner@30.2.0\node_modules\jest-runner\build\testWorker.js:275:16)
          at runTest (C:\Users\Cheney\Documents\Github\LearningSong\frontend\node_modules\.pnpm\jest-runner@30.2.0\node_modules\jest-runner\build\testWorker.js:343:7)
          at Object.worker (C:\Users\Cheney\Documents\Github\LearningSong\frontend\node_modules\.pnpm\jest-runner@30.2.0\node_modules\jest-runner\build\testWorker.js:497:12)

      40 |     localStorage.setItem(STORAGE_KEY, String(showMarkers))
      41 |   } catch (error) {
    > 42 |     console.warn('Failed to save marker visibility preference:', error)
         |             ^
      43 |   }
      44 | }
      45 |

      at saveMarkerVisibility (src/components/MarkerVisibilityToggle.tsx:42:13)
      at tests/MarkerVisibilityToggle-persistence.props.test.tsx:87:46
      at Object.<anonymous> (node_modules/.pnpm/expect@30.2.0/node_modules/expect/build/index.js:1824:9)
      at Object.throwingMatcher [as toThrow] (node_modules/.pnpm/expect@30.2.0/node_modules/expect/build/index.js:2235:93)
      at tests/MarkerVisibilityToggle-persistence.props.test.tsx:87:65
      at Property.predicate (node_modules/.pnpm/fast-check@4.3.0/node_modules/fast-check/lib/cjs/check/property/Property.js:17:86)
      at Property.run (node_modules/.pnpm/fast-check@4.3.0/node_modules/fast-check/lib/cjs/check/property/Property.generic.js:46:33)
      at runIt (node_modules/.pnpm/fast-check@4.3.0/node_modules/fast-check/lib/cjs/check/runner/Runner.js:18:30)
      at check (node_modules/.pnpm/fast-check@4.3.0/node_modules/fast-check/lib/cjs/check/runner/Runner.js:58:11)
      at Object.assert (node_modules/.pnpm/fast-check@4.3.0/node_modules/fast-check/lib/cjs/check/runner/Runner.js:61:17)
      at Object.<anonymous> (tests/MarkerVisibilityToggle-persistence.props.test.tsx:76:10)

    console.warn
      Failed to save marker visibility preference: Error: Storage full
          at Proxy.<anonymous> (C:\Users\Cheney\Documents\Github\LearningSong\frontend\tests\MarkerVisibilityToggle-persistence.props.test.tsx:83:21)
          at C:\Users\Cheney\Documents\Github\LearningSong\frontend\node_modules\.pnpm\jest-mock@30.2.0\node_modules\jest-mock\build\index.js:305:39
          at Proxy.<anonymous> (C:\Users\Cheney\Documents\Github\LearningSong\frontend\node_modules\.pnpm\jest-mock@30.2.0\node_modules\jest-mock\build\index.js:312:13)
          at Proxy.mockConstructor (C:\Users\Cheney\Documents\Github\LearningSong\frontend\node_modules\.pnpm\jest-mock@30.2.0\node_modules\jest-mock\build\index.js:102:19)
          at saveMarkerVisibility (C:\Users\Cheney\Documents\Github\LearningSong\frontend\src\components\MarkerVisibilityToggle.tsx:40:18)
          at C:\Users\Cheney\Documents\Github\LearningSong\frontend\tests\MarkerVisibilityToggle-persistence.props.test.tsx:87:46
          at Object.<anonymous> (C:\Users\Cheney\Documents\Github\LearningSong\frontend\node_modules\.pnpm\expect@30.2.0\node_modules\expect\build\index.js:1824:9)
          at Object.throwingMatcher [as toThrow] (C:\Users\Cheney\Documents\Github\LearningSong\frontend\node_modules\.pnpm\expect@30.2.0\node_modules\expect\build\index.js:2235:93)
          at C:\Users\Cheney\Documents\Github\LearningSong\frontend\tests\MarkerVisibilityToggle-persistence.props.test.tsx:87:65
          at Property.predicate (C:\Users\Cheney\Documents\Github\LearningSong\frontend\node_modules\.pnpm\fast-check@4.3.0\node_modules\fast-check\lib\cjs\check\property\Property.js:17:86)
          at Property.run (C:\Users\Cheney\Documents\Github\LearningSong\frontend\node_modules\.pnpm\fast-check@4.3.0\node_modules\fast-check\lib\cjs\check\property\Property.generic.js:46:33)
          at runIt (C:\Users\Cheney\Documents\Github\LearningSong\frontend\node_modules\.pnpm\fast-check@4.3.0\node_modules\fast-check\lib\cjs\check\runner\Runner.js:18:30)
          at check (C:\Users\Cheney\Documents\Github\LearningSong\frontend\node_modules\.pnpm\fast-check@4.3.0\node_modules\fast-check\lib\cjs\check\runner\Runner.js:58:11)
          at Object.assert (C:\Users\Cheney\Documents\Github\LearningSong\frontend\node_modules\.pnpm\fast-check@4.3.0\node_modules\fast-check\lib\cjs\check\runner\Runner.js:61:17)
          at Object.<anonymous> (C:\Users\Cheney\Documents\Github\LearningSong\frontend\tests\MarkerVisibilityToggle-persistence.props.test.tsx:76:10)
          at Promise.finally.completed (C:\Users\Cheney\Documents\Github\LearningSong\frontend\node_modules\.pnpm\jest-circus@30.2.0\node_modules\jest-circus\build\jestAdapterInit.js:1557:28)
          at new Promise (<anonymous>)
          at callAsyncCircusFn (C:\Users\Cheney\Documents\Github\LearningSong\frontend\node_modules\.pnpm\jest-circus@30.2.0\node_modules\jest-circus\build\jestAdapterInit.js:1497:10)
          at _callCircusTest (C:\Users\Cheney\Documents\Github\LearningSong\frontend\node_modules\.pnpm\jest-circus@30.2.0\node_modules\jest-circus\build\jestAdapterInit.js:1007:40)
          at processTicksAndRejections (node:internal/process/task_queues:105:5)
          at _runTest (C:\Users\Cheney\Documents\Github\LearningSong\frontend\node_modules\.pnpm\jest-circus@30.2.0\node_modules\jest-circus\build\jestAdapterInit.js:947:3)
          at C:\Users\Cheney\Documents\Github\LearningSong\frontend\node_modules\.pnpm\jest-circus@30.2.0\node_modules\jest-circus\build\jestAdapterInit.js:849:7
          at _runTestsForDescribeBlock (C:\Users\Cheney\Documents\Github\LearningSong\frontend\node_modules\.pnpm\jest-circus@30.2.0\node_modules\jest-circus\build\jestAdapterInit.js:862:11)
          at _runTestsForDescribeBlock (C:\Users\Cheney\Documents\Github\LearningSong\frontend\node_modules\.pnpm\jest-circus@30.2.0\node_modules\jest-circus\build\jestAdapterInit.js:857:11)
          at _runTestsForDescribeBlock (C:\Users\Cheney\Documents\Github\LearningSong\frontend\node_modules\.pnpm\jest-circus@30.2.0\node_modules\jest-circus\build\jestAdapterInit.js:857:11)
          at run (C:\Users\Cheney\Documents\Github\LearningSong\frontend\node_modules\.pnpm\jest-circus@30.2.0\node_modules\jest-circus\build\jestAdapterInit.js:761:3)
          at runAndTransformResultsToJestFormat (C:\Users\Cheney\Documents\Github\LearningSong\frontend\node_modules\.pnpm\jest-circus@30.2.0\node_modules\jest-circus\build\jestAdapterInit.js:1918:21)
          at jestAdapter (C:\Users\Cheney\Documents\Github\LearningSong\frontend\node_modules\.pnpm\jest-circus@30.2.0\node_modules\jest-circus\build\runner.js:101:19)
          at runTestInternal (C:\Users\Cheney\Documents\Github\LearningSong\frontend\node_modules\.pnpm\jest-runner@30.2.0\node_modules\jest-runner\build\testWorker.js:275:16)
          at runTest (C:\Users\Cheney\Documents\Github\LearningSong\frontend\node_modules\.pnpm\jest-runner@30.2.0\node_modules\jest-runner\build\testWorker.js:343:7)
          at Object.worker (C:\Users\Cheney\Documents\Github\LearningSong\frontend\node_modules\.pnpm\jest-runner@30.2.0\node_modules\jest-runner\build\testWorker.js:497:12)

      40 |     localStorage.setItem(STORAGE_KEY, String(showMarkers))
      41 |   } catch (error) {
    > 42 |     console.warn('Failed to save marker visibility preference:', error)
         |             ^
      43 |   }
      44 | }
      45 |

      at saveMarkerVisibility (src/components/MarkerVisibilityToggle.tsx:42:13)
      at tests/MarkerVisibilityToggle-persistence.props.test.tsx:87:46
      at Object.<anonymous> (node_modules/.pnpm/expect@30.2.0/node_modules/expect/build/index.js:1824:9)
      at Object.throwingMatcher [as toThrow] (node_modules/.pnpm/expect@30.2.0/node_modules/expect/build/index.js:2235:93)
      at tests/MarkerVisibilityToggle-persistence.props.test.tsx:87:65
      at Property.predicate (node_modules/.pnpm/fast-check@4.3.0/node_modules/fast-check/lib/cjs/check/property/Property.js:17:86)
      at Property.run (node_modules/.pnpm/fast-check@4.3.0/node_modules/fast-check/lib/cjs/check/property/Property.generic.js:46:33)
      at runIt (node_modules/.pnpm/fast-check@4.3.0/node_modules/fast-check/lib/cjs/check/runner/Runner.js:18:30)
      at check (node_modules/.pnpm/fast-check@4.3.0/node_modules/fast-check/lib/cjs/check/runner/Runner.js:58:11)
      at Object.assert (node_modules/.pnpm/fast-check@4.3.0/node_modules/fast-check/lib/cjs/check/runner/Runner.js:61:17)
      at Object.<anonymous> (tests/MarkerVisibilityToggle-persistence.props.test.tsx:76:10)

    console.warn
      Failed to save marker visibility preference: Error: Storage full
          at Proxy.<anonymous> (C:\Users\Cheney\Documents\Github\LearningSong\frontend\tests\MarkerVisibilityToggle-persistence.props.test.tsx:83:21)
          at C:\Users\Cheney\Documents\Github\LearningSong\frontend\node_modules\.pnpm\jest-mock@30.2.0\node_modules\jest-mock\build\index.js:305:39
          at Proxy.<anonymous> (C:\Users\Cheney\Documents\Github\LearningSong\frontend\node_modules\.pnpm\jest-mock@30.2.0\node_modules\jest-mock\build\index.js:312:13)
          at Proxy.mockConstructor (C:\Users\Cheney\Documents\Github\LearningSong\frontend\node_modules\.pnpm\jest-mock@30.2.0\node_modules\jest-mock\build\index.js:102:19)
          at saveMarkerVisibility (C:\Users\Cheney\Documents\Github\LearningSong\frontend\src\components\MarkerVisibilityToggle.tsx:40:18)
          at C:\Users\Cheney\Documents\Github\LearningSong\frontend\tests\MarkerVisibilityToggle-persistence.props.test.tsx:87:46
          at Object.<anonymous> (C:\Users\Cheney\Documents\Github\LearningSong\frontend\node_modules\.pnpm\expect@30.2.0\node_modules\expect\build\index.js:1824:9)
          at Object.throwingMatcher [as toThrow] (C:\Users\Cheney\Documents\Github\LearningSong\frontend\node_modules\.pnpm\expect@30.2.0\node_modules\expect\build\index.js:2235:93)
          at C:\Users\Cheney\Documents\Github\LearningSong\frontend\tests\MarkerVisibilityToggle-persistence.props.test.tsx:87:65
          at Property.predicate (C:\Users\Cheney\Documents\Github\LearningSong\frontend\node_modules\.pnpm\fast-check@4.3.0\node_modules\fast-check\lib\cjs\check\property\Property.js:17:86)
          at Property.run (C:\Users\Cheney\Documents\Github\LearningSong\frontend\node_modules\.pnpm\fast-check@4.3.0\node_modules\fast-check\lib\cjs\check\property\Property.generic.js:46:33)
          at runIt (C:\Users\Cheney\Documents\Github\LearningSong\frontend\node_modules\.pnpm\fast-check@4.3.0\node_modules\fast-check\lib\cjs\check\runner\Runner.js:18:30)
          at check (C:\Users\Cheney\Documents\Github\LearningSong\frontend\node_modules\.pnpm\fast-check@4.3.0\node_modules\fast-check\lib\cjs\check\runner\Runner.js:58:11)
          at Object.assert (C:\Users\Cheney\Documents\Github\LearningSong\frontend\node_modules\.pnpm\fast-check@4.3.0\node_modules\fast-check\lib\cjs\check\runner\Runner.js:61:17)
          at Object.<anonymous> (C:\Users\Cheney\Documents\Github\LearningSong\frontend\tests\MarkerVisibilityToggle-persistence.props.test.tsx:76:10)
          at Promise.finally.completed (C:\Users\Cheney\Documents\Github\LearningSong\frontend\node_modules\.pnpm\jest-circus@30.2.0\node_modules\jest-circus\build\jestAdapterInit.js:1557:28)
          at new Promise (<anonymous>)
          at callAsyncCircusFn (C:\Users\Cheney\Documents\Github\LearningSong\frontend\node_modules\.pnpm\jest-circus@30.2.0\node_modules\jest-circus\build\jestAdapterInit.js:1497:10)
          at _callCircusTest (C:\Users\Cheney\Documents\Github\LearningSong\frontend\node_modules\.pnpm\jest-circus@30.2.0\node_modules\jest-circus\build\jestAdapterInit.js:1007:40)
          at processTicksAndRejections (node:internal/process/task_queues:105:5)
          at _runTest (C:\Users\Cheney\Documents\Github\LearningSong\frontend\node_modules\.pnpm\jest-circus@30.2.0\node_modules\jest-circus\build\jestAdapterInit.js:947:3)
          at C:\Users\Cheney\Documents\Github\LearningSong\frontend\node_modules\.pnpm\jest-circus@30.2.0\node_modules\jest-circus\build\jestAdapterInit.js:849:7
          at _runTestsForDescribeBlock (C:\Users\Cheney\Documents\Github\LearningSong\frontend\node_modules\.pnpm\jest-circus@30.2.0\node_modules\jest-circus\build\jestAdapterInit.js:862:11)
          at _runTestsForDescribeBlock (C:\Users\Cheney\Documents\Github\LearningSong\frontend\node_modules\.pnpm\jest-circus@30.2.0\node_modules\jest-circus\build\jestAdapterInit.js:857:11)
          at _runTestsForDescribeBlock (C:\Users\Cheney\Documents\Github\LearningSong\frontend\node_modules\.pnpm\jest-circus@30.2.0\node_modules\jest-circus\build\jestAdapterInit.js:857:11)
          at run (C:\Users\Cheney\Documents\Github\LearningSong\frontend\node_modules\.pnpm\jest-circus@30.2.0\node_modules\jest-circus\build\jestAdapterInit.js:761:3)
          at runAndTransformResultsToJestFormat (C:\Users\Cheney\Documents\Github\LearningSong\frontend\node_modules\.pnpm\jest-circus@30.2.0\node_modules\jest-circus\build\jestAdapterInit.js:1918:21)
          at jestAdapter (C:\Users\Cheney\Documents\Github\LearningSong\frontend\node_modules\.pnpm\jest-circus@30.2.0\node_modules\jest-circus\build\runner.js:101:19)
          at runTestInternal (C:\Users\Cheney\Documents\Github\LearningSong\frontend\node_modules\.pnpm\jest-runner@30.2.0\node_modules\jest-runner\build\testWorker.js:275:16)
          at runTest (C:\Users\Cheney\Documents\Github\LearningSong\frontend\node_modules\.pnpm\jest-runner@30.2.0\node_modules\jest-runner\build\testWorker.js:343:7)
          at Object.worker (C:\Users\Cheney\Documents\Github\LearningSong\frontend\node_modules\.pnpm\jest-runner@30.2.0\node_modules\jest-runner\build\testWorker.js:497:12)

      40 |     localStorage.setItem(STORAGE_KEY, String(showMarkers))
      41 |   } catch (error) {
    > 42 |     console.warn('Failed to save marker visibility preference:', error)
         |             ^
      43 |   }
      44 | }
      45 |

      at saveMarkerVisibility (src/components/MarkerVisibilityToggle.tsx:42:13)
      at tests/MarkerVisibilityToggle-persistence.props.test.tsx:87:46
      at Object.<anonymous> (node_modules/.pnpm/expect@30.2.0/node_modules/expect/build/index.js:1824:9)
      at Object.throwingMatcher [as toThrow] (node_modules/.pnpm/expect@30.2.0/node_modules/expect/build/index.js:2235:93)
      at tests/MarkerVisibilityToggle-persistence.props.test.tsx:87:65
      at Property.predicate (node_modules/.pnpm/fast-check@4.3.0/node_modules/fast-check/lib/cjs/check/property/Property.js:17:86)
      at Property.run (node_modules/.pnpm/fast-check@4.3.0/node_modules/fast-check/lib/cjs/check/property/Property.generic.js:46:33)
      at runIt (node_modules/.pnpm/fast-check@4.3.0/node_modules/fast-check/lib/cjs/check/runner/Runner.js:18:30)
      at check (node_modules/.pnpm/fast-check@4.3.0/node_modules/fast-check/lib/cjs/check/runner/Runner.js:58:11)
      at Object.assert (node_modules/.pnpm/fast-check@4.3.0/node_modules/fast-check/lib/cjs/check/runner/Runner.js:61:17)
      at Object.<anonymous> (tests/MarkerVisibilityToggle-persistence.props.test.tsx:76:10)

    console.warn
      Failed to save marker visibility preference: Error: Storage full
          at Proxy.<anonymous> (C:\Users\Cheney\Documents\Github\LearningSong\frontend\tests\MarkerVisibilityToggle-persistence.props.test.tsx:83:21)
          at C:\Users\Cheney\Documents\Github\LearningSong\frontend\node_modules\.pnpm\jest-mock@30.2.0\node_modules\jest-mock\build\index.js:305:39
          at Proxy.<anonymous> (C:\Users\Cheney\Documents\Github\LearningSong\frontend\node_modules\.pnpm\jest-mock@30.2.0\node_modules\jest-mock\build\index.js:312:13)
          at Proxy.mockConstructor (C:\Users\Cheney\Documents\Github\LearningSong\frontend\node_modules\.pnpm\jest-mock@30.2.0\node_modules\jest-mock\build\index.js:102:19)
          at saveMarkerVisibility (C:\Users\Cheney\Documents\Github\LearningSong\frontend\src\components\MarkerVisibilityToggle.tsx:40:18)
          at C:\Users\Cheney\Documents\Github\LearningSong\frontend\tests\MarkerVisibilityToggle-persistence.props.test.tsx:87:46
          at Object.<anonymous> (C:\Users\Cheney\Documents\Github\LearningSong\frontend\node_modules\.pnpm\expect@30.2.0\node_modules\expect\build\index.js:1824:9)
          at Object.throwingMatcher [as toThrow] (C:\Users\Cheney\Documents\Github\LearningSong\frontend\node_modules\.pnpm\expect@30.2.0\node_modules\expect\build\index.js:2235:93)
          at C:\Users\Cheney\Documents\Github\LearningSong\frontend\tests\MarkerVisibilityToggle-persistence.props.test.tsx:87:65
          at Property.predicate (C:\Users\Cheney\Documents\Github\LearningSong\frontend\node_modules\.pnpm\fast-check@4.3.0\node_modules\fast-check\lib\cjs\check\property\Property.js:17:86)
          at Property.run (C:\Users\Cheney\Documents\Github\LearningSong\frontend\node_modules\.pnpm\fast-check@4.3.0\node_modules\fast-check\lib\cjs\check\property\Property.generic.js:46:33)
          at runIt (C:\Users\Cheney\Documents\Github\LearningSong\frontend\node_modules\.pnpm\fast-check@4.3.0\node_modules\fast-check\lib\cjs\check\runner\Runner.js:18:30)
          at check (C:\Users\Cheney\Documents\Github\LearningSong\frontend\node_modules\.pnpm\fast-check@4.3.0\node_modules\fast-check\lib\cjs\check\runner\Runner.js:58:11)
          at Object.assert (C:\Users\Cheney\Documents\Github\LearningSong\frontend\node_modules\.pnpm\fast-check@4.3.0\node_modules\fast-check\lib\cjs\check\runner\Runner.js:61:17)
          at Object.<anonymous> (C:\Users\Cheney\Documents\Github\LearningSong\frontend\tests\MarkerVisibilityToggle-persistence.props.test.tsx:76:10)
          at Promise.finally.completed (C:\Users\Cheney\Documents\Github\LearningSong\frontend\node_modules\.pnpm\jest-circus@30.2.0\node_modules\jest-circus\build\jestAdapterInit.js:1557:28)
          at new Promise (<anonymous>)
          at callAsyncCircusFn (C:\Users\Cheney\Documents\Github\LearningSong\frontend\node_modules\.pnpm\jest-circus@30.2.0\node_modules\jest-circus\build\jestAdapterInit.js:1497:10)
          at _callCircusTest (C:\Users\Cheney\Documents\Github\LearningSong\frontend\node_modules\.pnpm\jest-circus@30.2.0\node_modules\jest-circus\build\jestAdapterInit.js:1007:40)
          at processTicksAndRejections (node:internal/process/task_queues:105:5)
          at _runTest (C:\Users\Cheney\Documents\Github\LearningSong\frontend\node_modules\.pnpm\jest-circus@30.2.0\node_modules\jest-circus\build\jestAdapterInit.js:947:3)
          at C:\Users\Cheney\Documents\Github\LearningSong\frontend\node_modules\.pnpm\jest-circus@30.2.0\node_modules\jest-circus\build\jestAdapterInit.js:849:7
          at _runTestsForDescribeBlock (C:\Users\Cheney\Documents\Github\LearningSong\frontend\node_modules\.pnpm\jest-circus@30.2.0\node_modules\jest-circus\build\jestAdapterInit.js:862:11)
          at _runTestsForDescribeBlock (C:\Users\Cheney\Documents\Github\LearningSong\frontend\node_modules\.pnpm\jest-circus@30.2.0\node_modules\jest-circus\build\jestAdapterInit.js:857:11)
          at _runTestsForDescribeBlock (C:\Users\Cheney\Documents\Github\LearningSong\frontend\node_modules\.pnpm\jest-circus@30.2.0\node_modules\jest-circus\build\jestAdapterInit.js:857:11)
          at run (C:\Users\Cheney\Documents\Github\LearningSong\frontend\node_modules\.pnpm\jest-circus@30.2.0\node_modules\jest-circus\build\jestAdapterInit.js:761:3)
          at runAndTransformResultsToJestFormat (C:\Users\Cheney\Documents\Github\LearningSong\frontend\node_modules\.pnpm\jest-circus@30.2.0\node_modules\jest-circus\build\jestAdapterInit.js:1918:21)
          at jestAdapter (C:\Users\Cheney\Documents\Github\LearningSong\frontend\node_modules\.pnpm\jest-circus@30.2.0\node_modules\jest-circus\build\runner.js:101:19)
          at runTestInternal (C:\Users\Cheney\Documents\Github\LearningSong\frontend\node_modules\.pnpm\jest-runner@30.2.0\node_modules\jest-runner\build\testWorker.js:275:16)
          at runTest (C:\Users\Cheney\Documents\Github\LearningSong\frontend\node_modules\.pnpm\jest-runner@30.2.0\node_modules\jest-runner\build\testWorker.js:343:7)
          at Object.worker (C:\Users\Cheney\Documents\Github\LearningSong\frontend\node_modules\.pnpm\jest-runner@30.2.0\node_modules\jest-runner\build\testWorker.js:497:12)

      40 |     localStorage.setItem(STORAGE_KEY, String(showMarkers))
      41 |   } catch (error) {
    > 42 |     console.warn('Failed to save marker visibility preference:', error)
         |             ^
      43 |   }
      44 | }
      45 |

      at saveMarkerVisibility (src/components/MarkerVisibilityToggle.tsx:42:13)
      at tests/MarkerVisibilityToggle-persistence.props.test.tsx:87:46
      at Object.<anonymous> (node_modules/.pnpm/expect@30.2.0/node_modules/expect/build/index.js:1824:9)
      at Object.throwingMatcher [as toThrow] (node_modules/.pnpm/expect@30.2.0/node_modules/expect/build/index.js:2235:93)
      at tests/MarkerVisibilityToggle-persistence.props.test.tsx:87:65
      at Property.predicate (node_modules/.pnpm/fast-check@4.3.0/node_modules/fast-check/lib/cjs/check/property/Property.js:17:86)
      at Property.run (node_modules/.pnpm/fast-check@4.3.0/node_modules/fast-check/lib/cjs/check/property/Property.generic.js:46:33)
      at runIt (node_modules/.pnpm/fast-check@4.3.0/node_modules/fast-check/lib/cjs/check/runner/Runner.js:18:30)
      at check (node_modules/.pnpm/fast-check@4.3.0/node_modules/fast-check/lib/cjs/check/runner/Runner.js:58:11)
      at Object.assert (node_modules/.pnpm/fast-check@4.3.0/node_modules/fast-check/lib/cjs/check/runner/Runner.js:61:17)
      at Object.<anonymous> (tests/MarkerVisibilityToggle-persistence.props.test.tsx:76:10)

    console.warn
      Failed to save marker visibility preference: Error: Storage full
          at Proxy.<anonymous> (C:\Users\Cheney\Documents\Github\LearningSong\frontend\tests\MarkerVisibilityToggle-persistence.props.test.tsx:83:21)
          at C:\Users\Cheney\Documents\Github\LearningSong\frontend\node_modules\.pnpm\jest-mock@30.2.0\node_modules\jest-mock\build\index.js:305:39
          at Proxy.<anonymous> (C:\Users\Cheney\Documents\Github\LearningSong\frontend\node_modules\.pnpm\jest-mock@30.2.0\node_modules\jest-mock\build\index.js:312:13)
          at Proxy.mockConstructor (C:\Users\Cheney\Documents\Github\LearningSong\frontend\node_modules\.pnpm\jest-mock@30.2.0\node_modules\jest-mock\build\index.js:102:19)
          at saveMarkerVisibility (C:\Users\Cheney\Documents\Github\LearningSong\frontend\src\components\MarkerVisibilityToggle.tsx:40:18)
          at C:\Users\Cheney\Documents\Github\LearningSong\frontend\tests\MarkerVisibilityToggle-persistence.props.test.tsx:87:46
          at Object.<anonymous> (C:\Users\Cheney\Documents\Github\LearningSong\frontend\node_modules\.pnpm\expect@30.2.0\node_modules\expect\build\index.js:1824:9)
          at Object.throwingMatcher [as toThrow] (C:\Users\Cheney\Documents\Github\LearningSong\frontend\node_modules\.pnpm\expect@30.2.0\node_modules\expect\build\index.js:2235:93)
          at C:\Users\Cheney\Documents\Github\LearningSong\frontend\tests\MarkerVisibilityToggle-persistence.props.test.tsx:87:65
          at Property.predicate (C:\Users\Cheney\Documents\Github\LearningSong\frontend\node_modules\.pnpm\fast-check@4.3.0\node_modules\fast-check\lib\cjs\check\property\Property.js:17:86)
          at Property.run (C:\Users\Cheney\Documents\Github\LearningSong\frontend\node_modules\.pnpm\fast-check@4.3.0\node_modules\fast-check\lib\cjs\check\property\Property.generic.js:46:33)
          at runIt (C:\Users\Cheney\Documents\Github\LearningSong\frontend\node_modules\.pnpm\fast-check@4.3.0\node_modules\fast-check\lib\cjs\check\runner\Runner.js:18:30)
          at check (C:\Users\Cheney\Documents\Github\LearningSong\frontend\node_modules\.pnpm\fast-check@4.3.0\node_modules\fast-check\lib\cjs\check\runner\Runner.js:58:11)
          at Object.assert (C:\Users\Cheney\Documents\Github\LearningSong\frontend\node_modules\.pnpm\fast-check@4.3.0\node_modules\fast-check\lib\cjs\check\runner\Runner.js:61:17)
          at Object.<anonymous> (C:\Users\Cheney\Documents\Github\LearningSong\frontend\tests\MarkerVisibilityToggle-persistence.props.test.tsx:76:10)
          at Promise.finally.completed (C:\Users\Cheney\Documents\Github\LearningSong\frontend\node_modules\.pnpm\jest-circus@30.2.0\node_modules\jest-circus\build\jestAdapterInit.js:1557:28)
          at new Promise (<anonymous>)
          at callAsyncCircusFn (C:\Users\Cheney\Documents\Github\LearningSong\frontend\node_modules\.pnpm\jest-circus@30.2.0\node_modules\jest-circus\build\jestAdapterInit.js:1497:10)
          at _callCircusTest (C:\Users\Cheney\Documents\Github\LearningSong\frontend\node_modules\.pnpm\jest-circus@30.2.0\node_modules\jest-circus\build\jestAdapterInit.js:1007:40)
          at processTicksAndRejections (node:internal/process/task_queues:105:5)
          at _runTest (C:\Users\Cheney\Documents\Github\LearningSong\frontend\node_modules\.pnpm\jest-circus@30.2.0\node_modules\jest-circus\build\jestAdapterInit.js:947:3)
          at C:\Users\Cheney\Documents\Github\LearningSong\frontend\node_modules\.pnpm\jest-circus@30.2.0\node_modules\jest-circus\build\jestAdapterInit.js:849:7
          at _runTestsForDescribeBlock (C:\Users\Cheney\Documents\Github\LearningSong\frontend\node_modules\.pnpm\jest-circus@30.2.0\node_modules\jest-circus\build\jestAdapterInit.js:862:11)
          at _runTestsForDescribeBlock (C:\Users\Cheney\Documents\Github\LearningSong\frontend\node_modules\.pnpm\jest-circus@30.2.0\node_modules\jest-circus\build\jestAdapterInit.js:857:11)
          at _runTestsForDescribeBlock (C:\Users\Cheney\Documents\Github\LearningSong\frontend\node_modules\.pnpm\jest-circus@30.2.0\node_modules\jest-circus\build\jestAdapterInit.js:857:11)
          at run (C:\Users\Cheney\Documents\Github\LearningSong\frontend\node_modules\.pnpm\jest-circus@30.2.0\node_modules\jest-circus\build\jestAdapterInit.js:761:3)
          at runAndTransformResultsToJestFormat (C:\Users\Cheney\Documents\Github\LearningSong\frontend\node_modules\.pnpm\jest-circus@30.2.0\node_modules\jest-circus\build\jestAdapterInit.js:1918:21)
          at jestAdapter (C:\Users\Cheney\Documents\Github\LearningSong\frontend\node_modules\.pnpm\jest-circus@30.2.0\node_modules\jest-circus\build\runner.js:101:19)
          at runTestInternal (C:\Users\Cheney\Documents\Github\LearningSong\frontend\node_modules\.pnpm\jest-runner@30.2.0\node_modules\jest-runner\build\testWorker.js:275:16)
          at runTest (C:\Users\Cheney\Documents\Github\LearningSong\frontend\node_modules\.pnpm\jest-runner@30.2.0\node_modules\jest-runner\build\testWorker.js:343:7)
          at Object.worker (C:\Users\Cheney\Documents\Github\LearningSong\frontend\node_modules\.pnpm\jest-runner@30.2.0\node_modules\jest-runner\build\testWorker.js:497:12)

      40 |     localStorage.setItem(STORAGE_KEY, String(showMarkers))
      41 |   } catch (error) {
    > 42 |     console.warn('Failed to save marker visibility preference:', error)
         |             ^
      43 |   }
      44 | }
      45 |

      at saveMarkerVisibility (src/components/MarkerVisibilityToggle.tsx:42:13)
      at tests/MarkerVisibilityToggle-persistence.props.test.tsx:87:46
      at Object.<anonymous> (node_modules/.pnpm/expect@30.2.0/node_modules/expect/build/index.js:1824:9)
      at Object.throwingMatcher [as toThrow] (node_modules/.pnpm/expect@30.2.0/node_modules/expect/build/index.js:2235:93)
      at tests/MarkerVisibilityToggle-persistence.props.test.tsx:87:65
      at Property.predicate (node_modules/.pnpm/fast-check@4.3.0/node_modules/fast-check/lib/cjs/check/property/Property.js:17:86)
      at Property.run (node_modules/.pnpm/fast-check@4.3.0/node_modules/fast-check/lib/cjs/check/property/Property.generic.js:46:33)
      at runIt (node_modules/.pnpm/fast-check@4.3.0/node_modules/fast-check/lib/cjs/check/runner/Runner.js:18:30)
      at check (node_modules/.pnpm/fast-check@4.3.0/node_modules/fast-check/lib/cjs/check/runner/Runner.js:58:11)
      at Object.assert (node_modules/.pnpm/fast-check@4.3.0/node_modules/fast-check/lib/cjs/check/runner/Runner.js:61:17)
      at Object.<anonymous> (tests/MarkerVisibilityToggle-persistence.props.test.tsx:76:10)

    console.warn
      Failed to save marker visibility preference: Error: Storage full
          at Proxy.<anonymous> (C:\Users\Cheney\Documents\Github\LearningSong\frontend\tests\MarkerVisibilityToggle-persistence.props.test.tsx:83:21)
          at C:\Users\Cheney\Documents\Github\LearningSong\frontend\node_modules\.pnpm\jest-mock@30.2.0\node_modules\jest-mock\build\index.js:305:39
          at Proxy.<anonymous> (C:\Users\Cheney\Documents\Github\LearningSong\frontend\node_modules\.pnpm\jest-mock@30.2.0\node_modules\jest-mock\build\index.js:312:13)
          at Proxy.mockConstructor (C:\Users\Cheney\Documents\Github\LearningSong\frontend\node_modules\.pnpm\jest-mock@30.2.0\node_modules\jest-mock\build\index.js:102:19)
          at saveMarkerVisibility (C:\Users\Cheney\Documents\Github\LearningSong\frontend\src\components\MarkerVisibilityToggle.tsx:40:18)
          at C:\Users\Cheney\Documents\Github\LearningSong\frontend\tests\MarkerVisibilityToggle-persistence.props.test.tsx:87:46
          at Object.<anonymous> (C:\Users\Cheney\Documents\Github\LearningSong\frontend\node_modules\.pnpm\expect@30.2.0\node_modules\expect\build\index.js:1824:9)
          at Object.throwingMatcher [as toThrow] (C:\Users\Cheney\Documents\Github\LearningSong\frontend\node_modules\.pnpm\expect@30.2.0\node_modules\expect\build\index.js:2235:93)
          at C:\Users\Cheney\Documents\Github\LearningSong\frontend\tests\MarkerVisibilityToggle-persistence.props.test.tsx:87:65
          at Property.predicate (C:\Users\Cheney\Documents\Github\LearningSong\frontend\node_modules\.pnpm\fast-check@4.3.0\node_modules\fast-check\lib\cjs\check\property\Property.js:17:86)
          at Property.run (C:\Users\Cheney\Documents\Github\LearningSong\frontend\node_modules\.pnpm\fast-check@4.3.0\node_modules\fast-check\lib\cjs\check\property\Property.generic.js:46:33)
          at runIt (C:\Users\Cheney\Documents\Github\LearningSong\frontend\node_modules\.pnpm\fast-check@4.3.0\node_modules\fast-check\lib\cjs\check\runner\Runner.js:18:30)
          at check (C:\Users\Cheney\Documents\Github\LearningSong\frontend\node_modules\.pnpm\fast-check@4.3.0\node_modules\fast-check\lib\cjs\check\runner\Runner.js:58:11)
          at Object.assert (C:\Users\Cheney\Documents\Github\LearningSong\frontend\node_modules\.pnpm\fast-check@4.3.0\node_modules\fast-check\lib\cjs\check\runner\Runner.js:61:17)
          at Object.<anonymous> (C:\Users\Cheney\Documents\Github\LearningSong\frontend\tests\MarkerVisibilityToggle-persistence.props.test.tsx:76:10)
          at Promise.finally.completed (C:\Users\Cheney\Documents\Github\LearningSong\frontend\node_modules\.pnpm\jest-circus@30.2.0\node_modules\jest-circus\build\jestAdapterInit.js:1557:28)
          at new Promise (<anonymous>)
          at callAsyncCircusFn (C:\Users\Cheney\Documents\Github\LearningSong\frontend\node_modules\.pnpm\jest-circus@30.2.0\node_modules\jest-circus\build\jestAdapterInit.js:1497:10)
          at _callCircusTest (C:\Users\Cheney\Documents\Github\LearningSong\frontend\node_modules\.pnpm\jest-circus@30.2.0\node_modules\jest-circus\build\jestAdapterInit.js:1007:40)
          at processTicksAndRejections (node:internal/process/task_queues:105:5)
          at _runTest (C:\Users\Cheney\Documents\Github\LearningSong\frontend\node_modules\.pnpm\jest-circus@30.2.0\node_modules\jest-circus\build\jestAdapterInit.js:947:3)
          at C:\Users\Cheney\Documents\Github\LearningSong\frontend\node_modules\.pnpm\jest-circus@30.2.0\node_modules\jest-circus\build\jestAdapterInit.js:849:7
          at _runTestsForDescribeBlock (C:\Users\Cheney\Documents\Github\LearningSong\frontend\node_modules\.pnpm\jest-circus@30.2.0\node_modules\jest-circus\build\jestAdapterInit.js:862:11)
          at _runTestsForDescribeBlock (C:\Users\Cheney\Documents\Github\LearningSong\frontend\node_modules\.pnpm\jest-circus@30.2.0\node_modules\jest-circus\build\jestAdapterInit.js:857:11)
          at _runTestsForDescribeBlock (C:\Users\Cheney\Documents\Github\LearningSong\frontend\node_modules\.pnpm\jest-circus@30.2.0\node_modules\jest-circus\build\jestAdapterInit.js:857:11)
          at run (C:\Users\Cheney\Documents\Github\LearningSong\frontend\node_modules\.pnpm\jest-circus@30.2.0\node_modules\jest-circus\build\jestAdapterInit.js:761:3)
          at runAndTransformResultsToJestFormat (C:\Users\Cheney\Documents\Github\LearningSong\frontend\node_modules\.pnpm\jest-circus@30.2.0\node_modules\jest-circus\build\jestAdapterInit.js:1918:21)
          at jestAdapter (C:\Users\Cheney\Documents\Github\LearningSong\frontend\node_modules\.pnpm\jest-circus@30.2.0\node_modules\jest-circus\build\runner.js:101:19)
          at runTestInternal (C:\Users\Cheney\Documents\Github\LearningSong\frontend\node_modules\.pnpm\jest-runner@30.2.0\node_modules\jest-runner\build\testWorker.js:275:16)
          at runTest (C:\Users\Cheney\Documents\Github\LearningSong\frontend\node_modules\.pnpm\jest-runner@30.2.0\node_modules\jest-runner\build\testWorker.js:343:7)
          at Object.worker (C:\Users\Cheney\Documents\Github\LearningSong\frontend\node_modules\.pnpm\jest-runner@30.2.0\node_modules\jest-runner\build\testWorker.js:497:12)

      40 |     localStorage.setItem(STORAGE_KEY, String(showMarkers))
      41 |   } catch (error) {
    > 42 |     console.warn('Failed to save marker visibility preference:', error)
         |             ^
      43 |   }
      44 | }
      45 |

      at saveMarkerVisibility (src/components/MarkerVisibilityToggle.tsx:42:13)
      at tests/MarkerVisibilityToggle-persistence.props.test.tsx:87:46
      at Object.<anonymous> (node_modules/.pnpm/expect@30.2.0/node_modules/expect/build/index.js:1824:9)
      at Object.throwingMatcher [as toThrow] (node_modules/.pnpm/expect@30.2.0/node_modules/expect/build/index.js:2235:93)
      at tests/MarkerVisibilityToggle-persistence.props.test.tsx:87:65
      at Property.predicate (node_modules/.pnpm/fast-check@4.3.0/node_modules/fast-check/lib/cjs/check/property/Property.js:17:86)
      at Property.run (node_modules/.pnpm/fast-check@4.3.0/node_modules/fast-check/lib/cjs/check/property/Property.generic.js:46:33)
      at runIt (node_modules/.pnpm/fast-check@4.3.0/node_modules/fast-check/lib/cjs/check/runner/Runner.js:18:30)
      at check (node_modules/.pnpm/fast-check@4.3.0/node_modules/fast-check/lib/cjs/check/runner/Runner.js:58:11)
      at Object.assert (node_modules/.pnpm/fast-check@4.3.0/node_modules/fast-check/lib/cjs/check/runner/Runner.js:61:17)
      at Object.<anonymous> (tests/MarkerVisibilityToggle-persistence.props.test.tsx:76:10)

    console.warn
      Failed to save marker visibility preference: Error: Storage full
          at Proxy.<anonymous> (C:\Users\Cheney\Documents\Github\LearningSong\frontend\tests\MarkerVisibilityToggle-persistence.props.test.tsx:83:21)
          at C:\Users\Cheney\Documents\Github\LearningSong\frontend\node_modules\.pnpm\jest-mock@30.2.0\node_modules\jest-mock\build\index.js:305:39
          at Proxy.<anonymous> (C:\Users\Cheney\Documents\Github\LearningSong\frontend\node_modules\.pnpm\jest-mock@30.2.0\node_modules\jest-mock\build\index.js:312:13)
          at Proxy.mockConstructor (C:\Users\Cheney\Documents\Github\LearningSong\frontend\node_modules\.pnpm\jest-mock@30.2.0\node_modules\jest-mock\build\index.js:102:19)
          at saveMarkerVisibility (C:\Users\Cheney\Documents\Github\LearningSong\frontend\src\components\MarkerVisibilityToggle.tsx:40:18)
          at C:\Users\Cheney\Documents\Github\LearningSong\frontend\tests\MarkerVisibilityToggle-persistence.props.test.tsx:87:46
          at Object.<anonymous> (C:\Users\Cheney\Documents\Github\LearningSong\frontend\node_modules\.pnpm\expect@30.2.0\node_modules\expect\build\index.js:1824:9)
          at Object.throwingMatcher [as toThrow] (C:\Users\Cheney\Documents\Github\LearningSong\frontend\node_modules\.pnpm\expect@30.2.0\node_modules\expect\build\index.js:2235:93)
          at C:\Users\Cheney\Documents\Github\LearningSong\frontend\tests\MarkerVisibilityToggle-persistence.props.test.tsx:87:65
          at Property.predicate (C:\Users\Cheney\Documents\Github\LearningSong\frontend\node_modules\.pnpm\fast-check@4.3.0\node_modules\fast-check\lib\cjs\check\property\Property.js:17:86)
          at Property.run (C:\Users\Cheney\Documents\Github\LearningSong\frontend\node_modules\.pnpm\fast-check@4.3.0\node_modules\fast-check\lib\cjs\check\property\Property.generic.js:46:33)
          at runIt (C:\Users\Cheney\Documents\Github\LearningSong\frontend\node_modules\.pnpm\fast-check@4.3.0\node_modules\fast-check\lib\cjs\check\runner\Runner.js:18:30)
          at check (C:\Users\Cheney\Documents\Github\LearningSong\frontend\node_modules\.pnpm\fast-check@4.3.0\node_modules\fast-check\lib\cjs\check\runner\Runner.js:58:11)
          at Object.assert (C:\Users\Cheney\Documents\Github\LearningSong\frontend\node_modules\.pnpm\fast-check@4.3.0\node_modules\fast-check\lib\cjs\check\runner\Runner.js:61:17)
          at Object.<anonymous> (C:\Users\Cheney\Documents\Github\LearningSong\frontend\tests\MarkerVisibilityToggle-persistence.props.test.tsx:76:10)
          at Promise.finally.completed (C:\Users\Cheney\Documents\Github\LearningSong\frontend\node_modules\.pnpm\jest-circus@30.2.0\node_modules\jest-circus\build\jestAdapterInit.js:1557:28)
          at new Promise (<anonymous>)
          at callAsyncCircusFn (C:\Users\Cheney\Documents\Github\LearningSong\frontend\node_modules\.pnpm\jest-circus@30.2.0\node_modules\jest-circus\build\jestAdapterInit.js:1497:10)
          at _callCircusTest (C:\Users\Cheney\Documents\Github\LearningSong\frontend\node_modules\.pnpm\jest-circus@30.2.0\node_modules\jest-circus\build\jestAdapterInit.js:1007:40)
          at processTicksAndRejections (node:internal/process/task_queues:105:5)
          at _runTest (C:\Users\Cheney\Documents\Github\LearningSong\frontend\node_modules\.pnpm\jest-circus@30.2.0\node_modules\jest-circus\build\jestAdapterInit.js:947:3)
          at C:\Users\Cheney\Documents\Github\LearningSong\frontend\node_modules\.pnpm\jest-circus@30.2.0\node_modules\jest-circus\build\jestAdapterInit.js:849:7
          at _runTestsForDescribeBlock (C:\Users\Cheney\Documents\Github\LearningSong\frontend\node_modules\.pnpm\jest-circus@30.2.0\node_modules\jest-circus\build\jestAdapterInit.js:862:11)
          at _runTestsForDescribeBlock (C:\Users\Cheney\Documents\Github\LearningSong\frontend\node_modules\.pnpm\jest-circus@30.2.0\node_modules\jest-circus\build\jestAdapterInit.js:857:11)
          at _runTestsForDescribeBlock (C:\Users\Cheney\Documents\Github\LearningSong\frontend\node_modules\.pnpm\jest-circus@30.2.0\node_modules\jest-circus\build\jestAdapterInit.js:857:11)
          at run (C:\Users\Cheney\Documents\Github\LearningSong\frontend\node_modules\.pnpm\jest-circus@30.2.0\node_modules\jest-circus\build\jestAdapterInit.js:761:3)
          at runAndTransformResultsToJestFormat (C:\Users\Cheney\Documents\Github\LearningSong\frontend\node_modules\.pnpm\jest-circus@30.2.0\node_modules\jest-circus\build\jestAdapterInit.js:1918:21)
          at jestAdapter (C:\Users\Cheney\Documents\Github\LearningSong\frontend\node_modules\.pnpm\jest-circus@30.2.0\node_modules\jest-circus\build\runner.js:101:19)
          at runTestInternal (C:\Users\Cheney\Documents\Github\LearningSong\frontend\node_modules\.pnpm\jest-runner@30.2.0\node_modules\jest-runner\build\testWorker.js:275:16)
          at runTest (C:\Users\Cheney\Documents\Github\LearningSong\frontend\node_modules\.pnpm\jest-runner@30.2.0\node_modules\jest-runner\build\testWorker.js:343:7)
          at Object.worker (C:\Users\Cheney\Documents\Github\LearningSong\frontend\node_modules\.pnpm\jest-runner@30.2.0\node_modules\jest-runner\build\testWorker.js:497:12)

      40 |     localStorage.setItem(STORAGE_KEY, String(showMarkers))
      41 |   } catch (error) {
    > 42 |     console.warn('Failed to save marker visibility preference:', error)
         |             ^
      43 |   }
      44 | }
      45 |

      at saveMarkerVisibility (src/components/MarkerVisibilityToggle.tsx:42:13)
      at tests/MarkerVisibilityToggle-persistence.props.test.tsx:87:46
      at Object.<anonymous> (node_modules/.pnpm/expect@30.2.0/node_modules/expect/build/index.js:1824:9)
      at Object.throwingMatcher [as toThrow] (node_modules/.pnpm/expect@30.2.0/node_modules/expect/build/index.js:2235:93)
      at tests/MarkerVisibilityToggle-persistence.props.test.tsx:87:65
      at Property.predicate (node_modules/.pnpm/fast-check@4.3.0/node_modules/fast-check/lib/cjs/check/property/Property.js:17:86)
      at Property.run (node_modules/.pnpm/fast-check@4.3.0/node_modules/fast-check/lib/cjs/check/property/Property.generic.js:46:33)
      at runIt (node_modules/.pnpm/fast-check@4.3.0/node_modules/fast-check/lib/cjs/check/runner/Runner.js:18:30)
      at check (node_modules/.pnpm/fast-check@4.3.0/node_modules/fast-check/lib/cjs/check/runner/Runner.js:58:11)
      at Object.assert (node_modules/.pnpm/fast-check@4.3.0/node_modules/fast-check/lib/cjs/check/runner/Runner.js:61:17)
      at Object.<anonymous> (tests/MarkerVisibilityToggle-persistence.props.test.tsx:76:10)

PASS tests/GenerateButton.test.tsx
PASS tests/textInputStore.test.ts
TAP version 13
PASS tests/LineLyricsDisplay.props.test.ts
PASS tests/useLyricsSync.test.ts
PASS tests/lyrics-api.test.ts
PASS tests/SongSwitcher.props.test.tsx (32.877 s)
PASS tests/vtt-generator.props.test.ts
PASS tests/offset-storage.test.ts
FAIL tests/SongPlaybackPage.offset.test.tsx
  ??Test suite failed to run

    src/lib/analytics.ts:37:7 - error TS1343: The 'import.meta' meta-property is only allowed when the '--module' option is 'es2020', 'es2022', 'esnext', 'system', 'node16', 'node18', 'node20', or 'nodenext'.

    37   if (import.meta.env.DEV && import.meta.env.VITE_DEBUG_ANALYTICS) {
             ~~~~~~~~~~~
    src/lib/analytics.ts:37:19 - error TS2339: Property 'env' does not exist on type 'ImportMeta'.

    37   if (import.meta.env.DEV && import.meta.env.VITE_DEBUG_ANALYTICS) {
                         ~~~
    src/lib/analytics.ts:37:30 - error TS1343: The 'import.meta' meta-property is only allowed when the '--module' option is 'es2020', 'es2022', 'esnext', 'system', 'node16', 'node18', 'node20', or 'nodenext'.

    37   if (import.meta.env.DEV && import.meta.env.VITE_DEBUG_ANALYTICS) {
                                    ~~~~~~~~~~~
    src/lib/analytics.ts:37:42 - error TS2339: Property 'env' does not exist on type 'ImportMeta'.

    37   if (import.meta.env.DEV && import.meta.env.VITE_DEBUG_ANALYTICS) {
                                                ~~~

FAIL tests/SongPlaybackPage.integration.test.tsx
  ??Test suite failed to run

    src/lib/analytics.ts:37:7 - error TS1343: The 'import.meta' meta-property is only allowed when the '--module' option is 'es2020', 'es2022', 'esnext', 'system', 'node16', 'node18', 'node20', or 'nodenext'.

    37   if (import.meta.env.DEV && import.meta.env.VITE_DEBUG_ANALYTICS) {
             ~~~~~~~~~~~
    src/lib/analytics.ts:37:19 - error TS2339: Property 'env' does not exist on type 'ImportMeta'.

    37   if (import.meta.env.DEV && import.meta.env.VITE_DEBUG_ANALYTICS) {
                         ~~~
    src/lib/analytics.ts:37:30 - error TS1343: The 'import.meta' meta-property is only allowed when the '--module' option is 'es2020', 'es2022', 'esnext', 'system', 'node16', 'node18', 'node20', or 'nodenext'.

    37   if (import.meta.env.DEV && import.meta.env.VITE_DEBUG_ANALYTICS) {
                                    ~~~~~~~~~~~
    src/lib/analytics.ts:37:42 - error TS2339: Property 'env' does not exist on type 'ImportMeta'.

    37   if (import.meta.env.DEV && import.meta.env.VITE_DEBUG_ANALYTICS) {
                                                ~~~

FAIL tests/SongSwitcher.test.tsx
  ??Test suite failed to run

    tests/SongSwitcher.test.tsx:10:16 - error TS2665: Invalid module name in augmentation. Module 'jest-axe' resolves to an untyped module at 'C:/Users/Cheney/Documents/Github/LearningSong/frontend/node_modules/.pnpm/jest-axe@10.0.0/node_modules/jest-axe/index.js', which cannot be augmented.

    10 declare module 'jest-axe' {
                      ~~~~~~~~~~
    tests/SongSwitcher.test.tsx:327:23 - error TS2339: Property 'toHaveNoViolations' does not exist on type 'JestMatchers<any>'.

    327       expect(results).toHaveNoViolations()
                              ~~~~~~~~~~~~~~~~~~
    tests/SongSwitcher.test.tsx:341:23 - error TS2339: Property 'toHaveNoViolations' does not exist on type 'JestMatchers<any>'.

    341       expect(results).toHaveNoViolations()
                              ~~~~~~~~~~~~~~~~~~
    tests/SongSwitcher.test.tsx:355:23 - error TS2339: Property 'toHaveNoViolations' does not exist on type 'JestMatchers<any>'.

    355       expect(results).toHaveNoViolations()
                              ~~~~~~~~~~~~~~~~~~

FAIL tests/ShareButton.test.tsx
  ??Test suite failed to run

    src/lib/analytics.ts:37:7 - error TS1343: The 'import.meta' meta-property is only allowed when the '--module' option is 'es2020', 'es2022', 'esnext', 'system', 'node16', 'node18', 'node20', or 'nodenext'.

    37   if (import.meta.env.DEV && import.meta.env.VITE_DEBUG_ANALYTICS) {
             ~~~~~~~~~~~
    src/lib/analytics.ts:37:19 - error TS2339: Property 'env' does not exist on type 'ImportMeta'.

    37   if (import.meta.env.DEV && import.meta.env.VITE_DEBUG_ANALYTICS) {
                         ~~~
    src/lib/analytics.ts:37:30 - error TS1343: The 'import.meta' meta-property is only allowed when the '--module' option is 'es2020', 'es2022', 'esnext', 'system', 'node16', 'node18', 'node20', or 'nodenext'.

    37   if (import.meta.env.DEV && import.meta.env.VITE_DEBUG_ANALYTICS) {
                                    ~~~~~~~~~~~
    src/lib/analytics.ts:37:42 - error TS2339: Property 'env' does not exist on type 'ImportMeta'.

    37   if (import.meta.env.DEV && import.meta.env.VITE_DEBUG_ANALYTICS) {
                                                ~~~

FAIL tests/SongMetadata.props.test.ts
  ??Test suite failed to run

    tests/SongMetadata.props.test.ts:6:10 - error TS2459: Module '"@/components/SongMetadata"' declares 'getTimeRemaining' locally, but it is not exported.

    6 import { getTimeRemaining, formatDate } from '@/components/SongMetadata'
               ~~~~~~~~~~~~~~~~

      src/components/SongMetadata.tsx:5:22
        5 import { formatDate, getTimeRemaining } from '@/lib/song-metadata-utils'
                               ~~~~~~~~~~~~~~~~
        'getTimeRemaining' is declared here.
    tests/SongMetadata.props.test.ts:6:28 - error TS2459: Module '"@/components/SongMetadata"' declares 'formatDate' locally, but it is not exported.

    6 import { getTimeRemaining, formatDate } from '@/components/SongMetadata'
                                 ~~~~~~~~~~

      src/components/SongMetadata.tsx:5:10
        5 import { formatDate, getTimeRemaining } from '@/lib/song-metadata-utils'
                   ~~~~~~~~~~
        'formatDate' is declared here.

FAIL tests/SongMetadata.test.tsx
  ??Test suite failed to run

    tests/SongMetadata.test.tsx:2:24 - error TS2459: Module '"@/components/SongMetadata"' declares 'formatDate' locally, but it is not exported.

    2 import { SongMetadata, formatDate, getTimeRemaining } from '@/components/SongMetadata'
                             ~~~~~~~~~~

      src/components/SongMetadata.tsx:5:10
        5 import { formatDate, getTimeRemaining } from '@/lib/song-metadata-utils'
                   ~~~~~~~~~~
        'formatDate' is declared here.
    tests/SongMetadata.test.tsx:2:36 - error TS2459: Module '"@/components/SongMetadata"' declares 'getTimeRemaining' locally, but it is not exported.

    2 import { SongMetadata, formatDate, getTimeRemaining } from '@/components/SongMetadata'
                                         ~~~~~~~~~~~~~~~~

      src/components/SongMetadata.tsx:5:22
        5 import { formatDate, getTimeRemaining } from '@/lib/song-metadata-utils'
                               ~~~~~~~~~~~~~~~~
        'getTimeRemaining' is declared here.

FAIL tests/LyricsDisplay.props.test.ts
  ??Test suite failed to run

    tests/LyricsDisplay.props.test.ts:7:3 - error TS2459: Module '"@/components/LyricsDisplay"' declares 'parseLyricsIntoSections' locally, but it is not exported.

    7   parseLyricsIntoSections,
        ~~~~~~~~~~~~~~~~~~~~~~~

      src/components/LyricsDisplay.tsx:6:3
        6   parseLyricsIntoSections,
            ~~~~~~~~~~~~~~~~~~~~~~~
        'parseLyricsIntoSections' is declared here.
    tests/LyricsDisplay.props.test.ts:8:3 - error TS2459: Module '"@/components/LyricsDisplay"' declares 'calculateCurrentSection' locally, but it is not exported.

    8   calculateCurrentSection,
        ~~~~~~~~~~~~~~~~~~~~~~~

      src/components/LyricsDisplay.tsx:7:3
        7   calculateCurrentSection,
            ~~~~~~~~~~~~~~~~~~~~~~~
        'calculateCurrentSection' is declared here.

FAIL tests/LyricsDisplay.test.tsx
  ??Test suite failed to run

    tests/LyricsDisplay.test.tsx:2:25 - error TS2459: Module '"@/components/LyricsDisplay"' declares 'parseLyricsIntoSections' locally, but it is not exported.

    2 import { LyricsDisplay, parseLyricsIntoSections, calculateCurrentSection, getWordStateClasses } from '@/components/LyricsDisplay'
                              ~~~~~~~~~~~~~~~~~~~~~~~

      src/components/LyricsDisplay.tsx:6:3
        6   parseLyricsIntoSections,
            ~~~~~~~~~~~~~~~~~~~~~~~
        'parseLyricsIntoSections' is declared here.
    tests/LyricsDisplay.test.tsx:2:50 - error TS2459: Module '"@/components/LyricsDisplay"' declares 'calculateCurrentSection' locally, but it is not exported.

    2 import { LyricsDisplay, parseLyricsIntoSections, calculateCurrentSection, getWordStateClasses } from '@/components/LyricsDisplay'
                                                       ~~~~~~~~~~~~~~~~~~~~~~~

      src/components/LyricsDisplay.tsx:7:3
        7   calculateCurrentSection,
            ~~~~~~~~~~~~~~~~~~~~~~~
        'calculateCurrentSection' is declared here.
    tests/LyricsDisplay.test.tsx:2:75 - error TS2459: Module '"@/components/LyricsDisplay"' declares 'getWordStateClasses' locally, but it is not exported.

    2 import { LyricsDisplay, parseLyricsIntoSections, calculateCurrentSection, getWordStateClasses } from '@/components/LyricsDisplay'
                                                                                ~~~~~~~~~~~~~~~~~~~

      src/components/LyricsDisplay.tsx:8:3
        8   getWordStateClasses
            ~~~~~~~~~~~~~~~~~~~
        'getWordStateClasses' is declared here.

FAIL tests/AudioPlayer.test.tsx
  ??Test suite failed to run

    tests/AudioPlayer.test.tsx:3:23 - error TS2459: Module '"@/components/AudioPlayer"' declares 'formatTime' locally, but it is not exported.

    3 import { AudioPlayer, formatTime, generateDownloadFilename } from '@/components/AudioPlayer'
                            ~~~~~~~~~~

      src/components/AudioPlayer.tsx:6:10
        6 import { formatTime, generateDownloadFilename } from '@/lib/audio-player-utils'
                   ~~~~~~~~~~
        'formatTime' is declared here.
    tests/AudioPlayer.test.tsx:3:35 - error TS2459: Module '"@/components/AudioPlayer"' declares 'generateDownloadFilename' locally, but it is not exported.

    3 import { AudioPlayer, formatTime, generateDownloadFilename } from '@/components/AudioPlayer'
                                        ~~~~~~~~~~~~~~~~~~~~~~~~

      src/components/AudioPlayer.tsx:6:22
        6 import { formatTime, generateDownloadFilename } from '@/lib/audio-player-utils'
                               ~~~~~~~~~~~~~~~~~~~~~~~~
        'generateDownloadFilename' is declared here.

FAIL tests/AudioPlayer.props.test.ts
  ??Test suite failed to run

    tests/AudioPlayer.props.test.ts:6:10 - error TS2459: Module '"@/components/AudioPlayer"' declares 'formatTime' locally, but it is not exported.

    6 import { formatTime, generateDownloadFilename } from '@/components/AudioPlayer'
               ~~~~~~~~~~

      src/components/AudioPlayer.tsx:6:10
        6 import { formatTime, generateDownloadFilename } from '@/lib/audio-player-utils'
                   ~~~~~~~~~~
        'formatTime' is declared here.
    tests/AudioPlayer.props.test.ts:6:22 - error TS2459: Module '"@/components/AudioPlayer"' declares 'generateDownloadFilename' locally, but it is not exported.

    6 import { formatTime, generateDownloadFilename } from '@/components/AudioPlayer'
                           ~~~~~~~~~~~~~~~~~~~~~~~~

      src/components/AudioPlayer.tsx:6:22
        6 import { formatTime, generateDownloadFilename } from '@/lib/audio-player-utils'
                               ~~~~~~~~~~~~~~~~~~~~~~~~
        'generateDownloadFilename' is declared here.

FAIL tests/analytics.props.test.ts
  ??Test suite failed to run

    src/lib/analytics.ts:37:7 - error TS1343: The 'import.meta' meta-property is only allowed when the '--module' option is 'es2020', 'es2022', 'esnext', 'system', 'node16', 'node18', 'node20', or 'nodenext'.

    37   if (import.meta.env.DEV && import.meta.env.VITE_DEBUG_ANALYTICS) {
             ~~~~~~~~~~~
    src/lib/analytics.ts:37:19 - error TS2339: Property 'env' does not exist on type 'ImportMeta'.

    37   if (import.meta.env.DEV && import.meta.env.VITE_DEBUG_ANALYTICS) {
                         ~~~
    src/lib/analytics.ts:37:30 - error TS1343: The 'import.meta' meta-property is only allowed when the '--module' option is 'es2020', 'es2022', 'esnext', 'system', 'node16', 'node18', 'node20', or 'nodenext'.

    37   if (import.meta.env.DEV && import.meta.env.VITE_DEBUG_ANALYTICS) {
                                    ~~~~~~~~~~~
    src/lib/analytics.ts:37:42 - error TS2339: Property 'env' does not exist on type 'ImportMeta'.

    37   if (import.meta.env.DEV && import.meta.env.VITE_DEBUG_ANALYTICS) {
                                                ~~~

1..0
# tests 0
# suites 0
# pass 0
# fail 0
# cancelled 0
# skipped 0
# todo 0
# duration_ms 17281.1412
A worker process has failed to exit gracefully and has been force exited. This is likely caused by tests leaking due to improper teardown. Try running with --detectOpenHandles to find leaks. Active timers can also cause this, ensure that .unref() was called on them.
Summary of all failing tests
FAIL tests/LyricsEditor.test.tsx
  ??LyricsEditor Component ??Accessibility ??has proper label association

    TestingLibraryElementError: Unable to find an element with the text: Edit Lyrics. This could be because the text is broken up by multiple elements. In this case, you can provide a function for your text matcher to make your matcher more flexible.

    Ignored nodes: comments, script, style
    <body>
      <div>
        <div
          class="rounded-xl border bg-card text-card-foreground shadow flex-1 flex flex-col min-h-0"
        >
          <div
            class="p-4 flex-1 flex flex-col min-h-0 gap-2"
          >
            <textarea
              aria-describedby="char-counter lyrics-help lyrics-keyboard-hint"
              aria-invalid="false"
              aria-label="Lyrics editor - edit your song lyrics"
              aria-required="true"
              class="flex w-full rounded-md border border-input bg-transparent px-3 py-2 text-base shadow-sm placeholder:text-muted-foreground focus-visible:outline-none disabled:cursor-not-allowed disabled:opacity-50 md:text-sm flex-1 min-h-[150px] resize-none font-mono focus-visible:ring-2 focus-visible:ring-ring focus-visible:ring-offset-2"
              id="lyrics-editor"
              placeholder="Enter your lyrics here..."
              spellcheck="true"
            />
            <div
              class="flex items-center justify-between shrink-0"
            >
              <p
                aria-live="polite"
                class="text-xs text-muted-foreground"
                id="lyrics-help"
              >
                Edit your lyrics as needed. Undo/redo supported (Ctrl+Z/Ctrl+Y).
              </p>
              <span
                aria-atomic="true"
                aria-live="polite"
                class="text-sm tabular-nums text-muted-foreground"
                id="char-counter"
                role="status"
              >
                <span
                  class="sr-only"
                >
                  0 of 3000 characters used
                </span>
                <span
                  aria-hidden="true"
                >
                  0
                   / 
                  3000
                </span>
              </span>
            </div>
            <p
              class="text-xs text-muted-foreground sr-only"
              id="lyrics-keyboard-hint"
            >
              Use Ctrl+Z to undo and Ctrl+Y or Ctrl+Shift+Z to redo changes.
            </p>
          </div>
        </div>
      </div>
    </body>

      169 |       render(<LyricsEditor />)
      170 |       
    > 171 |       const label = screen.getByText('Edit Lyrics')
          |                            ^
      172 |       expect(label).toHaveAttribute('for', 'lyrics-editor')
      173 |       
      174 |       const textarea = screen.getByRole('textbox')

      at Object.getElementError (node_modules/.pnpm/@testing-library+dom@10.4.1/node_modules/@testing-library/dom/dist/config.js:37:19)
      at node_modules/.pnpm/@testing-library+dom@10.4.1/node_modules/@testing-library/dom/dist/query-helpers.js:76:38
      at node_modules/.pnpm/@testing-library+dom@10.4.1/node_modules/@testing-library/dom/dist/query-helpers.js:52:17
      at node_modules/.pnpm/@testing-library+dom@10.4.1/node_modules/@testing-library/dom/dist/query-helpers.js:95:19
      at Object.<anonymous> (tests/LyricsEditor.test.tsx:171:28)

  ??LyricsEditor Component ??Accessibility ??has role="group" on container with labelledby

    TestingLibraryElementError: Unable to find an accessible element with the role "group"

    Here are the accessible roles:

      textbox:

      Name "Lyrics editor - edit your song lyrics":
      <textarea
        aria-describedby="char-counter lyrics-help lyrics-keyboard-hint"
        aria-invalid="false"
        aria-label="Lyrics editor - edit your song lyrics"
        aria-required="true"
        class="flex w-full rounded-md border border-input bg-transparent px-3 py-2 text-base shadow-sm placeholder:text-muted-foreground focus-visible:outline-none disabled:cursor-not-allowed disabled:opacity-50 md:text-sm flex-1 min-h-[150px] resize-none font-mono focus-visible:ring-2 focus-visible:ring-ring focus-visible:ring-offset-2"
        id="lyrics-editor"
        placeholder="Enter your lyrics here..."
        spellcheck="true"
      />

      --------------------------------------------------
      paragraph:

      Name "":
      <p
        aria-live="polite"
        class="text-xs text-muted-foreground"
        id="lyrics-help"
      />

      Name "":
      <p
        class="text-xs text-muted-foreground sr-only"
        id="lyrics-keyboard-hint"
      />

      --------------------------------------------------
      status:

      Name "":
      <span
        aria-atomic="true"
        aria-live="polite"
        class="text-sm tabular-nums text-muted-foreground"
        id="char-counter"
        role="status"
      />

      --------------------------------------------------

    Ignored nodes: comments, script, style
    <body>
      <div>
        <div
          class="rounded-xl border bg-card text-card-foreground shadow flex-1 flex flex-col min-h-0"
        >
          <div
            class="p-4 flex-1 flex flex-col min-h-0 gap-2"
          >
            <textarea
              aria-describedby="char-counter lyrics-help lyrics-keyboard-hint"
              aria-invalid="false"
              aria-label="Lyrics editor - edit your song lyrics"
              aria-required="true"
              class="flex w-full rounded-md border border-input bg-transparent px-3 py-2 text-base shadow-sm placeholder:text-muted-foreground focus-visible:outline-none disabled:cursor-not-allowed disabled:opacity-50 md:text-sm flex-1 min-h-[150px] resize-none font-mono focus-visible:ring-2 focus-visible:ring-ring focus-visible:ring-offset-2"
              id="lyrics-editor"
              placeholder="Enter your lyrics here..."
              spellcheck="true"
            />
            <div
              class="flex items-center justify-between shrink-0"
            >
              <p
                aria-live="polite"
                class="text-xs text-muted-foreground"
                id="lyrics-help"
              >
                Edit your lyrics as needed. Undo/redo supported (Ctrl+Z/Ctrl+Y).
              </p>
              <span
                aria-atomic="true"
                aria-live="polite"
                class="text-sm tabular-nums text-muted-foreground"
                id="char-counter"
                role="status"
              >
                <span
                  class="sr-only"
                >
                  0 of 3000 characters used
                </span>
                <span
                  aria-hidden="true"
                >
                  0
                   / 
                  3000
                </span>
              </span>
            </div>
            <p
              class="text-xs text-muted-foreground sr-only"
              id="lyrics-keyboard-hint"
            >
              Use Ctrl+Z to undo and Ctrl+Y or Ctrl+Shift+Z to redo changes.
            </p>
          </div>
        </div>
      </div>
    </body>

      208 |       render(<LyricsEditor />)
      209 |       
    > 210 |       const group = screen.getByRole('group')
          |                            ^
      211 |       expect(group).toHaveAttribute('aria-labelledby', 'lyrics-editor-label')
      212 |     })
      213 |   })

      at Object.getElementError (node_modules/.pnpm/@testing-library+dom@10.4.1/node_modules/@testing-library/dom/dist/config.js:37:19)
      at node_modules/.pnpm/@testing-library+dom@10.4.1/node_modules/@testing-library/dom/dist/query-helpers.js:76:38
      at node_modules/.pnpm/@testing-library+dom@10.4.1/node_modules/@testing-library/dom/dist/query-helpers.js:52:17
      at node_modules/.pnpm/@testing-library+dom@10.4.1/node_modules/@testing-library/dom/dist/query-helpers.js:95:19
      at Object.<anonymous> (tests/LyricsEditor.test.tsx:210:28)

FAIL tests/TextInputPage.integration.test.tsx (11.731 s)
  ??TextInputPage Integration Tests ??Authentication Flow ??renders page when authenticated

    Unable to find an element with the text: Create Your Learning Song. This could be because the text is broken up by multiple elements. In this case, you can provide a function for your text matcher to make your matcher more flexible.

    Ignored nodes: comments, script, style
    <body>
      <div>
        <div
          class="h-screen flex flex-col bg-background"
        >
          <a
            class="sr-only focus:not-sr-only focus:absolute focus:top-4 focus:left-4 focus:z-50 focus:px-4 focus:py-2 focus:bg-primary focus:text-primary-foreground focus:rounded-md focus:ring-2 focus:ring-ring focus:ring-offset-2"
            href="#main-content"
          >
            Skip to main content
          </a>
          <header
            class="border-b shrink-0"
            role="banner"
          >
            <div
              class="container mx-auto px-4 py-3"
            >
              <div
                class="flex items-center justify-between"
              >
                <div
                  class="text-left"
                >
                  <h1
                    class="text-2xl font-bold tracking-tight"
                  >
                    LearningSong
                  </h1>
                  <p
                    class="text-muted-foreground text-sm"
                  >
                    Transform your learning materials into memorable songs
                  </p>
                </div>
                <div
                  class="flex items-center gap-4"
                >
                  <nav
                    aria-label="Main navigation"
                    class="flex items-center gap-1 sm:gap-2"
                  >
                    <a
                      aria-current="page"
                      class="px-2 py-1 sm:px-3 sm:py-1.5 text-xs sm:text-sm rounded-md transition-colors hover:bg-accent hover:text-accent-foreground focus-visible:outline-none focus-visible:ring-2 focus-visible:ring-ring focus-visible:ring-offset-2 bg-primary text-primary-foreground font-medium"
                      data-discover="true"
                      href="/"
                    >
                      <span
                        class="hidden sm:inline"
                      >
                        Text Input
                      </span>
                      <span
                        class="sm:hidden"
                      >
                        Input
                      </span>
                    </a>
                    <a
                      class="px-2 py-1 sm:px-3 sm:py-1.5 text-xs sm:text-sm rounded-md transition-colors hover:bg-accent hover:text-accent-foreground focus-visible:outline-none focus-visible:ring-2 focus-visible:ring-ring focus-visible:ring-offset-2 text-muted-foreground"
                      data-discover="true"
                      href="/lyrics-edit"
                    >
                      <span
                        class="hidden sm:inline"
                      >
                        Lyrics Editing
                      </span>
                      <span
                        class="sm:hidden"
                      >
                        Lyrics
                      </span>
                    </a>
                    <a
                      class="px-2 py-1 sm:px-3 sm:py-1.5 text-xs sm:text-sm rounded-md transition-colors hover:bg-accent hover:text-accent-foreground focus-visible:outline-none focus-visible:ring-2 focus-visible:ring-ring focus-visible:ring-offset-2 text-muted-foreground"
                      data-discover="true"
                      href="/history"
                    >
                      <span
                        class="hidden sm:inline"
                      >
                        My Songs
                      </span>
                      <span
                        class="sm:hidden"
                      >
                        Songs
                      </span>
                    </a>
                    <a
                      class="px-2 py-1 sm:px-3 sm:py-1.5 text-xs sm:text-sm rounded-md transition-colors hover:bg-accent hover:text-accent-foreground focus-visible:outline-none focus-visible:ring-2 focus-visible:ring-ring focus-visible:ring-offset-2 text-muted-foreground"
                      data-discover="true"
                      href="/playback"
                    >
                      <span
                        class="hidden sm:inline"
                      >
                        Song Playback
                      </span>
                      <span
                        class="sm:hidden"
                      >
                        Playback
                      </span>
                    </a>
                  </nav>
                  <div
                    aria-atomic="true"
                    aria-live="polite"
                    class="space-y-1"
                    role="status"
                  >
                    <div
                      class="flex items-center space-x-2 text-sm font-medium text-green-700 dark:text-green-500"
                    >
                      <span
                        aria-label="3 of 3 songs remaining today"
                      >
                        嚙踝蕭 
                        3
                        /
                        3
                         songs remaining today
                      </span>
                    </div>
                  </div>
                </div>
              </div>
            </div>
          </header>
          <main
            class="flex-1 flex flex-col min-h-0 container mx-auto px-4 py-4"
            id="main-content"
            role="main"
          >
            <div
              class="max-w-4xl mx-auto flex-1 flex flex-col min-h-0 w-full"
            >
              <div
                class="space-y-1 text-left mb-3 shrink-0"
              >
                <div
                  class="flex items-center gap-2"
       ...

      84 |       renderWithProviders(<TextInputPage />)
      85 |       
    > 86 |       await waitFor(() => {
         |                    ^
      87 |         expect(screen.getByText('LearningSong')).toBeInTheDocument()
      88 |         expect(screen.getByText('Create Your Learning Song')).toBeInTheDocument()
      89 |       })

      at waitForWrapper (node_modules/.pnpm/@testing-library+dom@10.4.1/node_modules/@testing-library/dom/dist/wait-for.js:163:27)
      at tests/TextInputPage.integration.test.tsx:86:20
      at tests/TextInputPage.integration.test.tsx:41:71
      at __awaiter (tests/TextInputPage.integration.test.tsx:37:12)
      at Object.<anonymous> (tests/TextInputPage.integration.test.tsx:83:54)

  ??TextInputPage Integration Tests ??Accessibility ??has proper heading hierarchy

    Unable to find role="heading" and name "Create Your Learning Song"

    Ignored nodes: comments, script, style
    <body>
      <div>
        <div
          class="h-screen flex flex-col bg-background"
        >
          <a
            class="sr-only focus:not-sr-only focus:absolute focus:top-4 focus:left-4 focus:z-50 focus:px-4 focus:py-2 focus:bg-primary focus:text-primary-foreground focus:rounded-md focus:ring-2 focus:ring-ring focus:ring-offset-2"
            href="#main-content"
          >
            Skip to main content
          </a>
          <header
            class="border-b shrink-0"
            role="banner"
          >
            <div
              class="container mx-auto px-4 py-3"
            >
              <div
                class="flex items-center justify-between"
              >
                <div
                  class="text-left"
                >
                  <h1
                    class="text-2xl font-bold tracking-tight"
                  >
                    LearningSong
                  </h1>
                  <p
                    class="text-muted-foreground text-sm"
                  >
                    Transform your learning materials into memorable songs
                  </p>
                </div>
                <div
                  class="flex items-center gap-4"
                >
                  <nav
                    aria-label="Main navigation"
                    class="flex items-center gap-1 sm:gap-2"
                  >
                    <a
                      class="px-2 py-1 sm:px-3 sm:py-1.5 text-xs sm:text-sm rounded-md transition-colors hover:bg-accent hover:text-accent-foreground focus-visible:outline-none focus-visible:ring-2 focus-visible:ring-ring focus-visible:ring-offset-2 text-muted-foreground"
                      data-discover="true"
                      href="/"
                    >
                      <span
                        class="hidden sm:inline"
                      >
                        Text Input
                      </span>
                      <span
                        class="sm:hidden"
                      >
                        Input
                      </span>
                    </a>
                    <a
                      aria-current="page"
                      class="px-2 py-1 sm:px-3 sm:py-1.5 text-xs sm:text-sm rounded-md transition-colors hover:bg-accent hover:text-accent-foreground focus-visible:outline-none focus-visible:ring-2 focus-visible:ring-ring focus-visible:ring-offset-2 bg-primary text-primary-foreground font-medium"
                      data-discover="true"
                      href="/lyrics-edit"
                    >
                      <span
                        class="hidden sm:inline"
                      >
                        Lyrics Editing
                      </span>
                      <span
                        class="sm:hidden"
                      >
                        Lyrics
                      </span>
                    </a>
                    <a
                      class="px-2 py-1 sm:px-3 sm:py-1.5 text-xs sm:text-sm rounded-md transition-colors hover:bg-accent hover:text-accent-foreground focus-visible:outline-none focus-visible:ring-2 focus-visible:ring-ring focus-visible:ring-offset-2 text-muted-foreground"
                      data-discover="true"
                      href="/history"
                    >
                      <span
                        class="hidden sm:inline"
                      >
                        My Songs
                      </span>
                      <span
                        class="sm:hidden"
                      >
                        Songs
                      </span>
                    </a>
                    <a
                      class="px-2 py-1 sm:px-3 sm:py-1.5 text-xs sm:text-sm rounded-md transition-colors hover:bg-accent hover:text-accent-foreground focus-visible:outline-none focus-visible:ring-2 focus-visible:ring-ring focus-visible:ring-offset-2 text-muted-foreground"
                      data-discover="true"
                      href="/playback"
                    >
                      <span
                        class="hidden sm:inline"
                      >
                        Song Playback
                      </span>
                      <span
                        class="sm:hidden"
                      >
                        Playback
                      </span>
                    </a>
                  </nav>
                  <div
                    aria-atomic="true"
                    aria-live="polite"
                    class="space-y-1"
                    role="status"
                  >
                    <div
                      class="flex items-center space-x-2 text-sm font-medium text-green-700 dark:text-green-500"
                    >
                      <span
                        aria-label="3 of 3 songs remaining today"
                      >
                        嚙踝蕭 
                        3
                        /
                        3
                         songs remaining today
                      </span>
                    </div>
                  </div>
                </div>
              </div>
            </div>
          </header>
          <main
            class="flex-1 flex flex-col min-h-0 container mx-auto px-4 py-4"
            id="main-content"
            role="main"
          >
            <div
              class="max-w-4xl mx-auto flex-1 flex flex-col min-h-0 w-full"
            >
              <div
                class="space-y-1 text-left mb-3 shrink-0"
              >
                <div
                  class="flex items-center gap-2"
       ...

      337 |       renderWithProviders(<TextInputPage />)
      338 |       
    > 339 |       await waitFor(() => {
          |                    ^
      340 |         expect(screen.getByRole('heading', { level: 1, name: 'LearningSong' })).toBeInTheDocument()
      341 |         expect(screen.getByRole('heading', { level: 2, name: 'Create Your Learning Song' })).toBeInTheDocument()
      342 |       })

      at waitForWrapper (node_modules/.pnpm/@testing-library+dom@10.4.1/node_modules/@testing-library/dom/dist/wait-for.js:163:27)
      at tests/TextInputPage.integration.test.tsx:339:20
      at tests/TextInputPage.integration.test.tsx:41:71
      at __awaiter (tests/TextInputPage.integration.test.tsx:37:12)
      at Object.<anonymous> (tests/TextInputPage.integration.test.tsx:336:51)

FAIL tests/SongPlaybackPage.offset.test.tsx
  ??Test suite failed to run

    src/lib/analytics.ts:37:7 - error TS1343: The 'import.meta' meta-property is only allowed when the '--module' option is 'es2020', 'es2022', 'esnext', 'system', 'node16', 'node18', 'node20', or 'nodenext'.

    37   if (import.meta.env.DEV && import.meta.env.VITE_DEBUG_ANALYTICS) {
             ~~~~~~~~~~~
    src/lib/analytics.ts:37:19 - error TS2339: Property 'env' does not exist on type 'ImportMeta'.

    37   if (import.meta.env.DEV && import.meta.env.VITE_DEBUG_ANALYTICS) {
                         ~~~
    src/lib/analytics.ts:37:30 - error TS1343: The 'import.meta' meta-property is only allowed when the '--module' option is 'es2020', 'es2022', 'esnext', 'system', 'node16', 'node18', 'node20', or 'nodenext'.

    37   if (import.meta.env.DEV && import.meta.env.VITE_DEBUG_ANALYTICS) {
                                    ~~~~~~~~~~~
    src/lib/analytics.ts:37:42 - error TS2339: Property 'env' does not exist on type 'ImportMeta'.

    37   if (import.meta.env.DEV && import.meta.env.VITE_DEBUG_ANALYTICS) {
                                                ~~~

FAIL tests/SongPlaybackPage.integration.test.tsx
  ??Test suite failed to run

    src/lib/analytics.ts:37:7 - error TS1343: The 'import.meta' meta-property is only allowed when the '--module' option is 'es2020', 'es2022', 'esnext', 'system', 'node16', 'node18', 'node20', or 'nodenext'.

    37   if (import.meta.env.DEV && import.meta.env.VITE_DEBUG_ANALYTICS) {
             ~~~~~~~~~~~
    src/lib/analytics.ts:37:19 - error TS2339: Property 'env' does not exist on type 'ImportMeta'.

    37   if (import.meta.env.DEV && import.meta.env.VITE_DEBUG_ANALYTICS) {
                         ~~~
    src/lib/analytics.ts:37:30 - error TS1343: The 'import.meta' meta-property is only allowed when the '--module' option is 'es2020', 'es2022', 'esnext', 'system', 'node16', 'node18', 'node20', or 'nodenext'.

    37   if (import.meta.env.DEV && import.meta.env.VITE_DEBUG_ANALYTICS) {
                                    ~~~~~~~~~~~
    src/lib/analytics.ts:37:42 - error TS2339: Property 'env' does not exist on type 'ImportMeta'.

    37   if (import.meta.env.DEV && import.meta.env.VITE_DEBUG_ANALYTICS) {
                                                ~~~

FAIL tests/SongSwitcher.test.tsx
  ??Test suite failed to run

    tests/SongSwitcher.test.tsx:10:16 - error TS2665: Invalid module name in augmentation. Module 'jest-axe' resolves to an untyped module at 'C:/Users/Cheney/Documents/Github/LearningSong/frontend/node_modules/.pnpm/jest-axe@10.0.0/node_modules/jest-axe/index.js', which cannot be augmented.

    10 declare module 'jest-axe' {
                      ~~~~~~~~~~
    tests/SongSwitcher.test.tsx:327:23 - error TS2339: Property 'toHaveNoViolations' does not exist on type 'JestMatchers<any>'.

    327       expect(results).toHaveNoViolations()
                              ~~~~~~~~~~~~~~~~~~
    tests/SongSwitcher.test.tsx:341:23 - error TS2339: Property 'toHaveNoViolations' does not exist on type 'JestMatchers<any>'.

    341       expect(results).toHaveNoViolations()
                              ~~~~~~~~~~~~~~~~~~
    tests/SongSwitcher.test.tsx:355:23 - error TS2339: Property 'toHaveNoViolations' does not exist on type 'JestMatchers<any>'.

    355       expect(results).toHaveNoViolations()
                              ~~~~~~~~~~~~~~~~~~

FAIL tests/ShareButton.test.tsx
  ??Test suite failed to run

    src/lib/analytics.ts:37:7 - error TS1343: The 'import.meta' meta-property is only allowed when the '--module' option is 'es2020', 'es2022', 'esnext', 'system', 'node16', 'node18', 'node20', or 'nodenext'.

    37   if (import.meta.env.DEV && import.meta.env.VITE_DEBUG_ANALYTICS) {
             ~~~~~~~~~~~
    src/lib/analytics.ts:37:19 - error TS2339: Property 'env' does not exist on type 'ImportMeta'.

    37   if (import.meta.env.DEV && import.meta.env.VITE_DEBUG_ANALYTICS) {
                         ~~~
    src/lib/analytics.ts:37:30 - error TS1343: The 'import.meta' meta-property is only allowed when the '--module' option is 'es2020', 'es2022', 'esnext', 'system', 'node16', 'node18', 'node20', or 'nodenext'.

    37   if (import.meta.env.DEV && import.meta.env.VITE_DEBUG_ANALYTICS) {
                                    ~~~~~~~~~~~
    src/lib/analytics.ts:37:42 - error TS2339: Property 'env' does not exist on type 'ImportMeta'.

    37   if (import.meta.env.DEV && import.meta.env.VITE_DEBUG_ANALYTICS) {
                                                ~~~

FAIL tests/SongMetadata.props.test.ts
  ??Test suite failed to run

    tests/SongMetadata.props.test.ts:6:10 - error TS2459: Module '"@/components/SongMetadata"' declares 'getTimeRemaining' locally, but it is not exported.

    6 import { getTimeRemaining, formatDate } from '@/components/SongMetadata'
               ~~~~~~~~~~~~~~~~

      src/components/SongMetadata.tsx:5:22
        5 import { formatDate, getTimeRemaining } from '@/lib/song-metadata-utils'
                               ~~~~~~~~~~~~~~~~
        'getTimeRemaining' is declared here.
    tests/SongMetadata.props.test.ts:6:28 - error TS2459: Module '"@/components/SongMetadata"' declares 'formatDate' locally, but it is not exported.

    6 import { getTimeRemaining, formatDate } from '@/components/SongMetadata'
                                 ~~~~~~~~~~

      src/components/SongMetadata.tsx:5:10
        5 import { formatDate, getTimeRemaining } from '@/lib/song-metadata-utils'
                   ~~~~~~~~~~
        'formatDate' is declared here.

FAIL tests/SongMetadata.test.tsx
  ??Test suite failed to run

    tests/SongMetadata.test.tsx:2:24 - error TS2459: Module '"@/components/SongMetadata"' declares 'formatDate' locally, but it is not exported.

    2 import { SongMetadata, formatDate, getTimeRemaining } from '@/components/SongMetadata'
                             ~~~~~~~~~~

      src/components/SongMetadata.tsx:5:10
        5 import { formatDate, getTimeRemaining } from '@/lib/song-metadata-utils'
                   ~~~~~~~~~~
        'formatDate' is declared here.
    tests/SongMetadata.test.tsx:2:36 - error TS2459: Module '"@/components/SongMetadata"' declares 'getTimeRemaining' locally, but it is not exported.

    2 import { SongMetadata, formatDate, getTimeRemaining } from '@/components/SongMetadata'
                                         ~~~~~~~~~~~~~~~~

      src/components/SongMetadata.tsx:5:22
        5 import { formatDate, getTimeRemaining } from '@/lib/song-metadata-utils'
                               ~~~~~~~~~~~~~~~~
        'getTimeRemaining' is declared here.

FAIL tests/LyricsDisplay.props.test.ts
  ??Test suite failed to run

    tests/LyricsDisplay.props.test.ts:7:3 - error TS2459: Module '"@/components/LyricsDisplay"' declares 'parseLyricsIntoSections' locally, but it is not exported.

    7   parseLyricsIntoSections,
        ~~~~~~~~~~~~~~~~~~~~~~~

      src/components/LyricsDisplay.tsx:6:3
        6   parseLyricsIntoSections,
            ~~~~~~~~~~~~~~~~~~~~~~~
        'parseLyricsIntoSections' is declared here.
    tests/LyricsDisplay.props.test.ts:8:3 - error TS2459: Module '"@/components/LyricsDisplay"' declares 'calculateCurrentSection' locally, but it is not exported.

    8   calculateCurrentSection,
        ~~~~~~~~~~~~~~~~~~~~~~~

      src/components/LyricsDisplay.tsx:7:3
        7   calculateCurrentSection,
            ~~~~~~~~~~~~~~~~~~~~~~~
        'calculateCurrentSection' is declared here.

FAIL tests/LyricsDisplay.test.tsx
  ??Test suite failed to run

    tests/LyricsDisplay.test.tsx:2:25 - error TS2459: Module '"@/components/LyricsDisplay"' declares 'parseLyricsIntoSections' locally, but it is not exported.

    2 import { LyricsDisplay, parseLyricsIntoSections, calculateCurrentSection, getWordStateClasses } from '@/components/LyricsDisplay'
                              ~~~~~~~~~~~~~~~~~~~~~~~

      src/components/LyricsDisplay.tsx:6:3
        6   parseLyricsIntoSections,
            ~~~~~~~~~~~~~~~~~~~~~~~
        'parseLyricsIntoSections' is declared here.
    tests/LyricsDisplay.test.tsx:2:50 - error TS2459: Module '"@/components/LyricsDisplay"' declares 'calculateCurrentSection' locally, but it is not exported.

    2 import { LyricsDisplay, parseLyricsIntoSections, calculateCurrentSection, getWordStateClasses } from '@/components/LyricsDisplay'
                                                       ~~~~~~~~~~~~~~~~~~~~~~~

      src/components/LyricsDisplay.tsx:7:3
        7   calculateCurrentSection,
            ~~~~~~~~~~~~~~~~~~~~~~~
        'calculateCurrentSection' is declared here.
    tests/LyricsDisplay.test.tsx:2:75 - error TS2459: Module '"@/components/LyricsDisplay"' declares 'getWordStateClasses' locally, but it is not exported.

    2 import { LyricsDisplay, parseLyricsIntoSections, calculateCurrentSection, getWordStateClasses } from '@/components/LyricsDisplay'
                                                                                ~~~~~~~~~~~~~~~~~~~

      src/components/LyricsDisplay.tsx:8:3
        8   getWordStateClasses
            ~~~~~~~~~~~~~~~~~~~
        'getWordStateClasses' is declared here.

FAIL tests/AudioPlayer.test.tsx
  ??Test suite failed to run

    tests/AudioPlayer.test.tsx:3:23 - error TS2459: Module '"@/components/AudioPlayer"' declares 'formatTime' locally, but it is not exported.

    3 import { AudioPlayer, formatTime, generateDownloadFilename } from '@/components/AudioPlayer'
                            ~~~~~~~~~~

      src/components/AudioPlayer.tsx:6:10
        6 import { formatTime, generateDownloadFilename } from '@/lib/audio-player-utils'
                   ~~~~~~~~~~
        'formatTime' is declared here.
    tests/AudioPlayer.test.tsx:3:35 - error TS2459: Module '"@/components/AudioPlayer"' declares 'generateDownloadFilename' locally, but it is not exported.

    3 import { AudioPlayer, formatTime, generateDownloadFilename } from '@/components/AudioPlayer'
                                        ~~~~~~~~~~~~~~~~~~~~~~~~

      src/components/AudioPlayer.tsx:6:22
        6 import { formatTime, generateDownloadFilename } from '@/lib/audio-player-utils'
                               ~~~~~~~~~~~~~~~~~~~~~~~~
        'generateDownloadFilename' is declared here.

FAIL tests/AudioPlayer.props.test.ts
  ??Test suite failed to run

    tests/AudioPlayer.props.test.ts:6:10 - error TS2459: Module '"@/components/AudioPlayer"' declares 'formatTime' locally, but it is not exported.

    6 import { formatTime, generateDownloadFilename } from '@/components/AudioPlayer'
               ~~~~~~~~~~

      src/components/AudioPlayer.tsx:6:10
        6 import { formatTime, generateDownloadFilename } from '@/lib/audio-player-utils'
                   ~~~~~~~~~~
        'formatTime' is declared here.
    tests/AudioPlayer.props.test.ts:6:22 - error TS2459: Module '"@/components/AudioPlayer"' declares 'generateDownloadFilename' locally, but it is not exported.

    6 import { formatTime, generateDownloadFilename } from '@/components/AudioPlayer'
                           ~~~~~~~~~~~~~~~~~~~~~~~~

      src/components/AudioPlayer.tsx:6:22
        6 import { formatTime, generateDownloadFilename } from '@/lib/audio-player-utils'
                               ~~~~~~~~~~~~~~~~~~~~~~~~
        'generateDownloadFilename' is declared here.

FAIL tests/analytics.props.test.ts
  ??Test suite failed to run

    src/lib/analytics.ts:37:7 - error TS1343: The 'import.meta' meta-property is only allowed when the '--module' option is 'es2020', 'es2022', 'esnext', 'system', 'node16', 'node18', 'node20', or 'nodenext'.

    37   if (import.meta.env.DEV && import.meta.env.VITE_DEBUG_ANALYTICS) {
             ~~~~~~~~~~~
    src/lib/analytics.ts:37:19 - error TS2339: Property 'env' does not exist on type 'ImportMeta'.

    37   if (import.meta.env.DEV && import.meta.env.VITE_DEBUG_ANALYTICS) {
                         ~~~
    src/lib/analytics.ts:37:30 - error TS1343: The 'import.meta' meta-property is only allowed when the '--module' option is 'es2020', 'es2022', 'esnext', 'system', 'node16', 'node18', 'node20', or 'nodenext'.

    37   if (import.meta.env.DEV && import.meta.env.VITE_DEBUG_ANALYTICS) {
                                    ~~~~~~~~~~~
    src/lib/analytics.ts:37:42 - error TS2339: Property 'env' does not exist on type 'ImportMeta'.

    37   if (import.meta.env.DEV && import.meta.env.VITE_DEBUG_ANALYTICS) {
                                                ~~~


Test Suites: 13 failed, 35 passed, 48 total
Tests:       4 failed, 531 passed, 535 total
Snapshots:   0 total
Time:        47.858 s
Ran all test suites.
?LIFECYCLE??Test failed. See above for more details.
